Archive member included to satisfy reference by file (symbol)

c:/st/stm32cubeide_1.0.2/stm32cubeide/plugins/com.st.stm32cube.ide.mcu.externaltools.gnu-tools-for-stm32.7-2018-q2-update.win32_1.0.0.201904181610/tools/bin/../lib/gcc/arm-none-eabi/7.3.1/../../../../arm-none-eabi/lib/thumb/v7-m\libc_nano.a(lib_a-errno.o)
                              Core/Src/syscalls.o (__errno)
c:/st/stm32cubeide_1.0.2/stm32cubeide/plugins/com.st.stm32cube.ide.mcu.externaltools.gnu-tools-for-stm32.7-2018-q2-update.win32_1.0.0.201904181610/tools/bin/../lib/gcc/arm-none-eabi/7.3.1/../../../../arm-none-eabi/lib/thumb/v7-m\libc_nano.a(lib_a-exit.o)
                              c:/st/stm32cubeide_1.0.2/stm32cubeide/plugins/com.st.stm32cube.ide.mcu.externaltools.gnu-tools-for-stm32.7-2018-q2-update.win32_1.0.0.201904181610/tools/bin/../lib/gcc/arm-none-eabi/7.3.1/../../../../arm-none-eabi/lib/thumb/v7-m/crt0.o (exit)
c:/st/stm32cubeide_1.0.2/stm32cubeide/plugins/com.st.stm32cube.ide.mcu.externaltools.gnu-tools-for-stm32.7-2018-q2-update.win32_1.0.0.201904181610/tools/bin/../lib/gcc/arm-none-eabi/7.3.1/../../../../arm-none-eabi/lib/thumb/v7-m\libc_nano.a(lib_a-impure.o)
                              c:/st/stm32cubeide_1.0.2/stm32cubeide/plugins/com.st.stm32cube.ide.mcu.externaltools.gnu-tools-for-stm32.7-2018-q2-update.win32_1.0.0.201904181610/tools/bin/../lib/gcc/arm-none-eabi/7.3.1/../../../../arm-none-eabi/lib/thumb/v7-m\libc_nano.a(lib_a-exit.o) (_global_impure_ptr)
c:/st/stm32cubeide_1.0.2/stm32cubeide/plugins/com.st.stm32cube.ide.mcu.externaltools.gnu-tools-for-stm32.7-2018-q2-update.win32_1.0.0.201904181610/tools/bin/../lib/gcc/arm-none-eabi/7.3.1/../../../../arm-none-eabi/lib/thumb/v7-m\libc_nano.a(lib_a-init.o)
                              c:/st/stm32cubeide_1.0.2/stm32cubeide/plugins/com.st.stm32cube.ide.mcu.externaltools.gnu-tools-for-stm32.7-2018-q2-update.win32_1.0.0.201904181610/tools/bin/../lib/gcc/arm-none-eabi/7.3.1/../../../../arm-none-eabi/lib/thumb/v7-m/crt0.o (__libc_init_array)
c:/st/stm32cubeide_1.0.2/stm32cubeide/plugins/com.st.stm32cube.ide.mcu.externaltools.gnu-tools-for-stm32.7-2018-q2-update.win32_1.0.0.201904181610/tools/bin/../lib/gcc/arm-none-eabi/7.3.1/../../../../arm-none-eabi/lib/thumb/v7-m\libc_nano.a(lib_a-memset.o)
                              c:/st/stm32cubeide_1.0.2/stm32cubeide/plugins/com.st.stm32cube.ide.mcu.externaltools.gnu-tools-for-stm32.7-2018-q2-update.win32_1.0.0.201904181610/tools/bin/../lib/gcc/arm-none-eabi/7.3.1/../../../../arm-none-eabi/lib/thumb/v7-m/crt0.o (memset)
c:/st/stm32cubeide_1.0.2/stm32cubeide/plugins/com.st.stm32cube.ide.mcu.externaltools.gnu-tools-for-stm32.7-2018-q2-update.win32_1.0.0.201904181610/tools/bin/../lib/gcc/arm-none-eabi/7.3.1/../../../../arm-none-eabi/lib/thumb/v7-m\libc_nano.a(lib_a-sprintf.o)
                              Core/Src/sd_wr.o (sprintf)
c:/st/stm32cubeide_1.0.2/stm32cubeide/plugins/com.st.stm32cube.ide.mcu.externaltools.gnu-tools-for-stm32.7-2018-q2-update.win32_1.0.0.201904181610/tools/bin/../lib/gcc/arm-none-eabi/7.3.1/../../../../arm-none-eabi/lib/thumb/v7-m\libc_nano.a(lib_a-strcpy.o)
                              Core/Src/sd_wr.o (strcpy)
c:/st/stm32cubeide_1.0.2/stm32cubeide/plugins/com.st.stm32cube.ide.mcu.externaltools.gnu-tools-for-stm32.7-2018-q2-update.win32_1.0.0.201904181610/tools/bin/../lib/gcc/arm-none-eabi/7.3.1/../../../../arm-none-eabi/lib/thumb/v7-m\libc_nano.a(lib_a-nano-svfprintf.o)
                              c:/st/stm32cubeide_1.0.2/stm32cubeide/plugins/com.st.stm32cube.ide.mcu.externaltools.gnu-tools-for-stm32.7-2018-q2-update.win32_1.0.0.201904181610/tools/bin/../lib/gcc/arm-none-eabi/7.3.1/../../../../arm-none-eabi/lib/thumb/v7-m\libc_nano.a(lib_a-sprintf.o) (_svfprintf_r)
c:/st/stm32cubeide_1.0.2/stm32cubeide/plugins/com.st.stm32cube.ide.mcu.externaltools.gnu-tools-for-stm32.7-2018-q2-update.win32_1.0.0.201904181610/tools/bin/../lib/gcc/arm-none-eabi/7.3.1/../../../../arm-none-eabi/lib/thumb/v7-m\libc_nano.a(lib_a-nano-vfprintf_i.o)
                              c:/st/stm32cubeide_1.0.2/stm32cubeide/plugins/com.st.stm32cube.ide.mcu.externaltools.gnu-tools-for-stm32.7-2018-q2-update.win32_1.0.0.201904181610/tools/bin/../lib/gcc/arm-none-eabi/7.3.1/../../../../arm-none-eabi/lib/thumb/v7-m\libc_nano.a(lib_a-nano-svfprintf.o) (_printf_i)
c:/st/stm32cubeide_1.0.2/stm32cubeide/plugins/com.st.stm32cube.ide.mcu.externaltools.gnu-tools-for-stm32.7-2018-q2-update.win32_1.0.0.201904181610/tools/bin/../lib/gcc/arm-none-eabi/7.3.1/../../../../arm-none-eabi/lib/thumb/v7-m\libc_nano.a(lib_a-memchr-stub.o)
                              c:/st/stm32cubeide_1.0.2/stm32cubeide/plugins/com.st.stm32cube.ide.mcu.externaltools.gnu-tools-for-stm32.7-2018-q2-update.win32_1.0.0.201904181610/tools/bin/../lib/gcc/arm-none-eabi/7.3.1/../../../../arm-none-eabi/lib/thumb/v7-m\libc_nano.a(lib_a-nano-svfprintf.o) (memchr)
[...]
Memory Configuration

Name             Origin             Length             Attributes
RAM              0x0000000020000000 0x0000000000005000 xrw
FLASH            0x0000000008000000 0x0000000000010000 xr
*default*        0x0000000000000000 0xffffffffffffffff

Linker script and memory map

LOAD c:/st/stm32cubeide_1.0.2/stm32cubeide/plugins/com.st.stm32cube.ide.mcu.externaltools.gnu-tools-for-stm32.7-2018-q2-update.win32_1.0.0.201904181610/tools/bin/../lib/gcc/arm-none-eabi/7.3.1/thumb/v7-m/crti.o
LOAD c:/st/stm32cubeide_1.0.2/stm32cubeide/plugins/com.st.stm32cube.ide.mcu.externaltools.gnu-tools-for-stm32.7-2018-q2-update.win32_1.0.0.201904181610/tools/bin/../lib/gcc/arm-none-eabi/7.3.1/thumb/v7-m/crtbegin.o
LOAD c:/st/stm32cubeide_1.0.2/stm32cubeide/plugins/com.st.stm32cube.ide.mcu.externaltools.gnu-tools-for-stm32.7-2018-q2-update.win32_1.0.0.201904181610/tools/bin/../lib/gcc/arm-none-eabi/7.3.1/../../../../arm-none-eabi/lib/thumb/v7-m/crt0.o
LOAD Core/Src/fatfs_sd.o
LOAD Core/Src/main.o
LOAD Core/Src/sd_wr.o
LOAD Core/Src/stm32f1xx_hal_msp.o
LOAD Core/Src/stm32f1xx_it.o
LOAD Core/Src/syscalls.o
LOAD Core/Src/sysmem.o
LOAD Core/Src/system_stm32f1xx.o
LOAD Core/Startup/startup_stm32f103c8tx.o
LOAD Drivers/STM32F1xx_HAL_Driver/Src/stm32f1xx_hal.o
LOAD Drivers/STM32F1xx_HAL_Driver/Src/stm32f1xx_hal_adc.o
LOAD Drivers/STM32F1xx_HAL_Driver/Src/stm32f1xx_hal_adc_ex.o
LOAD Drivers/STM32F1xx_HAL_Driver/Src/stm32f1xx_hal_can.o
LOAD Drivers/STM32F1xx_HAL_Driver/Src/stm32f1xx_hal_cortex.o
LOAD Drivers/STM32F1xx_HAL_Driver/Src/stm32f1xx_hal_dma.o
LOAD Drivers/STM32F1xx_HAL_Driver/Src/stm32f1xx_hal_exti.o
LOAD Drivers/STM32F1xx_HAL_Driver/Src/stm32f1xx_hal_flash.o
LOAD Drivers/STM32F1xx_HAL_Driver/Src/stm32f1xx_hal_flash_ex.o
LOAD Drivers/STM32F1xx_HAL_Driver/Src/stm32f1xx_hal_gpio.o
LOAD Drivers/STM32F1xx_HAL_Driver/Src/stm32f1xx_hal_gpio_ex.o
LOAD Drivers/STM32F1xx_HAL_Driver/Src/stm32f1xx_hal_i2c.o
LOAD Drivers/STM32F1xx_HAL_Driver/Src/stm32f1xx_hal_pwr.o
LOAD Drivers/STM32F1xx_HAL_Driver/Src/stm32f1xx_hal_rcc.o
LOAD Drivers/STM32F1xx_HAL_Driver/Src/stm32f1xx_hal_rcc_ex.o
LOAD Drivers/STM32F1xx_HAL_Driver/Src/stm32f1xx_hal_spi.o
LOAD Drivers/STM32F1xx_HAL_Driver/Src/stm32f1xx_hal_tim.o
LOAD Drivers/STM32F1xx_HAL_Driver/Src/stm32f1xx_hal_tim_ex.o
LOAD Drivers/STM32F1xx_HAL_Driver/Src/stm32f1xx_hal_uart.o
LOAD FATFS/App/fatfs.o
LOAD FATFS/Target/user_diskio.o
LOAD Middlewares/Third_Party/FatFs/src/diskio.o
LOAD Middlewares/Third_Party/FatFs/src/ff.o
LOAD Middlewares/Third_Party/FatFs/src/ff_gen_drv.o
LOAD Middlewares/Third_Party/FatFs/src/option/ccsbcs.o
LOAD Middlewares/Third_Party/FatFs/src/option/syscall.o
START GROUP
LOAD c:/st/stm32cubeide_1.0.2/stm32cubeide/plugins/com.st.stm32cube.ide.mcu.externaltools.gnu-tools-for-stm32.7-2018-q2-update.win32_1.0.0.201904181610/tools/bin/../lib/gcc/arm-none-eabi/7.3.1/../../../../arm-none-eabi/lib/thumb/v7-m\libc_nano.a
LOAD c:/st/stm32cubeide_1.0.2/stm32cubeide/plugins/com.st.stm32cube.ide.mcu.externaltools.gnu-tools-for-stm32.7-2018-q2-update.win32_1.0.0.201904181610/tools/bin/../lib/gcc/arm-none-eabi/7.3.1/../../../../arm-none-eabi/lib/thumb/v7-m\libm.a
END GROUP
START GROUP
LOAD c:/st/stm32cubeide_1.0.2/stm32cubeide/plugins/com.st.stm32cube.ide.mcu.externaltools.gnu-tools-for-stm32.7-2018-q2-update.win32_1.0.0.201904181610/tools/bin/../lib/gcc/arm-none-eabi/7.3.1/thumb/v7-m\libgcc.a
LOAD c:/st/stm32cubeide_1.0.2/stm32cubeide/plugins/com.st.stm32cube.ide.mcu.externaltools.gnu-tools-for-stm32.7-2018-q2-update.win32_1.0.0.201904181610/tools/bin/../lib/gcc/arm-none-eabi/7.3.1/../../../../arm-none-eabi/lib/thumb/v7-m\libc_nano.a
END GROUP
START GROUP
LOAD c:/st/stm32cubeide_1.0.2/stm32cubeide/plugins/com.st.stm32cube.ide.mcu.externaltools.gnu-tools-for-stm32.7-2018-q2-update.win32_1.0.0.201904181610/tools/bin/../lib/gcc/arm-none-eabi/7.3.1/thumb/v7-m\libgcc.a
LOAD c:/st/stm32cubeide_1.0.2/stm32cubeide/plugins/com.st.stm32cube.ide.mcu.externaltools.gnu-tools-for-stm32.7-2018-q2-update.win32_1.0.0.201904181610/tools/bin/../lib/gcc/arm-none-eabi/7.3.1/../../../../arm-none-eabi/lib/thumb/v7-m\libc_nano.a
LOAD c:/st/stm32cubeide_1.0.2/stm32cubeide/plugins/com.st.stm32cube.ide.mcu.externaltools.gnu-tools-for-stm32.7-2018-q2-update.win32_1.0.0.201904181610/tools/bin/../lib/gcc/arm-none-eabi/7.3.1/../../../../arm-none-eabi/lib/thumb/v7-m\libnosys.a
END GROUP
START GROUP
LOAD c:/st/stm32cubeide_1.0.2/stm32cubeide/plugins/com.st.stm32cube.ide.mcu.externaltools.gnu-tools-for-stm32.7-2018-q2-update.win32_1.0.0.201904181610/tools/bin/../lib/gcc/arm-none-eabi/7.3.1/thumb/v7-m\libgcc.a
LOAD c:/st/stm32cubeide_1.0.2/stm32cubeide/plugins/com.st.stm32cube.ide.mcu.externaltools.gnu-tools-for-stm32.7-2018-q2-update.win32_1.0.0.201904181610/tools/bin/../lib/gcc/arm-none-eabi/7.3.1/../../../../arm-none-eabi/lib/thumb/v7-m\libc_nano.a
LOAD c:/st/stm32cubeide_1.0.2/stm32cubeide/plugins/com.st.stm32cube.ide.mcu.externaltools.gnu-tools-for-stm32.7-2018-q2-update.win32_1.0.0.201904181610/tools/bin/../lib/gcc/arm-none-eabi/7.3.1/../../../../arm-none-eabi/lib/thumb/v7-m\libnosys.a
END GROUP
LOAD c:/st/stm32cubeide_1.0.2/stm32cubeide/plugins/com.st.stm32cube.ide.mcu.externaltools.gnu-tools-for-stm32.7-2018-q2-update.win32_1.0.0.201904181610/tools/bin/../lib/gcc/arm-none-eabi/7.3.1/thumb/v7-m/crtend.o
LOAD c:/st/stm32cubeide_1.0.2/stm32cubeide/plugins/com.st.stm32cube.ide.mcu.externaltools.gnu-tools-for-stm32.7-2018-q2-update.win32_1.0.0.201904181610/tools/bin/../lib/gcc/arm-none-eabi/7.3.1/thumb/v7-m/crtn.o
                0x0000000020005000                _estack = (ORIGIN (RAM) + LENGTH (RAM))
                0x0000000000000200                _Min_Heap_Size = 0x200
                0x0000000000000400                _Min_Stack_Size = 0x400

.isr_vector     0x0000000008000000      0x10c
                0x0000000008000000                . = ALIGN (0x4)
 *(.isr_vector)
 .isr_vector    0x0000000008000000      0x10c Core/Startup/startup_stm32f103c8tx.o
                0x0000000008000000                g_pfnVectors
                0x000000000800010c                . = ALIGN (0x4)

.text           0x000000000800010c     0x8b2c
                0x000000000800010c                . = ALIGN (0x4)
 *(.text)
 .text          0x000000000800010c       0x40 c:/st/stm32cubeide_1.0.2/stm32cubeide/plugins/com.st.stm32cube.ide.mcu.externaltools.gnu-tools-for-stm32.7-2018-q2-update.win32_1.0.0.201904181610/tools/bin/../lib/gcc/arm-none-eabi/7.3.1/thumb/v7-m/crtbegin.o
 .text          0x000000000800014c      0x378 c:/st/stm32cubeide_1.0.2/stm32cubeide/plugins/com.st.stm32cube.ide.mcu.externaltools.gnu-tools-for-stm32.7-2018-q2-update.win32_1.0.0.201904181610/tools/bin/../lib/gcc/arm-none-eabi/7.3.1/thumb/v7-m\libgcc.a(_arm_addsubdf3.o)
                0x000000000800014c                __aeabi_drsub
                0x0000000008000154                __aeabi_dsub
                0x0000000008000154                __subdf3
                0x0000000008000158                __aeabi_dadd
                0x0000000008000158                __adddf3
                0x00000000080003d0                __floatunsidf
                0x00000000080003d0                __aeabi_ui2d
                0x00000000080003f0                __floatsidf
                0x00000000080003f0                __aeabi_i2d
                0x0000000008000414                __aeabi_f2d
                0x0000000008000414                __extendsfdf2
                0x0000000008000458                __floatundidf
                0x0000000008000458                __aeabi_ul2d
                0x0000000008000468                __floatdidf
                0x0000000008000468                __aeabi_l2d
 .text          0x00000000080004c4      0x424 c:/st/stm32cubeide_1.0.2/stm32cubeide/plugins/com.st.stm32cube.ide.mcu.externaltools.gnu-tools-for-stm32.7-2018-q2-update.win32_1.0.0.201904181610/tools/bin/../lib/gcc/arm-none-eabi/7.3.1/thumb/v7-m\libgcc.a(_arm_muldivdf3.o)
                0x00000000080004c4                __aeabi_dmul
                0x00000000080004c4                __muldf3
                0x0000000008000718                __divdf3
                0x0000000008000718                __aeabi_ddiv
 .text          0x00000000080008e8       0x40 c:/st/stm32cubeide_1.0.2/stm32cubeide/plugins/com.st.stm32cube.ide.mcu.externaltools.gnu-tools-for-stm32.7-2018-q2-update.win32_1.0.0.201904181610/tools/bin/../lib/gcc/arm-none-eabi/7.3.1/thumb/v7-m\libgcc.a(_arm_fixunsdfsi.o)
                0x00000000080008e8                __aeabi_d2uiz
                0x00000000080008e8                __fixunsdfsi
 *(.text*)
 .text.SELECT   0x0000000008000928       0x18 Core/Src/fatfs_sd.o
 .text.DESELECT
                0x0000000008000940       0x18 Core/Src/fatfs_sd.o
 .text.SPI_TxByte
                0x0000000008000958       0x34 Core/Src/fatfs_sd.o
 .text.SPI_RxByte
                0x000000000800098c       0x3c Core/Src/fatfs_sd.o
 .text.SPI_RxBytePtr
                0x00000000080009c8       0x1c Core/Src/fatfs_sd.o
 .text.SD_ReadyWait
                0x00000000080009e4       0x38 Core/Src/fatfs_sd.o
 .text.SD_PowerOn
                0x0000000008000a1c       0x98 Core/Src/fatfs_sd.o
 .text.SD_PowerOff
                0x0000000008000ab4       0x18 Core/Src/fatfs_sd.o
 .text.SD_CheckPower
                0x0000000008000acc       0x14 Core/Src/fatfs_sd.o
 .text.SD_RxDataBlock
                0x0000000008000ae0       0x6c Core/Src/fatfs_sd.o
 .text.SD_TxDataBlock
                0x0000000008000b4c       0xa8 Core/Src/fatfs_sd.o
 .text.SD_SendCmd
                0x0000000008000bf4       0xa4 Core/Src/fatfs_sd.o
 .text.SD_disk_initialize
                0x0000000008000c98      0x1d4 Core/Src/fatfs_sd.o
                0x0000000008000c98                SD_disk_initialize
 .text.SD_disk_status
                0x0000000008000e6c       0x28 Core/Src/fatfs_sd.o
                0x0000000008000e6c                SD_disk_status
 .text.SD_disk_read
                0x0000000008000e94       0xd4 Core/Src/fatfs_sd.o
                0x0000000008000e94                SD_disk_read
 .text.SD_disk_write
                0x0000000008000f68      0x108 Core/Src/fatfs_sd.o
                0x0000000008000f68                SD_disk_write
 .text.SD_disk_ioctl
                0x0000000008001070      0x25c Core/Src/fatfs_sd.o
                0x0000000008001070                SD_disk_ioctl
 .text.main     0x00000000080012cc       0xd4 Core/Src/main.o
                0x00000000080012cc                main
 .text.SystemClock_Config
                0x00000000080013a0       0xa0 Core/Src/main.o
                0x00000000080013a0                SystemClock_Config
 .text.MX_ADC1_Init
                0x0000000008001440       0x7c Core/Src/main.o
 .text.MX_CAN_Init
                0x00000000080014bc       0x68 Core/Src/main.o
 .text.MX_I2C1_Init
                0x0000000008001524       0x5c Core/Src/main.o
 .text.MX_SPI1_Init
                0x0000000008001580       0x6c Core/Src/main.o
 .text.MX_USART1_UART_Init
                0x00000000080015ec       0x54 Core/Src/main.o
 .text.MX_GPIO_Init
                0x0000000008001640       0xf8 Core/Src/main.o
 .text.Error_Handler
                0x0000000008001738        0xc Core/Src/main.o
                0x0000000008001738                Error_Handler
 .text.bufsize  0x0000000008001744       0x2c Core/Src/sd_wr.o
                0x0000000008001744                bufsize
 .text.bufclear
                0x0000000008001770       0x30 Core/Src/sd_wr.o
                0x0000000008001770                bufclear
 .text.mount_card
                0x00000000080017a0       0x20 Core/Src/sd_wr.o
                0x00000000080017a0                mount_card
 .text.card_capacity
                0x00000000080017c0       0xc8 Core/Src/sd_wr.o
                0x00000000080017c0                card_capacity
 .text.create_file
                0x0000000008001888       0x4c Core/Src/sd_wr.o
                0x0000000008001888                create_file
 .text.update_file
                0x00000000080018d4       0x4e Core/Src/sd_wr.o
                0x00000000080018d4                update_file
 *fill*         0x0000000008001922        0x2 
 .text.HAL_MspInit
                0x0000000008001924       0x64 Core/Src/stm32f1xx_hal_msp.o
                0x0000000008001924                HAL_MspInit
 .text.HAL_ADC_MspInit
                0x0000000008001988       0x78 Core/Src/stm32f1xx_hal_msp.o
                0x0000000008001988                HAL_ADC_MspInit
 .text.HAL_CAN_MspInit
                0x0000000008001a00       0x98 Core/Src/stm32f1xx_hal_msp.o
                0x0000000008001a00                HAL_CAN_MspInit
 .text.HAL_I2C_MspInit
                0x0000000008001a98       0x7c Core/Src/stm32f1xx_hal_msp.o
                0x0000000008001a98                HAL_I2C_MspInit
 .text.HAL_SPI_MspInit
                0x0000000008001b14       0x94 Core/Src/stm32f1xx_hal_msp.o
                0x0000000008001b14                HAL_SPI_MspInit
 .text.HAL_UART_MspInit
                0x0000000008001ba8       0x98 Core/Src/stm32f1xx_hal_msp.o
                0x0000000008001ba8                HAL_UART_MspInit
 .text.SDTimer_handler
                0x0000000008001c40       0x44 Core/Src/stm32f1xx_it.o
                0x0000000008001c40                SDTimer_handler
 .text.NMI_Handler
                0x0000000008001c84        0xc Core/Src/stm32f1xx_it.o
                0x0000000008001c84                NMI_Handler
 .text.HardFault_Handler
                0x0000000008001c90        0x6 Core/Src/stm32f1xx_it.o
                0x0000000008001c90                HardFault_Handler
 .text.MemManage_Handler
                0x0000000008001c96        0x6 Core/Src/stm32f1xx_it.o
                0x0000000008001c96                MemManage_Handler
 .text.BusFault_Handler
                0x0000000008001c9c        0x6 Core/Src/stm32f1xx_it.o
                0x0000000008001c9c                BusFault_Handler
 .text.UsageFault_Handler
                0x0000000008001ca2        0x6 Core/Src/stm32f1xx_it.o
                0x0000000008001ca2                UsageFault_Handler
 .text.SVC_Handler
                0x0000000008001ca8        0xc Core/Src/stm32f1xx_it.o
                0x0000000008001ca8                SVC_Handler
 .text.DebugMon_Handler
                0x0000000008001cb4        0xc Core/Src/stm32f1xx_it.o
                0x0000000008001cb4                DebugMon_Handler
 .text.PendSV_Handler
                0x0000000008001cc0        0xc Core/Src/stm32f1xx_it.o
                0x0000000008001cc0                PendSV_Handler
 .text.SysTick_Handler
                0x0000000008001ccc       0x34 Core/Src/stm32f1xx_it.o
                0x0000000008001ccc                SysTick_Handler
 .text._sbrk    0x0000000008001d00       0x58 Core/Src/sysmem.o
                0x0000000008001d00                _sbrk
 .text.SystemInit
                0x0000000008001d58       0x68 Core/Src/system_stm32f1xx.o
                0x0000000008001d58                SystemInit
 .text.Reset_Handler
                0x0000000008001dc0       0x48 Core/Startup/startup_stm32f103c8tx.o
                0x0000000008001dc0                Reset_Handler
 .text.Default_Handler
                0x0000000008001e08        0x2 Core/Startup/startup_stm32f103c8tx.o
                0x0000000008001e08                RTC_Alarm_IRQHandler
                0x0000000008001e08                EXTI2_IRQHandler
                0x0000000008001e08                TIM1_CC_IRQHandler
                0x0000000008001e08                PVD_IRQHandler
                0x0000000008001e08                EXTI3_IRQHandler
                0x0000000008001e08                EXTI0_IRQHandler
                0x0000000008001e08                I2C2_EV_IRQHandler
                0x0000000008001e08                ADC1_2_IRQHandler
                0x0000000008001e08                SPI1_IRQHandler
                0x0000000008001e08                TAMPER_IRQHandler
                0x0000000008001e08                DMA1_Channel4_IRQHandler
                0x0000000008001e08                USART3_IRQHandler
                0x0000000008001e08                RTC_IRQHandler
                0x0000000008001e08                DMA1_Channel7_IRQHandler
                0x0000000008001e08                CAN1_RX1_IRQHandler
                0x0000000008001e08                TIM4_IRQHandler
                0x0000000008001e08                I2C1_EV_IRQHandler
                0x0000000008001e08                DMA1_Channel6_IRQHandler
                0x0000000008001e08                TIM3_IRQHandler
                0x0000000008001e08                RCC_IRQHandler
                0x0000000008001e08                TIM1_TRG_COM_IRQHandler
                0x0000000008001e08                DMA1_Channel1_IRQHandler
                0x0000000008001e08                Default_Handler
                0x0000000008001e08                EXTI15_10_IRQHandler
                0x0000000008001e08                EXTI9_5_IRQHandler
                0x0000000008001e08                SPI2_IRQHandler
                0x0000000008001e08                DMA1_Channel5_IRQHandler
                0x0000000008001e08                EXTI4_IRQHandler
                0x0000000008001e08                USB_LP_CAN1_RX0_IRQHandler
                0x0000000008001e08                USB_HP_CAN1_TX_IRQHandler
                0x0000000008001e08                DMA1_Channel3_IRQHandler
                0x0000000008001e08                TIM1_UP_IRQHandler
                0x0000000008001e08                WWDG_IRQHandler
                0x0000000008001e08                TIM2_IRQHandler
                0x0000000008001e08                TIM1_BRK_IRQHandler
                0x0000000008001e08                EXTI1_IRQHandler
                0x0000000008001e08                USART2_IRQHandler
                0x0000000008001e08                I2C2_ER_IRQHandler
                0x0000000008001e08                DMA1_Channel2_IRQHandler
                0x0000000008001e08                CAN1_SCE_IRQHandler
                0x0000000008001e08                FLASH_IRQHandler
                0x0000000008001e08                USART1_IRQHandler
                0x0000000008001e08                I2C1_ER_IRQHandler
                0x0000000008001e08                USBWakeUp_IRQHandler
 *fill*         0x0000000008001e0a        0x2 
 .text.HAL_Init
                0x0000000008001e0c       0x2c Drivers/STM32F1xx_HAL_Driver/Src/stm32f1xx_hal.o
                0x0000000008001e0c                HAL_Init
 .text.HAL_InitTick
                0x0000000008001e38       0x60 Drivers/STM32F1xx_HAL_Driver/Src/stm32f1xx_hal.o
                0x0000000008001e38                HAL_InitTick
 .text.HAL_IncTick
                0x0000000008001e98       0x24 Drivers/STM32F1xx_HAL_Driver/Src/stm32f1xx_hal.o
                0x0000000008001e98                HAL_IncTick
 .text.HAL_GetTick
                0x0000000008001ebc       0x14 Drivers/STM32F1xx_HAL_Driver/Src/stm32f1xx_hal.o
                0x0000000008001ebc                HAL_GetTick
 .text.HAL_Delay
                0x0000000008001ed0       0x44 Drivers/STM32F1xx_HAL_Driver/Src/stm32f1xx_hal.o
                0x0000000008001ed0                HAL_Delay
 .text.HAL_ADC_Init
                0x0000000008001f14      0x1b0 Drivers/STM32F1xx_HAL_Driver/Src/stm32f1xx_hal_adc.o
                0x0000000008001f14                HAL_ADC_Init
 .text.HAL_ADC_ConfigChannel
                0x00000000080020c4      0x1f0 Drivers/STM32F1xx_HAL_Driver/Src/stm32f1xx_hal_adc.o
                0x00000000080020c4                HAL_ADC_ConfigChannel
 .text.ADC_ConversionStop_Disable
                0x00000000080022b4       0x74 Drivers/STM32F1xx_HAL_Driver/Src/stm32f1xx_hal_adc.o
                0x00000000080022b4                ADC_ConversionStop_Disable
 .text.HAL_CAN_Init
                0x0000000008002328      0x1f6 Drivers/STM32F1xx_HAL_Driver/Src/stm32f1xx_hal_can.o
                0x0000000008002328                HAL_CAN_Init
 *fill*         0x000000000800251e        0x2 
 .text.__NVIC_SetPriorityGrouping
                0x0000000008002520       0x48 Drivers/STM32F1xx_HAL_Driver/Src/stm32f1xx_hal_cortex.o
 .text.__NVIC_GetPriorityGrouping
                0x0000000008002568       0x1c Drivers/STM32F1xx_HAL_Driver/Src/stm32f1xx_hal_cortex.o
 .text.__NVIC_SetPriority
                0x0000000008002584       0x54 Drivers/STM32F1xx_HAL_Driver/Src/stm32f1xx_hal_cortex.o
 .text.NVIC_EncodePriority
                0x00000000080025d8       0x64 Drivers/STM32F1xx_HAL_Driver/Src/stm32f1xx_hal_cortex.o
 .text.SysTick_Config
                0x000000000800263c       0x44 Drivers/STM32F1xx_HAL_Driver/Src/stm32f1xx_hal_cortex.o
 .text.HAL_NVIC_SetPriorityGrouping
                0x0000000008002680       0x16 Drivers/STM32F1xx_HAL_Driver/Src/stm32f1xx_hal_cortex.o
                0x0000000008002680                HAL_NVIC_SetPriorityGrouping
 .text.HAL_NVIC_SetPriority
                0x0000000008002696       0x38 Drivers/STM32F1xx_HAL_Driver/Src/stm32f1xx_hal_cortex.o
                0x0000000008002696                HAL_NVIC_SetPriority
 .text.HAL_SYSTICK_Config
                0x00000000080026ce       0x18 Drivers/STM32F1xx_HAL_Driver/Src/stm32f1xx_hal_cortex.o
                0x00000000080026ce                HAL_SYSTICK_Config
 *fill*         0x00000000080026e6        0x2 
 .text.HAL_GPIO_Init
                0x00000000080026e8      0x2b4 Drivers/STM32F1xx_HAL_Driver/Src/stm32f1xx_hal_gpio.o
                0x00000000080026e8                HAL_GPIO_Init
 .text.HAL_GPIO_WritePin
                0x000000000800299c       0x30 Drivers/STM32F1xx_HAL_Driver/Src/stm32f1xx_hal_gpio.o
                0x000000000800299c                HAL_GPIO_WritePin
 .text.HAL_GPIO_TogglePin
                0x00000000080029cc       0x30 Drivers/STM32F1xx_HAL_Driver/Src/stm32f1xx_hal_gpio.o
                0x00000000080029cc                HAL_GPIO_TogglePin
 .text.HAL_I2C_Init
                0x00000000080029fc      0x250 Drivers/STM32F1xx_HAL_Driver/Src/stm32f1xx_hal_i2c.o
                0x00000000080029fc                HAL_I2C_Init
 .text.HAL_RCC_OscConfig
                0x0000000008002c4c      0x500 Drivers/STM32F1xx_HAL_Driver/Src/stm32f1xx_hal_rcc.o
                0x0000000008002c4c                HAL_RCC_OscConfig
 .text.HAL_RCC_ClockConfig
                0x000000000800314c      0x1d4 Drivers/STM32F1xx_HAL_Driver/Src/stm32f1xx_hal_rcc.o
                0x000000000800314c                HAL_RCC_ClockConfig
 .text.HAL_RCC_GetSysClockFreq
                0x0000000008003320       0xc4 Drivers/STM32F1xx_HAL_Driver/Src/stm32f1xx_hal_rcc.o
                0x0000000008003320                HAL_RCC_GetSysClockFreq
 .text.HAL_RCC_GetHCLKFreq
                0x00000000080033e4       0x14 Drivers/STM32F1xx_HAL_Driver/Src/stm32f1xx_hal_rcc.o
                0x00000000080033e4                HAL_RCC_GetHCLKFreq
 .text.HAL_RCC_GetPCLK1Freq
                0x00000000080033f8       0x28 Drivers/STM32F1xx_HAL_Driver/Src/stm32f1xx_hal_rcc.o
                0x00000000080033f8                HAL_RCC_GetPCLK1Freq
 .text.HAL_RCC_GetPCLK2Freq
                0x0000000008003420       0x28 Drivers/STM32F1xx_HAL_Driver/Src/stm32f1xx_hal_rcc.o
                0x0000000008003420                HAL_RCC_GetPCLK2Freq
 .text.RCC_Delay
                0x0000000008003448       0x3c Drivers/STM32F1xx_HAL_Driver/Src/stm32f1xx_hal_rcc.o
 .text.HAL_RCCEx_PeriphCLKConfig
                0x0000000008003484      0x16c Drivers/STM32F1xx_HAL_Driver/Src/stm32f1xx_hal_rcc_ex.o
                0x0000000008003484                HAL_RCCEx_PeriphCLKConfig
 .text.HAL_SPI_Init
                0x00000000080035f0       0xc2 Drivers/STM32F1xx_HAL_Driver/Src/stm32f1xx_hal_spi.o
                0x00000000080035f0                HAL_SPI_Init
 .text.HAL_SPI_Transmit
                0x00000000080036b2      0x268 Drivers/STM32F1xx_HAL_Driver/Src/stm32f1xx_hal_spi.o
                0x00000000080036b2                HAL_SPI_Transmit
 .text.HAL_SPI_TransmitReceive
                0x000000000800391a      0x344 Drivers/STM32F1xx_HAL_Driver/Src/stm32f1xx_hal_spi.o
                0x000000000800391a                HAL_SPI_TransmitReceive
 .text.HAL_SPI_GetState
                0x0000000008003c5e       0x1a Drivers/STM32F1xx_HAL_Driver/Src/stm32f1xx_hal_spi.o
                0x0000000008003c5e                HAL_SPI_GetState
 .text.SPI_WaitFlagStateUntilTimeout
                0x0000000008003c78       0xd4 Drivers/STM32F1xx_HAL_Driver/Src/stm32f1xx_hal_spi.o
 .text.SPI_EndRxTxTransaction
                0x0000000008003d4c       0x3c Drivers/STM32F1xx_HAL_Driver/Src/stm32f1xx_hal_spi.o
 .text.HAL_UART_Init
                0x0000000008003d88       0x9a Drivers/STM32F1xx_HAL_Driver/Src/stm32f1xx_hal_uart.o
                0x0000000008003d88                HAL_UART_Init
 *fill*         0x0000000008003e22        0x2 
 .text.UART_SetConfig
                0x0000000008003e24      0x1b4 Drivers/STM32F1xx_HAL_Driver/Src/stm32f1xx_hal_uart.o
 .text.MX_FATFS_Init
                0x0000000008003fd8       0x24 FATFS/App/fatfs.o
                0x0000000008003fd8                MX_FATFS_Init
 .text.get_fattime
                0x0000000008003ffc        0xe FATFS/App/fatfs.o
                0x0000000008003ffc                get_fattime
 .text.USER_initialize
                0x000000000800400a       0x1e FATFS/Target/user_diskio.o
                0x000000000800400a                USER_initialize
 .text.USER_status
                0x0000000008004028       0x1e FATFS/Target/user_diskio.o
                0x0000000008004028                USER_status
 .text.USER_read
                0x0000000008004046       0x28 FATFS/Target/user_diskio.o
                0x0000000008004046                USER_read
 .text.USER_write
                0x000000000800406e       0x28 FATFS/Target/user_diskio.o
                0x000000000800406e                USER_write
 .text.USER_ioctl
                0x0000000008004096       0x28 FATFS/Target/user_diskio.o
                0x0000000008004096                USER_ioctl
 *fill*         0x00000000080040be        0x2 
 .text.disk_status
                0x00000000080040c0       0x34 Middlewares/Third_Party/FatFs/src/diskio.o
                0x00000000080040c0                disk_status
 .text.disk_initialize
                0x00000000080040f4       0x4c Middlewares/Third_Party/FatFs/src/diskio.o
                0x00000000080040f4                disk_initialize
 .text.disk_read
                0x0000000008004140       0x40 Middlewares/Third_Party/FatFs/src/diskio.o
                0x0000000008004140                disk_read
 .text.disk_write
                0x0000000008004180       0x40 Middlewares/Third_Party/FatFs/src/diskio.o
                0x0000000008004180                disk_write
 .text.disk_ioctl
                0x00000000080041c0       0x3c Middlewares/Third_Party/FatFs/src/diskio.o
                0x00000000080041c0                disk_ioctl
 .text.mem_cpy  0x00000000080041fc       0x3a Middlewares/Third_Party/FatFs/src/ff.o
 .text.mem_set  0x0000000008004236       0x32 Middlewares/Third_Party/FatFs/src/ff.o
 .text.mem_cmp  0x0000000008004268       0x4c Middlewares/Third_Party/FatFs/src/ff.o
 .text.chk_chr  0x00000000080042b4       0x34 Middlewares/Third_Party/FatFs/src/ff.o
 .text.chk_lock
                0x00000000080042e8       0xe4 Middlewares/Third_Party/FatFs/src/ff.o
 .text.enq_lock
                0x00000000080043cc       0x48 Middlewares/Third_Party/FatFs/src/ff.o
 .text.inc_lock
                0x0000000008004414      0x180 Middlewares/Third_Party/FatFs/src/ff.o
 .text.dec_lock
                0x0000000008004594       0x88 Middlewares/Third_Party/FatFs/src/ff.o
 .text.clear_lock
                0x000000000800461c       0x50 Middlewares/Third_Party/FatFs/src/ff.o
 .text.sync_window
                0x000000000800466c       0xb4 Middlewares/Third_Party/FatFs/src/ff.o
 .text.move_window
                0x0000000008004720       0x68 Middlewares/Third_Party/FatFs/src/ff.o
 .text.sync_fs  0x0000000008004788      0x19e Middlewares/Third_Party/FatFs/src/ff.o
 .text.clust2sect
                0x0000000008004926       0x4e Middlewares/Third_Party/FatFs/src/ff.o
                0x0000000008004926                clust2sect
 .text.get_fat  0x0000000008004974      0x204 Middlewares/Third_Party/FatFs/src/ff.o
                0x0000000008004974                get_fat
 .text.put_fat  0x0000000008004b78      0x2ba Middlewares/Third_Party/FatFs/src/ff.o
                0x0000000008004b78                put_fat
 .text.remove_chain
                0x0000000008004e32       0xd0 Middlewares/Third_Party/FatFs/src/ff.o
 .text.create_chain
                0x0000000008004f02      0x162 Middlewares/Third_Party/FatFs/src/ff.o
 .text.clmt_clust
                0x0000000008005064       0x86 Middlewares/Third_Party/FatFs/src/ff.o
 .text.dir_sdi  0x00000000080050ea      0x1b6 Middlewares/Third_Party/FatFs/src/ff.o
 .text.dir_next
                0x00000000080052a0      0x2c4 Middlewares/Third_Party/FatFs/src/ff.o
 .text.dir_alloc
                0x0000000008005564       0xa2 Middlewares/Third_Party/FatFs/src/ff.o
 .text.ld_clust
                0x0000000008005606       0x5c Middlewares/Third_Party/FatFs/src/ff.o
 .text.st_clust
                0x0000000008005662       0x4c Middlewares/Third_Party/FatFs/src/ff.o
 *fill*         0x00000000080056ae        0x2 
 .text.cmp_lfn  0x00000000080056b0       0xdc Middlewares/Third_Party/FatFs/src/ff.o
 .text.fit_lfn  0x000000000800578c       0xe8 Middlewares/Third_Party/FatFs/src/ff.o
 .text.gen_numname
                0x0000000008005874      0x11e Middlewares/Third_Party/FatFs/src/ff.o
 .text.sum_sfn  0x0000000008005992       0x40 Middlewares/Third_Party/FatFs/src/ff.o
 .text.dir_find
                0x00000000080059d2      0x1aa Middlewares/Third_Party/FatFs/src/ff.o
 .text.dir_register
                0x0000000008005b7c      0x260 Middlewares/Third_Party/FatFs/src/ff.o
 .text.create_name
                0x0000000008005ddc      0x384 Middlewares/Third_Party/FatFs/src/ff.o
 .text.follow_path
                0x0000000008006160       0xf2 Middlewares/Third_Party/FatFs/src/ff.o
 .text.get_ldnumber
                0x0000000008006252       0x86 Middlewares/Third_Party/FatFs/src/ff.o
 .text.check_fs
                0x00000000080062d8       0xdc Middlewares/Third_Party/FatFs/src/ff.o
 .text.find_volume
                0x00000000080063b4      0x6b8 Middlewares/Third_Party/FatFs/src/ff.o
 .text.validate
                0x0000000008006a6c       0x7c Middlewares/Third_Party/FatFs/src/ff.o
 .text.f_mount  0x0000000008006ae8       0x94 Middlewares/Third_Party/FatFs/src/ff.o
                0x0000000008006ae8                f_mount
 .text.f_open   0x0000000008006b7c      0x674 Middlewares/Third_Party/FatFs/src/ff.o
                0x0000000008006b7c                f_open
 .text.f_write  0x00000000080071f0      0x4e6 Middlewares/Third_Party/FatFs/src/ff.o
                0x00000000080071f0                f_write
 .text.f_sync   0x00000000080076d6      0x1bc Middlewares/Third_Party/FatFs/src/ff.o
                0x00000000080076d6                f_sync
 .text.f_close  0x0000000008007892       0x56 Middlewares/Third_Party/FatFs/src/ff.o
                0x0000000008007892                f_close
 .text.f_lseek  0x00000000080078e8      0x668 Middlewares/Third_Party/FatFs/src/ff.o
                0x00000000080078e8                f_lseek
 .text.f_getfree
                0x0000000008007f50      0x1c4 Middlewares/Third_Party/FatFs/src/ff.o
                0x0000000008007f50                f_getfree
 .text.putc_bfd
                0x0000000008008114       0x7a Middlewares/Third_Party/FatFs/src/ff.o
 .text.f_puts   0x000000000800818e       0x74 Middlewares/Third_Party/FatFs/src/ff.o
                0x000000000800818e                f_puts
 *fill*         0x0000000008008202        0x2 
 .text.FATFS_LinkDriverEx
                0x0000000008008204       0x94 Middlewares/Third_Party/FatFs/src/ff_gen_drv.o
                0x0000000008008204                FATFS_LinkDriverEx
 .text.FATFS_LinkDriver
                0x0000000008008298       0x1e Middlewares/Third_Party/FatFs/src/ff_gen_drv.o
                0x0000000008008298                FATFS_LinkDriver
 *fill*         0x00000000080082b6        0x2 
 .text.ff_convert
                0x00000000080082b8       0x74 Middlewares/Third_Party/FatFs/src/option/ccsbcs.o
                0x00000000080082b8                ff_convert
 .text.ff_wtoupper
                0x000000000800832c       0x5c Middlewares/Third_Party/FatFs/src/option/ccsbcs.o
                0x000000000800832c                ff_wtoupper
 .text.__errno  0x0000000008008388        0xc c:/st/stm32cubeide_1.0.2/stm32cubeide/plugins/com.st.stm32cube.ide.mcu.externaltools.gnu-tools-for-stm32.7-2018-q2-update.win32_1.0.0.201904181610/tools/bin/../lib/gcc/arm-none-eabi/7.3.1/../../../../arm-none-eabi/lib/thumb/v7-m\libc_nano.a(lib_a-errno.o)
                0x0000000008008388                __errno
 .text.__libc_init_array
                0x0000000008008394       0x48 c:/st/stm32cubeide_1.0.2/stm32cubeide/plugins/com.st.stm32cube.ide.mcu.externaltools.gnu-tools-for-stm32.7-2018-q2-update.win32_1.0.0.201904181610/tools/bin/../lib/gcc/arm-none-eabi/7.3.1/../../../../arm-none-eabi/lib/thumb/v7-m\libc_nano.a(lib_a-init.o)
                0x0000000008008394                __libc_init_array
 .text.memset   0x00000000080083dc       0x10 c:/st/stm32cubeide_1.0.2/stm32cubeide/plugins/com.st.stm32cube.ide.mcu.externaltools.gnu-tools-for-stm32.7-2018-q2-update.win32_1.0.0.201904181610/tools/bin/../lib/gcc/arm-none-eabi/7.3.1/../../../../arm-none-eabi/lib/thumb/v7-m\libc_nano.a(lib_a-memset.o)
                0x00000000080083dc                memset
 .text.sprintf  0x00000000080083ec       0x40 c:/st/stm32cubeide_1.0.2/stm32cubeide/plugins/com.st.stm32cube.ide.mcu.externaltools.gnu-tools-for-stm32.7-2018-q2-update.win32_1.0.0.201904181610/tools/bin/../lib/gcc/arm-none-eabi/7.3.1/../../../../arm-none-eabi/lib/thumb/v7-m\libc_nano.a(lib_a-sprintf.o)
                0x00000000080083ec                siprintf
                0x00000000080083ec                sprintf
 .text.strcpy   0x000000000800842c       0x10 c:/st/stm32cubeide_1.0.2/stm32cubeide/plugins/com.st.stm32cube.ide.mcu.externaltools.gnu-tools-for-stm32.7-2018-q2-update.win32_1.0.0.201904181610/tools/bin/../lib/gcc/arm-none-eabi/7.3.1/../../../../arm-none-eabi/lib/thumb/v7-m\libc_nano.a(lib_a-strcpy.o)
                0x000000000800842c                strcpy
 .text.__ssputs_r
                0x000000000800843c       0xb4 c:/st/stm32cubeide_1.0.2/stm32cubeide/plugins/com.st.stm32cube.ide.mcu.externaltools.gnu-tools-for-stm32.7-2018-q2-update.win32_1.0.0.201904181610/tools/bin/../lib/gcc/arm-none-eabi/7.3.1/../../../../arm-none-eabi/lib/thumb/v7-m\libc_nano.a(lib_a-nano-svfprintf.o)
                0x000000000800843c                __ssputs_r
 .text._svfprintf_r
                0x00000000080084f0      0x1f0 c:/st/stm32cubeide_1.0.2/stm32cubeide/plugins/com.st.stm32cube.ide.mcu.externaltools.gnu-tools-for-stm32.7-2018-q2-update.win32_1.0.0.201904181610/tools/bin/../lib/gcc/arm-none-eabi/7.3.1/../../../../arm-none-eabi/lib/thumb/v7-m\libc_nano.a(lib_a-nano-svfprintf.o)
                0x00000000080084f0                _svfiprintf_r
                0x00000000080084f0                _svfprintf_r
 .text._printf_common
                0x00000000080086e0       0xec c:/st/stm32cubeide_1.0.2/stm32cubeide/plugins/com.st.stm32cube.ide.mcu.externaltools.gnu-tools-for-stm32.7-2018-q2-update.win32_1.0.0.201904181610/tools/bin/../lib/gcc/arm-none-eabi/7.3.1/../../../../arm-none-eabi/lib/thumb/v7-m\libc_nano.a(lib_a-nano-vfprintf_i.o)
                0x00000000080086e0                _printf_common
 .text._printf_i
                0x00000000080087cc      0x224 c:/st/stm32cubeide_1.0.2/stm32cubeide/plugins/com.st.stm32cube.ide.mcu.externaltools.gnu-tools-for-stm32.7-2018-q2-update.win32_1.0.0.201904181610/tools/bin/../lib/gcc/arm-none-eabi/7.3.1/../../../../arm-none-eabi/lib/thumb/v7-m\libc_nano.a(lib_a-nano-vfprintf_i.o)
                0x00000000080087cc                _printf_i
 .text.memchr   0x00000000080089f0       0x1c c:/st/stm32cubeide_1.0.2/stm32cubeide/plugins/com.st.stm32cube.ide.mcu.externaltools.gnu-tools-for-stm32.7-2018-q2-update.win32_1.0.0.201904181610/tools/bin/../lib/gcc/arm-none-eabi/7.3.1/../../../../arm-none-eabi/lib/thumb/v7-m\libc_nano.a(lib_a-memchr-stub.o)
                0x00000000080089f0                memchr
 .text.memcpy   0x0000000008008a0c       0x16 c:/st/stm32cubeide_1.0.2/stm32cubeide/plugins/com.st.stm32cube.ide.mcu.externaltools.gnu-tools-for-stm32.7-2018-q2-update.win32_1.0.0.201904181610/tools/bin/../lib/gcc/arm-none-eabi/7.3.1/../../../../arm-none-eabi/lib/thumb/v7-m\libc_nano.a(lib_a-memcpy-stub.o)
                0x0000000008008a0c                memcpy
 .text.memmove  0x0000000008008a22       0x32 c:/st/stm32cubeide_1.0.2/stm32cubeide/plugins/com.st.stm32cube.ide.mcu.externaltools.gnu-tools-for-stm32.7-2018-q2-update.win32_1.0.0.201904181610/tools/bin/../lib/gcc/arm-none-eabi/7.3.1/../../../../arm-none-eabi/lib/thumb/v7-m\libc_nano.a(lib_a-memmove.o)
                0x0000000008008a22                memmove
 .text._free_r  0x0000000008008a54       0x98 c:/st/stm32cubeide_1.0.2/stm32cubeide/plugins/com.st.stm32cube.ide.mcu.externaltools.gnu-tools-for-stm32.7-2018-q2-update.win32_1.0.0.201904181610/tools/bin/../lib/gcc/arm-none-eabi/7.3.1/../../../../arm-none-eabi/lib/thumb/v7-m\libc_nano.a(lib_a-nano-freer.o)
                0x0000000008008a54                _free_r
 .text._malloc_r
                0x0000000008008aec       0xb4 c:/st/stm32cubeide_1.0.2/stm32cubeide/plugins/com.st.stm32cube.ide.mcu.externaltools.gnu-tools-for-stm32.7-2018-q2-update.win32_1.0.0.201904181610/tools/bin/../lib/gcc/arm-none-eabi/7.3.1/../../../../arm-none-eabi/lib/thumb/v7-m\libc_nano.a(lib_a-nano-mallocr.o)
                0x0000000008008aec                _malloc_r
 .text._realloc_r
                0x0000000008008ba0       0x4c c:/st/stm32cubeide_1.0.2/stm32cubeide/plugins/com.st.stm32cube.ide.mcu.externaltools.gnu-tools-for-stm32.7-2018-q2-update.win32_1.0.0.201904181610/tools/bin/../lib/gcc/arm-none-eabi/7.3.1/../../../../arm-none-eabi/lib/thumb/v7-m\libc_nano.a(lib_a-nano-reallocr.o)
                0x0000000008008ba0                _realloc_r
 .text._sbrk_r  0x0000000008008bec       0x20 c:/st/stm32cubeide_1.0.2/stm32cubeide/plugins/com.st.stm32cube.ide.mcu.externaltools.gnu-tools-for-stm32.7-2018-q2-update.win32_1.0.0.201904181610/tools/bin/../lib/gcc/arm-none-eabi/7.3.1/../../../../arm-none-eabi/lib/thumb/v7-m\libc_nano.a(lib_a-sbrkr.o)
                0x0000000008008bec                _sbrk_r
 .text.__malloc_lock
                0x0000000008008c0c        0x2 c:/st/stm32cubeide_1.0.2/stm32cubeide/plugins/com.st.stm32cube.ide.mcu.externaltools.gnu-tools-for-stm32.7-2018-q2-update.win32_1.0.0.201904181610/tools/bin/../lib/gcc/arm-none-eabi/7.3.1/../../../../arm-none-eabi/lib/thumb/v7-m\libc_nano.a(lib_a-mlock.o)
                0x0000000008008c0c                __malloc_lock
 .text.__malloc_unlock
                0x0000000008008c0e        0x2 c:/st/stm32cubeide_1.0.2/stm32cubeide/plugins/com.st.stm32cube.ide.mcu.externaltools.gnu-tools-for-stm32.7-2018-q2-update.win32_1.0.0.201904181610/tools/bin/../lib/gcc/arm-none-eabi/7.3.1/../../../../arm-none-eabi/lib/thumb/v7-m\libc_nano.a(lib_a-mlock.o)
                0x0000000008008c0e                __malloc_unlock
 .text._malloc_usable_size_r
                0x0000000008008c10       0x10 c:/st/stm32cubeide_1.0.2/stm32cubeide/plugins/com.st.stm32cube.ide.mcu.externaltools.gnu-tools-for-stm32.7-2018-q2-update.win32_1.0.0.201904181610/tools/bin/../lib/gcc/arm-none-eabi/7.3.1/../../../../arm-none-eabi/lib/thumb/v7-m\libc_nano.a(lib_a-nano-msizer.o)
                0x0000000008008c10                _malloc_usable_size_r
 *(.glue_7)
 .glue_7        0x0000000008008c20        0x0 linker stubs
 *(.glue_7t)
 .glue_7t       0x0000000008008c20        0x0 linker stubs
 *(.eh_frame)
 .eh_frame      0x0000000008008c20        0x0 c:/st/stm32cubeide_1.0.2/stm32cubeide/plugins/com.st.stm32cube.ide.mcu.externaltools.gnu-tools-for-stm32.7-2018-q2-update.win32_1.0.0.201904181610/tools/bin/../lib/gcc/arm-none-eabi/7.3.1/thumb/v7-m/crtbegin.o
 *(.init)
 .init          0x0000000008008c20        0x4 c:/st/stm32cubeide_1.0.2/stm32cubeide/plugins/com.st.stm32cube.ide.mcu.externaltools.gnu-tools-for-stm32.7-2018-q2-update.win32_1.0.0.201904181610/tools/bin/../lib/gcc/arm-none-eabi/7.3.1/thumb/v7-m/crti.o
                0x0000000008008c20                _init
 .init          0x0000000008008c24        0x8 c:/st/stm32cubeide_1.0.2/stm32cubeide/plugins/com.st.stm32cube.ide.mcu.externaltools.gnu-tools-for-stm32.7-2018-q2-update.win32_1.0.0.201904181610/tools/bin/../lib/gcc/arm-none-eabi/7.3.1/thumb/v7-m/crtn.o
 *(.fini)
 .fini          0x0000000008008c2c        0x4 c:/st/stm32cubeide_1.0.2/stm32cubeide/plugins/com.st.stm32cube.ide.mcu.externaltools.gnu-tools-for-stm32.7-2018-q2-update.win32_1.0.0.201904181610/tools/bin/../lib/gcc/arm-none-eabi/7.3.1/thumb/v7-m/crti.o
                0x0000000008008c2c                _fini
 .fini          0x0000000008008c30        0x8 c:/st/stm32cubeide_1.0.2/stm32cubeide/plugins/com.st.stm32cube.ide.mcu.externaltools.gnu-tools-for-stm32.7-2018-q2-update.win32_1.0.0.201904181610/tools/bin/../lib/gcc/arm-none-eabi/7.3.1/thumb/v7-m/crtn.o
                0x0000000008008c38                . = ALIGN (0x4)
                0x0000000008008c38                _etext = .

.vfp11_veneer   0x0000000008008c38        0x0
 .vfp11_veneer  0x0000000008008c38        0x0 linker stubs

.v4_bx          0x0000000008008c38        0x0
 .v4_bx         0x0000000008008c38        0x0 linker stubs

.iplt           0x0000000008008c38        0x0
 .iplt          0x0000000008008c38        0x0 c:/st/stm32cubeide_1.0.2/stm32cubeide/plugins/com.st.stm32cube.ide.mcu.externaltools.gnu-tools-for-stm32.7-2018-q2-update.win32_1.0.0.201904181610/tools/bin/../lib/gcc/arm-none-eabi/7.3.1/thumb/v7-m/crtbegin.o

.rodata         0x0000000008008c38      0x65c
                0x0000000008008c38                . = ALIGN (0x4)
 *(.rodata)
 .rodata        0x0000000008008c38       0x27 Core/Src/main.o
 *fill*         0x0000000008008c5f        0x1 
 .rodata        0x0000000008008c60       0x3a Core/Src/sd_wr.o
 *fill*         0x0000000008008c9a        0x2 
 .rodata        0x0000000008008c9c       0x12 Drivers/STM32F1xx_HAL_Driver/Src/stm32f1xx_hal_rcc.o
 *fill*         0x0000000008008cae        0x2 
 .rodata        0x0000000008008cb0       0x48 Middlewares/Third_Party/FatFs/src/ff.o
 *(.rodata*)
 .rodata.AHBPrescTable
                0x0000000008008cf8       0x10 Core/Src/system_stm32f1xx.o
                0x0000000008008cf8                AHBPrescTable
 .rodata.APBPrescTable
                0x0000000008008d08        0x8 Core/Src/system_stm32f1xx.o
                0x0000000008008d08                APBPrescTable
 .rodata.ExCvt  0x0000000008008d10       0x80 Middlewares/Third_Party/FatFs/src/ff.o
 .rodata.LfnOfs
                0x0000000008008d90        0xd Middlewares/Third_Party/FatFs/src/ff.o
 *fill*         0x0000000008008d9d        0x3 
 .rodata.Tbl    0x0000000008008da0      0x100 Middlewares/Third_Party/FatFs/src/option/ccsbcs.o
 .rodata.tbl_lower.6386
                0x0000000008008ea0      0x1e0 Middlewares/Third_Party/FatFs/src/option/ccsbcs.o
 .rodata.tbl_upper.6387
                0x0000000008009080      0x1e0 Middlewares/Third_Party/FatFs/src/option/ccsbcs.o
 .rodata._svfprintf_r.str1.1
                0x0000000008009260       0x11 c:/st/stm32cubeide_1.0.2/stm32cubeide/plugins/com.st.stm32cube.ide.mcu.externaltools.gnu-tools-for-stm32.7-2018-q2-update.win32_1.0.0.201904181610/tools/bin/../lib/gcc/arm-none-eabi/7.3.1/../../../../arm-none-eabi/lib/thumb/v7-m\libc_nano.a(lib_a-nano-svfprintf.o)
 .rodata._printf_i.str1.1
                0x0000000008009271       0x22 c:/st/stm32cubeide_1.0.2/stm32cubeide/plugins/com.st.stm32cube.ide.mcu.externaltools.gnu-tools-for-stm32.7-2018-q2-update.win32_1.0.0.201904181610/tools/bin/../lib/gcc/arm-none-eabi/7.3.1/../../../../arm-none-eabi/lib/thumb/v7-m\libc_nano.a(lib_a-nano-vfprintf_i.o)
                0x0000000008009294                . = ALIGN (0x4)
 *fill*         0x0000000008009293        0x1 

.rel.dyn        0x0000000008009294        0x0
 .rel.iplt      0x0000000008009294        0x0 c:/st/stm32cubeide_1.0.2/stm32cubeide/plugins/com.st.stm32cube.ide.mcu.externaltools.gnu-tools-for-stm32.7-2018-q2-update.win32_1.0.0.201904181610/tools/bin/../lib/gcc/arm-none-eabi/7.3.1/thumb/v7-m/crtbegin.o

.ARM.extab      0x0000000008009294        0x0
                0x0000000008009294                . = ALIGN (0x4)
 *(.ARM.extab* .gnu.linkonce.armextab.*)
                0x0000000008009294                . = ALIGN (0x4)

.ARM            0x0000000008009294        0x0
                0x0000000008009294                . = ALIGN (0x4)
                0x0000000008009294                __exidx_start = .
 *(.ARM.exidx*)
                0x0000000008009294                __exidx_end = .
                0x0000000008009294                . = ALIGN (0x4)

.preinit_array  0x0000000008009294        0x0
                0x0000000008009294                . = ALIGN (0x4)
                0x0000000008009294                PROVIDE (__preinit_array_start = .)
 *(.preinit_array*)
                0x0000000008009294                PROVIDE (__preinit_array_end = .)
                0x0000000008009294                . = ALIGN (0x4)

.init_array     0x0000000008009294        0x4
                0x0000000008009294                . = ALIGN (0x4)
                0x0000000008009294                PROVIDE (__init_array_start = .)
 *(SORT_BY_NAME(.init_array.*))
 *(.init_array*)
 .init_array    0x0000000008009294        0x4 c:/st/stm32cubeide_1.0.2/stm32cubeide/plugins/com.st.stm32cube.ide.mcu.externaltools.gnu-tools-for-stm32.7-2018-q2-update.win32_1.0.0.201904181610/tools/bin/../lib/gcc/arm-none-eabi/7.3.1/thumb/v7-m/crtbegin.o
                0x0000000008009298                PROVIDE (__init_array_end = .)
                0x0000000008009298                . = ALIGN (0x4)

.fini_array     0x0000000008009298        0x4
                0x0000000008009298                . = ALIGN (0x4)
                [!provide]                        PROVIDE (__fini_array_start = .)
 *(SORT_BY_NAME(.fini_array.*))
 *(.fini_array*)
 .fini_array    0x0000000008009298        0x4 c:/st/stm32cubeide_1.0.2/stm32cubeide/plugins/com.st.stm32cube.ide.mcu.externaltools.gnu-tools-for-stm32.7-2018-q2-update.win32_1.0.0.201904181610/tools/bin/../lib/gcc/arm-none-eabi/7.3.1/thumb/v7-m/crtbegin.o
                [!provide]                        PROVIDE (__fini_array_end = .)
                0x000000000800929c                . = ALIGN (0x4)
                0x000000000800929c                _sidata = LOADADDR (.data)

.data           0x0000000020000000       0x88 load address 0x000000000800929c
                0x0000000020000000                . = ALIGN (0x4)
                0x0000000020000000                _sdata = .
 *(.data)
 *(.data*)
 .data.Stat     0x0000000020000000        0x1 Core/Src/fatfs_sd.o
 *fill*         0x0000000020000001        0x3 
 .data.SystemCoreClock
                0x0000000020000004        0x4 Core/Src/system_stm32f1xx.o
                0x0000000020000004                SystemCoreClock
 .data.uwTickPrio
                0x0000000020000008        0x4 Drivers/STM32F1xx_HAL_Driver/Src/stm32f1xx_hal.o
                0x0000000020000008                uwTickPrio
 .data.uwTickFreq
                0x000000002000000c        0x1 Drivers/STM32F1xx_HAL_Driver/Src/stm32f1xx_hal.o
                0x000000002000000c                uwTickFreq
 *fill*         0x000000002000000d        0x3 
 .data.USER_Driver
                0x0000000020000010       0x14 FATFS/Target/user_diskio.o
                0x0000000020000010                USER_Driver
 .data._impure_ptr
                0x0000000020000024        0x4 c:/st/stm32cubeide_1.0.2/stm32cubeide/plugins/com.st.stm32cube.ide.mcu.externaltools.gnu-tools-for-stm32.7-2018-q2-update.win32_1.0.0.201904181610/tools/bin/../lib/gcc/arm-none-eabi/7.3.1/../../../../arm-none-eabi/lib/thumb/v7-m\libc_nano.a(lib_a-impure.o)
                0x0000000020000024                _impure_ptr
 .data.impure_data
                0x0000000020000028       0x60 c:/st/stm32cubeide_1.0.2/stm32cubeide/plugins/com.st.stm32cube.ide.mcu.externaltools.gnu-tools-for-stm32.7-2018-q2-update.win32_1.0.0.201904181610/tools/bin/../lib/gcc/arm-none-eabi/7.3.1/../../../../arm-none-eabi/lib/thumb/v7-m\libc_nano.a(lib_a-impure.o)
                0x0000000020000088                . = ALIGN (0x4)
                0x0000000020000088                _edata = .

.igot.plt       0x0000000020000088        0x0 load address 0x0000000008009324
 .igot.plt      0x0000000020000088        0x0 c:/st/stm32cubeide_1.0.2/stm32cubeide/plugins/com.st.stm32cube.ide.mcu.externaltools.gnu-tools-for-stm32.7-2018-q2-update.win32_1.0.0.201904181610/tools/bin/../lib/gcc/arm-none-eabi/7.3.1/thumb/v7-m/crtbegin.o
                0x0000000020000088                . = ALIGN (0x4)

.bss            0x0000000020000088     0x4884 load address 0x0000000008009324
                0x0000000020000088                _sbss = .
                0x0000000020000088                __bss_start__ = _sbss
 *(.bss)
 .bss           0x0000000020000088       0x1c c:/st/stm32cubeide_1.0.2/stm32cubeide/plugins/com.st.stm32cube.ide.mcu.externaltools.gnu-tools-for-stm32.7-2018-q2-update.win32_1.0.0.201904181610/tools/bin/../lib/gcc/arm-none-eabi/7.3.1/thumb/v7-m/crtbegin.o
 *(.bss*)
 .bss.CardType  0x00000000200000a4        0x1 Core/Src/fatfs_sd.o
 .bss.PowerFlag
                0x00000000200000a5        0x1 Core/Src/fatfs_sd.o
 .bss.FatFsCnt  0x00000000200000a6        0x1 Core/Src/stm32f1xx_it.o
                0x00000000200000a6                FatFsCnt
 *fill*         0x00000000200000a7        0x1 
 .bss.heap_end.5149
                0x00000000200000a8        0x4 Core/Src/sysmem.o
 .bss.FatFs     0x00000000200000ac        0x4 Middlewares/Third_Party/FatFs/src/ff.o
 .bss.Fsid      0x00000000200000b0        0x2 Middlewares/Third_Party/FatFs/src/ff.o
 *fill*         0x00000000200000b2        0x2 
 .bss.Files     0x00000000200000b4       0x18 Middlewares/Third_Party/FatFs/src/ff.o
 .bss.LfnBuf    0x00000000200000cc      0x200 Middlewares/Third_Party/FatFs/src/ff.o
 .bss.disk      0x00000000200002cc        0xc Middlewares/Third_Party/FatFs/src/ff_gen_drv.o
                0x00000000200002cc                disk
 .bss.__malloc_free_list
                0x00000000200002d8        0x4 c:/st/stm32cubeide_1.0.2/stm32cubeide/plugins/com.st.stm32cube.ide.mcu.externaltools.gnu-tools-for-stm32.7-2018-q2-update.win32_1.0.0.201904181610/tools/bin/../lib/gcc/arm-none-eabi/7.3.1/../../../../arm-none-eabi/lib/thumb/v7-m\libc_nano.a(lib_a-nano-mallocr.o)
                0x00000000200002d8                __malloc_free_list
 .bss.__malloc_sbrk_start
                0x00000000200002dc        0x4 c:/st/stm32cubeide_1.0.2/stm32cubeide/plugins/com.st.stm32cube.ide.mcu.externaltools.gnu-tools-for-stm32.7-2018-q2-update.win32_1.0.0.201904181610/tools/bin/../lib/gcc/arm-none-eabi/7.3.1/../../../../arm-none-eabi/lib/thumb/v7-m\libc_nano.a(lib_a-nano-mallocr.o)
                0x00000000200002dc                __malloc_sbrk_start
 *(COMMON)
 COMMON         0x00000000200002e0     0x25bc Core/Src/main.o
                0x00000000200002e0                fre_clust
                0x00000000200002e4                fs
                0x0000000020001314                hi2c1
                0x0000000020001368                hcan
                0x0000000020001390                br
                0x0000000020001394                hadc1
                0x00000000200013c4                free_space
                0x00000000200013c8                huart1
                0x0000000020001408                buffer
                0x0000000020001808                bw
                0x000000002000180c                pfs
                0x0000000020001810                fresult
                0x0000000020001814                hspi1
                0x000000002000186c                total
                0x0000000020001870                fil
 COMMON         0x000000002000289c        0x2 Core/Src/stm32f1xx_it.o
                0x000000002000289c                Timer2
                0x000000002000289d                Timer1
 *fill*         0x000000002000289e        0x2 
 COMMON         0x00000000200028a0        0x4 Drivers/STM32F1xx_HAL_Driver/Src/stm32f1xx_hal.o
                0x00000000200028a0                uwTick
 COMMON         0x00000000200028a4     0x2064 FATFS/App/fatfs.o
                0x00000000200028a4                USERPath
                0x00000000200028a8                retUSER
                0x00000000200028ac                USERFile
                0x00000000200038d8                USERFatFS
 COMMON         0x0000000020004908        0x4 c:/st/stm32cubeide_1.0.2/stm32cubeide/plugins/com.st.stm32cube.ide.mcu.externaltools.gnu-tools-for-stm32.7-2018-q2-update.win32_1.0.0.201904181610/tools/bin/../lib/gcc/arm-none-eabi/7.3.1/../../../../arm-none-eabi/lib/thumb/v7-m\libc_nano.a(lib_a-reent.o)
                0x0000000020004908                errno
                0x000000002000490c                . = ALIGN (0x4)
                0x000000002000490c                _ebss = .
                0x000000002000490c                __bss_end__ = _ebss

._user_heap_stack
                0x000000002000490c      0x604 load address 0x0000000008009324
                0x0000000020004910                . = ALIGN (0x8)
 *fill*         0x000000002000490c        0x4 
                0x0000000020004910                PROVIDE (end = .)
                [!provide]                        PROVIDE (_end = .)
                0x0000000020004b10                . = (. + _Min_Heap_Size)
 *fill*         0x0000000020004910      0x200 
                0x0000000020004f10                . = (. + _Min_Stack_Size)
 *fill*         0x0000000020004b10      0x400 
                0x0000000020004f10                . = ALIGN (0x8)

/DISCARD/
 libc.a(*)
 libm.a(*)
 libgcc.a(*)

.ARM.attributes
                0x0000000000000000       0x29
 *(.ARM.attributes)
 .ARM.attributes
                0x0000000000000000       0x1d c:/st/stm32cubeide_1.0.2/stm32cubeide/plugins/com.st.stm32cube.ide.mcu.externaltools.gnu-tools-for-stm32.7-2018-q2-update.win32_1.0.0.201904181610/tools/bin/../lib/gcc/arm-none-eabi/7.3.1/thumb/v7-m/crti.o
 .ARM.attributes
                0x000000000000001d       0x2d c:/st/stm32cubeide_1.0.2/stm32cubeide/plugins/com.st.stm32cube.ide.mcu.externaltools.gnu-tools-for-stm32.7-2018-q2-update.win32_1.0.0.201904181610/tools/bin/../lib/gcc/arm-none-eabi/7.3.1/thumb/v7-m/crtbegin.o
 .ARM.attributes
                0x000000000000004a       0x33 Core/Src/fatfs_sd.o
 .ARM.attributes
                0x000000000000007d       0x33 Core/Src/main.o
 .ARM.attributes
                0x00000000000000b0       0x33 Core/Src/sd_wr.o
 .ARM.attributes
                0x00000000000000e3       0x33 Core/Src/stm32f1xx_hal_msp.o
 .ARM.attributes
                0x0000000000000116       0x33 Core/Src/stm32f1xx_it.o
 .ARM.attributes
                0x0000000000000149       0x33 Core/Src/sysmem.o
 .ARM.attributes
                0x000000000000017c       0x33 Core/Src/system_stm32f1xx.o
 .ARM.attributes
                0x00000000000001af       0x21 Core/Startup/startup_stm32f103c8tx.o
 .ARM.attributes
                0x00000000000001d0       0x33 Drivers/STM32F1xx_HAL_Driver/Src/stm32f1xx_hal.o
 .ARM.attributes
                0x0000000000000203       0x33 Drivers/STM32F1xx_HAL_Driver/Src/stm32f1xx_hal_adc.o
 .ARM.attributes
                0x0000000000000236       0x33 Drivers/STM32F1xx_HAL_Driver/Src/stm32f1xx_hal_can.o
 .ARM.attributes
                0x0000000000000269       0x33 Drivers/STM32F1xx_HAL_Driver/Src/stm32f1xx_hal_cortex.o
 .ARM.attributes
                0x000000000000029c       0x33 Drivers/STM32F1xx_HAL_Driver/Src/stm32f1xx_hal_gpio.o
 .ARM.attributes
                0x00000000000002cf       0x33 Drivers/STM32F1xx_HAL_Driver/Src/stm32f1xx_hal_i2c.o
 .ARM.attributes
                0x0000000000000302       0x33 Drivers/STM32F1xx_HAL_Driver/Src/stm32f1xx_hal_rcc.o
 .ARM.attributes
                0x0000000000000335       0x33 Drivers/STM32F1xx_HAL_Driver/Src/stm32f1xx_hal_rcc_ex.o
 .ARM.attributes
                0x0000000000000368       0x33 Drivers/STM32F1xx_HAL_Driver/Src/stm32f1xx_hal_spi.o
 .ARM.attributes
                0x000000000000039b       0x33 Drivers/STM32F1xx_HAL_Driver/Src/stm32f1xx_hal_uart.o
 .ARM.attributes
                0x00000000000003ce       0x33 FATFS/App/fatfs.o
 .ARM.attributes
                0x0000000000000401       0x33 FATFS/Target/user_diskio.o
 .ARM.attributes
                0x0000000000000434       0x33 Middlewares/Third_Party/FatFs/src/diskio.o
 .ARM.attributes
                0x0000000000000467       0x33 Middlewares/Third_Party/FatFs/src/ff.o
 .ARM.attributes
                0x000000000000049a       0x33 Middlewares/Third_Party/FatFs/src/ff_gen_drv.o
 .ARM.attributes
                0x00000000000004cd       0x33 Middlewares/Third_Party/FatFs/src/option/ccsbcs.o
 .ARM.attributes
                0x0000000000000500       0x2d c:/st/stm32cubeide_1.0.2/stm32cubeide/plugins/com.st.stm32cube.ide.mcu.externaltools.gnu-tools-for-stm32.7-2018-q2-update.win32_1.0.0.201904181610/tools/bin/../lib/gcc/arm-none-eabi/7.3.1/../../../../arm-none-eabi/lib/thumb/v7-m\libc_nano.a(lib_a-errno.o)
 .ARM.attributes
                0x000000000000052d       0x2d c:/st/stm32cubeide_1.0.2/stm32cubeide/plugins/com.st.stm32cube.ide.mcu.externaltools.gnu-tools-for-stm32.7-2018-q2-update.win32_1.0.0.201904181610/tools/bin/../lib/gcc/arm-none-eabi/7.3.1/../../../../arm-none-eabi/lib/thumb/v7-m\libc_nano.a(lib_a-impure.o)
 .ARM.attributes
                0x000000000000055a       0x2d c:/st/stm32cubeide_1.0.2/stm32cubeide/plugins/com.st.stm32cube.ide.mcu.externaltools.gnu-tools-for-stm32.7-2018-q2-update.win32_1.0.0.201904181610/tools/bin/../lib/gcc/arm-none-eabi/7.3.1/../../../../arm-none-eabi/lib/thumb/v7-m\libc_nano.a(lib_a-init.o)
 .ARM.attributes
                0x0000000000000587       0x2d c:/st/stm32cubeide_1.0.2/stm32cubeide/plugins/com.st.stm32cube.ide.mcu.externaltools.gnu-tools-for-stm32.7-2018-q2-update.win32_1.0.0.201904181610/tools/bin/../lib/gcc/arm-none-eabi/7.3.1/../../../../arm-none-eabi/lib/thumb/v7-m\libc_nano.a(lib_a-memset.o)
 .ARM.attributes
                0x00000000000005b4       0x2d c:/st/stm32cubeide_1.0.2/stm32cubeide/plugins/com.st.stm32cube.ide.mcu.externaltools.gnu-tools-for-stm32.7-2018-q2-update.win32_1.0.0.201904181610/tools/bin/../lib/gcc/arm-none-eabi/7.3.1/../../../../arm-none-eabi/lib/thumb/v7-m\libc_nano.a(lib_a-sprintf.o)
 .ARM.attributes
                0x00000000000005e1       0x2d c:/st/stm32cubeide_1.0.2/stm32cubeide/plugins/com.st.stm32cube.ide.mcu.externaltools.gnu-tools-for-stm32.7-2018-q2-update.win32_1.0.0.201904181610/tools/bin/../lib/gcc/arm-none-eabi/7.3.1/../../../../arm-none-eabi/lib/thumb/v7-m\libc_nano.a(lib_a-strcpy.o)
 .ARM.attributes
                0x000000000000060e       0x2d c:/st/stm32cubeide_1.0.2/stm32cubeide/plugins/com.st.stm32cube.ide.mcu.externaltools.gnu-tools-for-stm32.7-2018-q2-update.win32_1.0.0.201904181610/tools/bin/../lib/gcc/arm-none-eabi/7.3.1/../../../../arm-none-eabi/lib/thumb/v7-m\libc_nano.a(lib_a-nano-svfprintf.o)
 .ARM.attributes
                0x000000000000063b       0x2d c:/st/stm32cubeide_1.0.2/stm32cubeide/plugins/com.st.stm32cube.ide.mcu.externaltools.gnu-tools-for-stm32.7-2018-q2-update.win32_1.0.0.201904181610/tools/bin/../lib/gcc/arm-none-eabi/7.3.1/../../../../arm-none-eabi/lib/thumb/v7-m\libc_nano.a(lib_a-nano-vfprintf_i.o)
 .ARM.attributes
                0x0000000000000668       0x2d c:/st/stm32cubeide_1.0.2/stm32cubeide/plugins/com.st.stm32cube.ide.mcu.externaltools.gnu-tools-for-stm32.7-2018-q2-update.win32_1.0.0.201904181610/tools/bin/../lib/gcc/arm-none-eabi/7.3.1/../../../../arm-none-eabi/lib/thumb/v7-m\libc_nano.a(lib_a-memchr-stub.o)
 .ARM.attributes
                0x0000000000000695       0x2d c:/st/stm32cubeide_1.0.2/stm32cubeide/plugins/com.st.stm32cube.ide.mcu.externaltools.gnu-tools-for-stm32.7-2018-q2-update.win32_1.0.0.201904181610/tools/bin/../lib/gcc/arm-none-eabi/7.3.1/../../../../arm-none-eabi/lib/thumb/v7-m\libc_nano.a(lib_a-memcpy-stub.o)
 .ARM.attributes
                0x00000000000006c2       0x2d c:/st/stm32cubeide_1.0.2/stm32cubeide/plugins/com.st.stm32cube.ide.mcu.externaltools.gnu-tools-for-stm32.7-2018-q2-update.win32_1.0.0.201904181610/tools/bin/../lib/gcc/arm-none-eabi/7.3.1/../../../../arm-none-eabi/lib/thumb/v7-m\libc_nano.a(lib_a-memmove.o)
 .ARM.attributes
                0x00000000000006ef       0x2d c:/st/stm32cubeide_1.0.2/stm32cubeide/plugins/com.st.stm32cube.ide.mcu.externaltools.gnu-tools-for-stm32.7-2018-q2-update.win32_1.0.0.201904181610/tools/bin/../lib/gcc/arm-none-eabi/7.3.1/../../../../arm-none-eabi/lib/thumb/v7-m\libc_nano.a(lib_a-nano-freer.o)
 .ARM.attributes
                0x000000000000071c       0x2d c:/st/stm32cubeide_1.0.2/stm32cubeide/plugins/com.st.stm32cube.ide.mcu.externaltools.gnu-tools-for-stm32.7-2018-q2-update.win32_1.0.0.201904181610/tools/bin/../lib/gcc/arm-none-eabi/7.3.1/../../../../arm-none-eabi/lib/thumb/v7-m\libc_nano.a(lib_a-nano-mallocr.o)
 .ARM.attributes
                0x0000000000000749       0x2d c:/st/stm32cubeide_1.0.2/stm32cubeide/plugins/com.st.stm32cube.ide.mcu.externaltools.gnu-tools-for-stm32.7-2018-q2-update.win32_1.0.0.201904181610/tools/bin/../lib/gcc/arm-none-eabi/7.3.1/../../../../arm-none-eabi/lib/thumb/v7-m\libc_nano.a(lib_a-nano-reallocr.o)
 .ARM.attributes
                0x0000000000000776       0x2d c:/st/stm32cubeide_1.0.2/stm32cubeide/plugins/com.st.stm32cube.ide.mcu.externaltools.gnu-tools-for-stm32.7-2018-q2-update.win32_1.0.0.201904181610/tools/bin/../lib/gcc/arm-none-eabi/7.3.1/../../../../arm-none-eabi/lib/thumb/v7-m\libc_nano.a(lib_a-sbrkr.o)
 .ARM.attributes
                0x00000000000007a3       0x2d c:/st/stm32cubeide_1.0.2/stm32cubeide/plugins/com.st.stm32cube.ide.mcu.externaltools.gnu-tools-for-stm32.7-2018-q2-update.win32_1.0.0.201904181610/tools/bin/../lib/gcc/arm-none-eabi/7.3.1/../../../../arm-none-eabi/lib/thumb/v7-m\libc_nano.a(lib_a-mlock.o)
 .ARM.attributes
                0x00000000000007d0       0x2d c:/st/stm32cubeide_1.0.2/stm32cubeide/plugins/com.st.stm32cube.ide.mcu.externaltools.gnu-tools-for-stm32.7-2018-q2-update.win32_1.0.0.201904181610/tools/bin/../lib/gcc/arm-none-eabi/7.3.1/../../../../arm-none-eabi/lib/thumb/v7-m\libc_nano.a(lib_a-nano-msizer.o)
 .ARM.attributes
                0x00000000000007fd       0x2d c:/st/stm32cubeide_1.0.2/stm32cubeide/plugins/com.st.stm32cube.ide.mcu.externaltools.gnu-tools-for-stm32.7-2018-q2-update.win32_1.0.0.201904181610/tools/bin/../lib/gcc/arm-none-eabi/7.3.1/../../../../arm-none-eabi/lib/thumb/v7-m\libc_nano.a(lib_a-reent.o)
 .ARM.attributes
                0x000000000000082a       0x1d c:/st/stm32cubeide_1.0.2/stm32cubeide/plugins/com.st.stm32cube.ide.mcu.externaltools.gnu-tools-for-stm32.7-2018-q2-update.win32_1.0.0.201904181610/tools/bin/../lib/gcc/arm-none-eabi/7.3.1/thumb/v7-m\libgcc.a(_arm_addsubdf3.o)
 .ARM.attributes
                0x0000000000000847       0x1d c:/st/stm32cubeide_1.0.2/stm32cubeide/plugins/com.st.stm32cube.ide.mcu.externaltools.gnu-tools-for-stm32.7-2018-q2-update.win32_1.0.0.201904181610/tools/bin/../lib/gcc/arm-none-eabi/7.3.1/thumb/v7-m\libgcc.a(_arm_muldivdf3.o)
 .ARM.attributes
                0x0000000000000864       0x1d c:/st/stm32cubeide_1.0.2/stm32cubeide/plugins/com.st.stm32cube.ide.mcu.externaltools.gnu-tools-for-stm32.7-2018-q2-update.win32_1.0.0.201904181610/tools/bin/../lib/gcc/arm-none-eabi/7.3.1/thumb/v7-m\libgcc.a(_arm_fixunsdfsi.o)
 .ARM.attributes
                0x0000000000000881       0x1d c:/st/stm32cubeide_1.0.2/stm32cubeide/plugins/com.st.stm32cube.ide.mcu.externaltools.gnu-tools-for-stm32.7-2018-q2-update.win32_1.0.0.201904181610/tools/bin/../lib/gcc/arm-none-eabi/7.3.1/thumb/v7-m/crtn.o
OUTPUT(fiat.elf elf32-littlearm)

.debug_info     0x0000000000000000    0x13034
 .debug_info    0x0000000000000000      0xb82 Core/Src/fatfs_sd.o
 .debug_info    0x0000000000000b82     0x219b Core/Src/main.o
 .debug_info    0x0000000000002d1d     0x1012 Core/Src/sd_wr.o
 .debug_info    0x0000000000003d2f     0x14a1 Core/Src/stm32f1xx_hal_msp.o
 .debug_info    0x00000000000051d0      0x243 Core/Src/stm32f1xx_it.o
 .debug_info    0x0000000000005413      0x91c Core/Src/sysmem.o
 .debug_info    0x0000000000005d2f      0x433 Core/Src/system_stm32f1xx.o
 .debug_info    0x0000000000006162       0x22 Core/Startup/startup_stm32f103c8tx.o
 .debug_info    0x0000000000006184      0x6fe Drivers/STM32F1xx_HAL_Driver/Src/stm32f1xx_hal.o
 .debug_info    0x0000000000006882      0xc61 Drivers/STM32F1xx_HAL_Driver/Src/stm32f1xx_hal_adc.o
 .debug_info    0x00000000000074e3      0xf92 Drivers/STM32F1xx_HAL_Driver/Src/stm32f1xx_hal_can.o
 .debug_info    0x0000000000008475      0xb46 Drivers/STM32F1xx_HAL_Driver/Src/stm32f1xx_hal_cortex.o
 .debug_info    0x0000000000008fbb      0x681 Drivers/STM32F1xx_HAL_Driver/Src/stm32f1xx_hal_gpio.o
 .debug_info    0x000000000000963c     0x2457 Drivers/STM32F1xx_HAL_Driver/Src/stm32f1xx_hal_i2c.o
 .debug_info    0x000000000000ba93      0x804 Drivers/STM32F1xx_HAL_Driver/Src/stm32f1xx_hal_rcc.o
 .debug_info    0x000000000000c297      0x439 Drivers/STM32F1xx_HAL_Driver/Src/stm32f1xx_hal_rcc_ex.o
 .debug_info    0x000000000000c6d0     0x153a Drivers/STM32F1xx_HAL_Driver/Src/stm32f1xx_hal_spi.o
 .debug_info    0x000000000000dc0a     0x11e3 Drivers/STM32F1xx_HAL_Driver/Src/stm32f1xx_hal_uart.o
 .debug_info    0x000000000000eded      0x594 FATFS/App/fatfs.o
 .debug_info    0x000000000000f381      0xc4f FATFS/Target/user_diskio.o
 .debug_info    0x000000000000ffd0      0x4b3 Middlewares/Third_Party/FatFs/src/diskio.o
 .debug_info    0x0000000000010483     0x2505 Middlewares/Third_Party/FatFs/src/ff.o
 .debug_info    0x0000000000012988      0x451 Middlewares/Third_Party/FatFs/src/ff_gen_drv.o
 .debug_info    0x0000000000012dd9      0x25b Middlewares/Third_Party/FatFs/src/option/ccsbcs.o

.debug_abbrev   0x0000000000000000     0x2c82
 .debug_abbrev  0x0000000000000000      0x262 Core/Src/fatfs_sd.o
 .debug_abbrev  0x0000000000000262      0x2e1 Core/Src/main.o
 .debug_abbrev  0x0000000000000543      0x278 Core/Src/sd_wr.o
 .debug_abbrev  0x00000000000007bb      0x1fe Core/Src/stm32f1xx_hal_msp.o
 .debug_abbrev  0x00000000000009b9       0xd7 Core/Src/stm32f1xx_it.o
 .debug_abbrev  0x0000000000000a90      0x1bb Core/Src/sysmem.o
 .debug_abbrev  0x0000000000000c4b      0x134 Core/Src/system_stm32f1xx.o
 .debug_abbrev  0x0000000000000d7f       0x12 Core/Startup/startup_stm32f103c8tx.o
 .debug_abbrev  0x0000000000000d91      0x1d8 Drivers/STM32F1xx_HAL_Driver/Src/stm32f1xx_hal.o
 .debug_abbrev  0x0000000000000f69      0x1d5 Drivers/STM32F1xx_HAL_Driver/Src/stm32f1xx_hal_adc.o
 .debug_abbrev  0x000000000000113e      0x20e Drivers/STM32F1xx_HAL_Driver/Src/stm32f1xx_hal_can.o
 .debug_abbrev  0x000000000000134c      0x2d5 Drivers/STM32F1xx_HAL_Driver/Src/stm32f1xx_hal_cortex.o
 .debug_abbrev  0x0000000000001621      0x1c0 Drivers/STM32F1xx_HAL_Driver/Src/stm32f1xx_hal_gpio.o
 .debug_abbrev  0x00000000000017e1      0x258 Drivers/STM32F1xx_HAL_Driver/Src/stm32f1xx_hal_i2c.o
 .debug_abbrev  0x0000000000001a39      0x243 Drivers/STM32F1xx_HAL_Driver/Src/stm32f1xx_hal_rcc.o
 .debug_abbrev  0x0000000000001c7c      0x175 Drivers/STM32F1xx_HAL_Driver/Src/stm32f1xx_hal_rcc_ex.o
 .debug_abbrev  0x0000000000001df1      0x240 Drivers/STM32F1xx_HAL_Driver/Src/stm32f1xx_hal_spi.o
 .debug_abbrev  0x0000000000002031      0x242 Drivers/STM32F1xx_HAL_Driver/Src/stm32f1xx_hal_uart.o
 .debug_abbrev  0x0000000000002273      0x17d FATFS/App/fatfs.o
 .debug_abbrev  0x00000000000023f0      0x207 FATFS/Target/user_diskio.o
 .debug_abbrev  0x00000000000025f7      0x16f Middlewares/Third_Party/FatFs/src/diskio.o
 .debug_abbrev  0x0000000000002766      0x278 Middlewares/Third_Party/FatFs/src/ff.o
 .debug_abbrev  0x00000000000029de      0x19c Middlewares/Third_Party/FatFs/src/ff_gen_drv.o
 .debug_abbrev  0x0000000000002b7a      0x108 Middlewares/Third_Party/FatFs/src/option/ccsbcs.o

.debug_aranges  0x0000000000000000     0x1110
 .debug_aranges
                0x0000000000000000       0xa0 Core/Src/fatfs_sd.o
 .debug_aranges
                0x00000000000000a0       0x60 Core/Src/main.o
 .debug_aranges
                0x0000000000000100       0x50 Core/Src/sd_wr.o
 .debug_aranges
                0x0000000000000150       0x70 Core/Src/stm32f1xx_hal_msp.o
 .debug_aranges
                0x00000000000001c0       0x68 Core/Src/stm32f1xx_it.o
 .debug_aranges
                0x0000000000000228       0x20 Core/Src/sysmem.o
 .debug_aranges
                0x0000000000000248       0x28 Core/Src/system_stm32f1xx.o
 .debug_aranges
                0x0000000000000270       0x28 Core/Startup/startup_stm32f103c8tx.o
 .debug_aranges
                0x0000000000000298       0xe0 Drivers/STM32F1xx_HAL_Driver/Src/stm32f1xx_hal.o
 .debug_aranges
                0x0000000000000378       0xf0 Drivers/STM32F1xx_HAL_Driver/Src/stm32f1xx_hal_adc.o
 .debug_aranges
                0x0000000000000468      0x138 Drivers/STM32F1xx_HAL_Driver/Src/stm32f1xx_hal_can.o
 .debug_aranges
                0x00000000000005a0      0x100 Drivers/STM32F1xx_HAL_Driver/Src/stm32f1xx_hal_cortex.o
 .debug_aranges
                0x00000000000006a0       0x58 Drivers/STM32F1xx_HAL_Driver/Src/stm32f1xx_hal_gpio.o
 .debug_aranges
                0x00000000000006f8      0x290 Drivers/STM32F1xx_HAL_Driver/Src/stm32f1xx_hal_i2c.o
 .debug_aranges
                0x0000000000000988       0x90 Drivers/STM32F1xx_HAL_Driver/Src/stm32f1xx_hal_rcc.o
 .debug_aranges
                0x0000000000000a18       0x30 Drivers/STM32F1xx_HAL_Driver/Src/stm32f1xx_hal_rcc_ex.o
 .debug_aranges
                0x0000000000000a48      0x1d0 Drivers/STM32F1xx_HAL_Driver/Src/stm32f1xx_hal_spi.o
 .debug_aranges
                0x0000000000000c18      0x1d0 Drivers/STM32F1xx_HAL_Driver/Src/stm32f1xx_hal_uart.o
 .debug_aranges
                0x0000000000000de8       0x28 FATFS/App/fatfs.o
 .debug_aranges
                0x0000000000000e10       0x40 FATFS/Target/user_diskio.o
 .debug_aranges
                0x0000000000000e50       0x48 Middlewares/Third_Party/FatFs/src/diskio.o
 .debug_aranges
                0x0000000000000e98      0x210 Middlewares/Third_Party/FatFs/src/ff.o
 .debug_aranges
                0x00000000000010a8       0x40 Middlewares/Third_Party/FatFs/src/ff_gen_drv.o
 .debug_aranges
                0x00000000000010e8       0x28 Middlewares/Third_Party/FatFs/src/option/ccsbcs.o

.debug_ranges   0x0000000000000000      0xfb8
 .debug_ranges  0x0000000000000000       0x90 Core/Src/fatfs_sd.o
 .debug_ranges  0x0000000000000090       0x50 Core/Src/main.o
 .debug_ranges  0x00000000000000e0       0x40 Core/Src/sd_wr.o
 .debug_ranges  0x0000000000000120       0x60 Core/Src/stm32f1xx_hal_msp.o
 .debug_ranges  0x0000000000000180       0x58 Core/Src/stm32f1xx_it.o
 .debug_ranges  0x00000000000001d8       0x10 Core/Src/sysmem.o
 .debug_ranges  0x00000000000001e8       0x18 Core/Src/system_stm32f1xx.o
 .debug_ranges  0x0000000000000200       0x20 Core/Startup/startup_stm32f103c8tx.o
 .debug_ranges  0x0000000000000220       0xd0 Drivers/STM32F1xx_HAL_Driver/Src/stm32f1xx_hal.o
 .debug_ranges  0x00000000000002f0       0xe0 Drivers/STM32F1xx_HAL_Driver/Src/stm32f1xx_hal_adc.o
 .debug_ranges  0x00000000000003d0      0x128 Drivers/STM32F1xx_HAL_Driver/Src/stm32f1xx_hal_can.o
 .debug_ranges  0x00000000000004f8       0xf0 Drivers/STM32F1xx_HAL_Driver/Src/stm32f1xx_hal_cortex.o
 .debug_ranges  0x00000000000005e8       0x48 Drivers/STM32F1xx_HAL_Driver/Src/stm32f1xx_hal_gpio.o
 .debug_ranges  0x0000000000000630      0x2a0 Drivers/STM32F1xx_HAL_Driver/Src/stm32f1xx_hal_i2c.o
 .debug_ranges  0x00000000000008d0       0x80 Drivers/STM32F1xx_HAL_Driver/Src/stm32f1xx_hal_rcc.o
 .debug_ranges  0x0000000000000950       0x20 Drivers/STM32F1xx_HAL_Driver/Src/stm32f1xx_hal_rcc_ex.o
 .debug_ranges  0x0000000000000970      0x1c0 Drivers/STM32F1xx_HAL_Driver/Src/stm32f1xx_hal_spi.o
 .debug_ranges  0x0000000000000b30      0x1c0 Drivers/STM32F1xx_HAL_Driver/Src/stm32f1xx_hal_uart.o
 .debug_ranges  0x0000000000000cf0       0x18 FATFS/App/fatfs.o
 .debug_ranges  0x0000000000000d08       0x30 FATFS/Target/user_diskio.o
 .debug_ranges  0x0000000000000d38       0x38 Middlewares/Third_Party/FatFs/src/diskio.o
 .debug_ranges  0x0000000000000d70      0x200 Middlewares/Third_Party/FatFs/src/ff.o
 .debug_ranges  0x0000000000000f70       0x30 Middlewares/Third_Party/FatFs/src/ff_gen_drv.o
 .debug_ranges  0x0000000000000fa0       0x18 Middlewares/Third_Party/FatFs/src/option/ccsbcs.o

.debug_macro    0x0000000000000000    0x16cba
 .debug_macro   0x0000000000000000      0x1f6 Core/Src/fatfs_sd.o
 .debug_macro   0x00000000000001f6      0xa5a Core/Src/fatfs_sd.o
 .debug_macro   0x0000000000000c50      0x22d Core/Src/fatfs_sd.o
 .debug_macro   0x0000000000000e7d       0x2e Core/Src/fatfs_sd.o
 .debug_macro   0x0000000000000eab       0x22 Core/Src/fatfs_sd.o
 .debug_macro   0x0000000000000ecd       0x22 Core/Src/fatfs_sd.o
 .debug_macro   0x0000000000000eef       0x8e Core/Src/fatfs_sd.o
 .debug_macro   0x0000000000000f7d       0x51 Core/Src/fatfs_sd.o
 .debug_macro   0x0000000000000fce       0xef Core/Src/fatfs_sd.o
 .debug_macro   0x00000000000010bd       0x6a Core/Src/fatfs_sd.o
 .debug_macro   0x0000000000001127      0x1df Core/Src/fatfs_sd.o
 .debug_macro   0x0000000000001306       0x1c Core/Src/fatfs_sd.o
 .debug_macro   0x0000000000001322       0x22 Core/Src/fatfs_sd.o
 .debug_macro   0x0000000000001344       0xc3 Core/Src/fatfs_sd.o
 .debug_macro   0x0000000000001407      0xd23 Core/Src/fatfs_sd.o
 .debug_macro   0x000000000000212a     0xe09e Core/Src/fatfs_sd.o
 .debug_macro   0x00000000000101c8       0x43 Core/Src/fatfs_sd.o
 .debug_macro   0x000000000001020b      0x174 Core/Src/fatfs_sd.o
 .debug_macro   0x000000000001037f       0x5a Core/Src/fatfs_sd.o
 .debug_macro   0x00000000000103d9      0x5be Core/Src/fatfs_sd.o
 .debug_macro   0x0000000000010997      0x289 Core/Src/fatfs_sd.o
 .debug_macro   0x0000000000010c20      0x1cb Core/Src/fatfs_sd.o
 .debug_macro   0x0000000000010deb      0x114 Core/Src/fatfs_sd.o
 .debug_macro   0x0000000000010eff      0x1b2 Core/Src/fatfs_sd.o
 .debug_macro   0x00000000000110b1       0x27 Core/Src/fatfs_sd.o
 .debug_macro   0x00000000000110d8      0x136 Core/Src/fatfs_sd.o
 .debug_macro   0x000000000001120e      0x1bc Core/Src/fatfs_sd.o
 .debug_macro   0x00000000000113ca       0x34 Core/Src/fatfs_sd.o
 .debug_macro   0x00000000000113fe       0x3c Core/Src/fatfs_sd.o
 .debug_macro   0x000000000001143a      0x408 Core/Src/fatfs_sd.o
 .debug_macro   0x0000000000011842       0x57 Core/Src/fatfs_sd.o
 .debug_macro   0x0000000000011899      0x46a Core/Src/fatfs_sd.o
 .debug_macro   0x0000000000011d03      0x1b5 Core/Src/fatfs_sd.o
 .debug_macro   0x0000000000011eb8       0x88 Core/Src/fatfs_sd.o
 .debug_macro   0x0000000000011f40      0x241 Core/Src/fatfs_sd.o
 .debug_macro   0x0000000000012181      0x280 Core/Src/fatfs_sd.o
 .debug_macro   0x0000000000012401      0x141 Core/Src/fatfs_sd.o
 .debug_macro   0x0000000000012542      0x217 Core/Src/fatfs_sd.o
 .debug_macro   0x0000000000012759      0x26b Core/Src/fatfs_sd.o
 .debug_macro   0x00000000000129c4       0x83 Core/Src/fatfs_sd.o
 .debug_macro   0x0000000000012a47       0x16 Core/Src/fatfs_sd.o
 .debug_macro   0x0000000000012a5d       0x7c Core/Src/fatfs_sd.o
 .debug_macro   0x0000000000012ad9       0x6a Core/Src/fatfs_sd.o
 .debug_macro   0x0000000000012b43      0x3ac Core/Src/main.o
 .debug_macro   0x0000000000012eef       0x28 Core/Src/main.o
 .debug_macro   0x0000000000012f17       0xde Core/Src/main.o
 .debug_macro   0x0000000000012ff5       0xf5 Core/Src/main.o
 .debug_macro   0x00000000000130ea       0x8e Core/Src/main.o
 .debug_macro   0x0000000000013178       0x46 Core/Src/main.o
 .debug_macro   0x00000000000131be       0x18 Core/Src/main.o
 .debug_macro   0x00000000000131d6       0x3c Core/Src/main.o
 .debug_macro   0x0000000000013212       0x34 Core/Src/main.o
 .debug_macro   0x0000000000013246       0x52 Core/Src/main.o
 .debug_macro   0x0000000000013298       0x1f Core/Src/main.o
 .debug_macro   0x00000000000132b7       0x43 Core/Src/main.o
 .debug_macro   0x00000000000132fa       0x20 Core/Src/main.o
 .debug_macro   0x000000000001331a      0x1a3 Core/Src/main.o
 .debug_macro   0x00000000000134bd      0x32a Core/Src/main.o
 .debug_macro   0x00000000000137e7       0x10 Core/Src/main.o
 .debug_macro   0x00000000000137f7       0x35 Core/Src/main.o
 .debug_macro   0x000000000001382c       0x20 Core/Src/main.o
 .debug_macro   0x000000000001384c       0x1c Core/Src/main.o
 .debug_macro   0x0000000000013868       0x10 Core/Src/main.o
 .debug_macro   0x0000000000013878       0x10 Core/Src/main.o
 .debug_macro   0x0000000000013888       0x1c Core/Src/main.o
 .debug_macro   0x00000000000138a4       0x52 Core/Src/main.o
 .debug_macro   0x00000000000138f6       0x40 Core/Src/main.o
 .debug_macro   0x0000000000013936       0x10 Core/Src/main.o
 .debug_macro   0x0000000000013946       0x40 Core/Src/main.o
 .debug_macro   0x0000000000013986       0xd7 Core/Src/main.o
 .debug_macro   0x0000000000013a5d       0x1c Core/Src/main.o
 .debug_macro   0x0000000000013a79       0x3d Core/Src/main.o
 .debug_macro   0x0000000000013ab6       0x16 Core/Src/main.o
 .debug_macro   0x0000000000013acc      0x145 Core/Src/main.o
 .debug_macro   0x0000000000013c11      0x3ba Core/Src/sd_wr.o
 .debug_macro   0x0000000000013fcb       0xd8 Core/Src/sd_wr.o
 .debug_macro   0x00000000000140a3      0x1c6 Core/Src/stm32f1xx_hal_msp.o
 .debug_macro   0x0000000000014269      0x1d0 Core/Src/stm32f1xx_it.o
 .debug_macro   0x0000000000014439      0x1ae Core/Src/sysmem.o
 .debug_macro   0x00000000000145e7      0x23b Core/Src/sysmem.o
 .debug_macro   0x0000000000014822       0x16 Core/Src/sysmem.o
 .debug_macro   0x0000000000014838      0x1bd Core/Src/system_stm32f1xx.o
 .debug_macro   0x00000000000149f5      0x1db Drivers/STM32F1xx_HAL_Driver/Src/stm32f1xx_hal.o
 .debug_macro   0x0000000000014bd0      0x1d4 Drivers/STM32F1xx_HAL_Driver/Src/stm32f1xx_hal_adc.o
 .debug_macro   0x0000000000014da4      0x1bf Drivers/STM32F1xx_HAL_Driver/Src/stm32f1xx_hal_can.o
 .debug_macro   0x0000000000014f63      0x1b7 Drivers/STM32F1xx_HAL_Driver/Src/stm32f1xx_hal_cortex.o
 .debug_macro   0x000000000001511a      0x222 Drivers/STM32F1xx_HAL_Driver/Src/stm32f1xx_hal_gpio.o
 .debug_macro   0x000000000001533c      0x1f7 Drivers/STM32F1xx_HAL_Driver/Src/stm32f1xx_hal_i2c.o
 .debug_macro   0x0000000000015533      0x1c9 Drivers/STM32F1xx_HAL_Driver/Src/stm32f1xx_hal_rcc.o
 .debug_macro   0x00000000000156fc      0x1b7 Drivers/STM32F1xx_HAL_Driver/Src/stm32f1xx_hal_rcc_ex.o
 .debug_macro   0x00000000000158b3      0x1bf Drivers/STM32F1xx_HAL_Driver/Src/stm32f1xx_hal_spi.o
 .debug_macro   0x0000000000015a72      0x1b8 Drivers/STM32F1xx_HAL_Driver/Src/stm32f1xx_hal_uart.o
 .debug_macro   0x0000000000015c2a      0x219 FATFS/App/fatfs.o
 .debug_macro   0x0000000000015e43      0x2c1 FATFS/Target/user_diskio.o
 .debug_macro   0x0000000000016104       0xbd FATFS/Target/user_diskio.o
 .debug_macro   0x00000000000161c1       0x54 FATFS/Target/user_diskio.o
 .debug_macro   0x0000000000016215      0x206 Middlewares/Third_Party/FatFs/src/diskio.o
 .debug_macro   0x000000000001641b      0x44d Middlewares/Third_Party/FatFs/src/ff.o
 .debug_macro   0x0000000000016868       0x58 Middlewares/Third_Party/FatFs/src/ff.o
 .debug_macro   0x00000000000168c0      0x206 Middlewares/Third_Party/FatFs/src/ff_gen_drv.o
 .debug_macro   0x0000000000016ac6      0x1f4 Middlewares/Third_Party/FatFs/src/option/ccsbcs.o

.debug_line     0x0000000000000000     0xf5b9
 .debug_line    0x0000000000000000      0x9dc Core/Src/fatfs_sd.o
 .debug_line    0x00000000000009dc      0xa42 Core/Src/main.o
 .debug_line    0x000000000000141e      0x9b6 Core/Src/sd_wr.o
 .debug_line    0x0000000000001dd4      0x76a Core/Src/stm32f1xx_hal_msp.o
 .debug_line    0x000000000000253e      0x737 Core/Src/stm32f1xx_it.o
 .debug_line    0x0000000000002c75      0x55e Core/Src/sysmem.o
 .debug_line    0x00000000000031d3      0x6ac Core/Src/system_stm32f1xx.o
 .debug_line    0x000000000000387f       0x84 Core/Startup/startup_stm32f103c8tx.o
 .debug_line    0x0000000000003903      0x854 Drivers/STM32F1xx_HAL_Driver/Src/stm32f1xx_hal.o
 .debug_line    0x0000000000004157      0xba6 Drivers/STM32F1xx_HAL_Driver/Src/stm32f1xx_hal_adc.o
 .debug_line    0x0000000000004cfd      0xb24 Drivers/STM32F1xx_HAL_Driver/Src/stm32f1xx_hal_can.o
 .debug_line    0x0000000000005821      0x92d Drivers/STM32F1xx_HAL_Driver/Src/stm32f1xx_hal_cortex.o
 .debug_line    0x000000000000614e      0x854 Drivers/STM32F1xx_HAL_Driver/Src/stm32f1xx_hal_gpio.o
 .debug_line    0x00000000000069a2     0x1b17 Drivers/STM32F1xx_HAL_Driver/Src/stm32f1xx_hal_i2c.o
 .debug_line    0x00000000000084b9      0x916 Drivers/STM32F1xx_HAL_Driver/Src/stm32f1xx_hal_rcc.o
 .debug_line    0x0000000000008dcf      0x734 Drivers/STM32F1xx_HAL_Driver/Src/stm32f1xx_hal_rcc_ex.o
 .debug_line    0x0000000000009503     0x1022 Drivers/STM32F1xx_HAL_Driver/Src/stm32f1xx_hal_spi.o
 .debug_line    0x000000000000a525      0xf5f Drivers/STM32F1xx_HAL_Driver/Src/stm32f1xx_hal_uart.o
 .debug_line    0x000000000000b484      0x70d FATFS/App/fatfs.o
 .debug_line    0x000000000000bb91      0x876 FATFS/Target/user_diskio.o
 .debug_line    0x000000000000c407      0x737 Middlewares/Third_Party/FatFs/src/diskio.o
 .debug_line    0x000000000000cb3e     0x1bfd Middlewares/Third_Party/FatFs/src/ff.o
 .debug_line    0x000000000000e73b      0x736 Middlewares/Third_Party/FatFs/src/ff_gen_drv.o
 .debug_line    0x000000000000ee71      0x748 Middlewares/Third_Party/FatFs/src/option/ccsbcs.o

.debug_str      0x0000000000000000    0x77c93
 .debug_str     0x0000000000000000    0x6e54c Core/Src/fatfs_sd.o
                                      0x6e886 (size before relaxing)
 .debug_str     0x000000000006e54c     0x5380 Core/Src/main.o
                                      0x73bdd (size before relaxing)
 .debug_str     0x00000000000738cc       0x75 Core/Src/sd_wr.o
                                      0x72e05 (size before relaxing)
 .debug_str     0x0000000000073941      0x111 Core/Src/stm32f1xx_hal_msp.o
                                      0x6ed8b (size before relaxing)
 .debug_str     0x0000000000073a52       0xd6 Core/Src/stm32f1xx_it.o
                                      0x6e1a7 (size before relaxing)
 .debug_str     0x0000000000073b28      0x4d1 Core/Src/sysmem.o
                                       0x7acf (size before relaxing)
 .debug_str     0x0000000000073ff9       0xc2 Core/Src/system_stm32f1xx.o
                                      0x6e132 (size before relaxing)
 .debug_str     0x00000000000740bb       0x36 Core/Startup/startup_stm32f103c8tx.o
                                         0x74 (size before relaxing)
 .debug_str     0x00000000000740f1      0x629 Drivers/STM32F1xx_HAL_Driver/Src/stm32f1xx_hal.o
                                      0x6e743 (size before relaxing)
 .debug_str     0x000000000007471a      0x35c Drivers/STM32F1xx_HAL_Driver/Src/stm32f1xx_hal_adc.o
                                      0x6e748 (size before relaxing)
 .debug_str     0x0000000000074a76      0x575 Drivers/STM32F1xx_HAL_Driver/Src/stm32f1xx_hal_can.o
                                      0x6e8d8 (size before relaxing)
 .debug_str     0x0000000000074feb      0x2a0 Drivers/STM32F1xx_HAL_Driver/Src/stm32f1xx_hal_cortex.o
                                      0x6e751 (size before relaxing)
 .debug_str     0x000000000007528b      0x324 Drivers/STM32F1xx_HAL_Driver/Src/stm32f1xx_hal_gpio.o
                                      0x6e47c (size before relaxing)
 .debug_str     0x00000000000755af      0xb62 Drivers/STM32F1xx_HAL_Driver/Src/stm32f1xx_hal_i2c.o
                                      0x6f0a8 (size before relaxing)
 .debug_str     0x0000000000076111      0x258 Drivers/STM32F1xx_HAL_Driver/Src/stm32f1xx_hal_rcc.o
                                      0x6e4b5 (size before relaxing)
 .debug_str     0x0000000000076369       0xb9 Drivers/STM32F1xx_HAL_Driver/Src/stm32f1xx_hal_rcc_ex.o
                                      0x6e242 (size before relaxing)
 .debug_str     0x0000000000076422      0x50a Drivers/STM32F1xx_HAL_Driver/Src/stm32f1xx_hal_spi.o
                                      0x6e9a3 (size before relaxing)
 .debug_str     0x000000000007692c      0x50d Drivers/STM32F1xx_HAL_Driver/Src/stm32f1xx_hal_uart.o
                                      0x6e9a4 (size before relaxing)
 .debug_str     0x0000000000076e39       0x2f FATFS/App/fatfs.o
                                      0x6ea1b (size before relaxing)
 .debug_str     0x0000000000076e68       0x5a FATFS/Target/user_diskio.o
                                      0x7191e (size before relaxing)
 .debug_str     0x0000000000076ec2       0x52 Middlewares/Third_Party/FatFs/src/diskio.o
                                      0x6e952 (size before relaxing)
 .debug_str     0x0000000000076f14      0xc73 Middlewares/Third_Party/FatFs/src/ff.o
                                      0x6f7bb (size before relaxing)
 .debug_str     0x0000000000077b87       0xa2 Middlewares/Third_Party/FatFs/src/ff_gen_drv.o
                                      0x6e9a3 (size before relaxing)
 .debug_str     0x0000000000077c29       0x6a Middlewares/Third_Party/FatFs/src/option/ccsbcs.o
                                      0x6e743 (size before relaxing)

.comment        0x0000000000000000       0x7b
 .comment       0x0000000000000000       0x7b Core/Src/fatfs_sd.o
                                         0x7c (size before relaxing)
 .comment       0x000000000000007b       0x7c Core/Src/main.o
 .comment       0x000000000000007b       0x7c Core/Src/sd_wr.o
 .comment       0x000000000000007b       0x7c Core/Src/stm32f1xx_hal_msp.o
 .comment       0x000000000000007b       0x7c Core/Src/stm32f1xx_it.o
 .comment       0x000000000000007b       0x7c Core/Src/sysmem.o
 .comment       0x000000000000007b       0x7c Core/Src/system_stm32f1xx.o
 .comment       0x000000000000007b       0x7c Drivers/STM32F1xx_HAL_Driver/Src/stm32f1xx_hal.o
 .comment       0x000000000000007b       0x7c Drivers/STM32F1xx_HAL_Driver/Src/stm32f1xx_hal_adc.o
 .comment       0x000000000000007b       0x7c Drivers/STM32F1xx_HAL_Driver/Src/stm32f1xx_hal_can.o
 .comment       0x000000000000007b       0x7c Drivers/STM32F1xx_HAL_Driver/Src/stm32f1xx_hal_cortex.o
 .comment       0x000000000000007b       0x7c Drivers/STM32F1xx_HAL_Driver/Src/stm32f1xx_hal_gpio.o
 .comment       0x000000000000007b       0x7c Drivers/STM32F1xx_HAL_Driver/Src/stm32f1xx_hal_i2c.o
 .comment       0x000000000000007b       0x7c Drivers/STM32F1xx_HAL_Driver/Src/stm32f1xx_hal_rcc.o
 .comment       0x000000000000007b       0x7c Drivers/STM32F1xx_HAL_Driver/Src/stm32f1xx_hal_rcc_ex.o
 .comment       0x000000000000007b       0x7c Drivers/STM32F1xx_HAL_Driver/Src/stm32f1xx_hal_spi.o
 .comment       0x000000000000007b       0x7c Drivers/STM32F1xx_HAL_Driver/Src/stm32f1xx_hal_uart.o
 .comment       0x000000000000007b       0x7c FATFS/App/fatfs.o
 .comment       0x000000000000007b       0x7c FATFS/Target/user_diskio.o
 .comment       0x000000000000007b       0x7c Middlewares/Third_Party/FatFs/src/diskio.o
 .comment       0x000000000000007b       0x7c Middlewares/Third_Party/FatFs/src/ff.o
 .comment       0x000000000000007b       0x7c Middlewares/Third_Party/FatFs/src/ff_gen_drv.o
 .comment       0x000000000000007b       0x7c Middlewares/Third_Party/FatFs/src/option/ccsbcs.o

.debug_frame    0x0000000000000000     0x4b20
 .debug_frame   0x0000000000000000      0x268 Core/Src/fatfs_sd.o
 .debug_frame   0x0000000000000268      0x12c Core/Src/main.o
 .debug_frame   0x0000000000000394      0x118 Core/Src/sd_wr.o
 .debug_frame   0x00000000000004ac      0x1a0 Core/Src/stm32f1xx_hal_msp.o
 .debug_frame   0x000000000000064c      0x12c Core/Src/stm32f1xx_it.o
 .debug_frame   0x0000000000000778       0x34 Core/Src/sysmem.o
 .debug_frame   0x00000000000007ac       0x58 Core/Src/system_stm32f1xx.o
 .debug_frame   0x0000000000000804      0x334 Drivers/STM32F1xx_HAL_Driver/Src/stm32f1xx_hal.o
 .debug_frame   0x0000000000000b38      0x40c Drivers/STM32F1xx_HAL_Driver/Src/stm32f1xx_hal_adc.o
 .debug_frame   0x0000000000000f44      0x5a0 Drivers/STM32F1xx_HAL_Driver/Src/stm32f1xx_hal_can.o
 .debug_frame   0x00000000000014e4      0x428 Drivers/STM32F1xx_HAL_Driver/Src/stm32f1xx_hal_cortex.o
 .debug_frame   0x000000000000190c      0x14c Drivers/STM32F1xx_HAL_Driver/Src/stm32f1xx_hal_gpio.o
 .debug_frame   0x0000000000001a58      0xc08 Drivers/STM32F1xx_HAL_Driver/Src/stm32f1xx_hal_i2c.o
 .debug_frame   0x0000000000002660      0x21c Drivers/STM32F1xx_HAL_Driver/Src/stm32f1xx_hal_rcc.o
 .debug_frame   0x000000000000287c       0x84 Drivers/STM32F1xx_HAL_Driver/Src/stm32f1xx_hal_rcc_ex.o
 .debug_frame   0x0000000000002900      0x824 Drivers/STM32F1xx_HAL_Driver/Src/stm32f1xx_hal_spi.o
 .debug_frame   0x0000000000003124      0x834 Drivers/STM32F1xx_HAL_Driver/Src/stm32f1xx_hal_uart.o
 .debug_frame   0x0000000000003958       0x4c FATFS/App/fatfs.o
 .debug_frame   0x00000000000039a4       0xc4 FATFS/Target/user_diskio.o
 .debug_frame   0x0000000000003a68       0xec Middlewares/Third_Party/FatFs/src/diskio.o
 .debug_frame   0x0000000000003b54      0x9ac Middlewares/Third_Party/FatFs/src/ff.o
 .debug_frame   0x0000000000004500       0xc8 Middlewares/Third_Party/FatFs/src/ff_gen_drv.o
 .debug_frame   0x00000000000045c8       0x60 Middlewares/Third_Party/FatFs/src/option/ccsbcs.o
 .debug_frame   0x0000000000004628       0x20 c:/st/stm32cubeide_1.0.2/stm32cubeide/plugins/com.st.stm32cube.ide.mcu.externaltools.gnu-tools-for-stm32.7-2018-q2-update.win32_1.0.0.201904181610/tools/bin/../lib/gcc/arm-none-eabi/7.3.1/../../../../arm-none-eabi/lib/thumb/v7-m\libc_nano.a(lib_a-errno.o)
 .debug_frame   0x0000000000004648       0x2c c:/st/stm32cubeide_1.0.2/stm32cubeide/plugins/com.st.stm32cube.ide.mcu.externaltools.gnu-tools-for-stm32.7-2018-q2-update.win32_1.0.0.201904181610/tools/bin/../lib/gcc/arm-none-eabi/7.3.1/../../../../arm-none-eabi/lib/thumb/v7-m\libc_nano.a(lib_a-init.o)
 .debug_frame   0x0000000000004674       0x20 c:/st/stm32cubeide_1.0.2/stm32cubeide/plugins/com.st.stm32cube.ide.mcu.externaltools.gnu-tools-for-stm32.7-2018-q2-update.win32_1.0.0.201904181610/tools/bin/../lib/gcc/arm-none-eabi/7.3.1/../../../../arm-none-eabi/lib/thumb/v7-m\libc_nano.a(lib_a-memset.o)
 .debug_frame   0x0000000000004694       0x6c c:/st/stm32cubeide_1.0.2/stm32cubeide/plugins/com.st.stm32cube.ide.mcu.externaltools.gnu-tools-for-stm32.7-2018-q2-update.win32_1.0.0.201904181610/tools/bin/../lib/gcc/arm-none-eabi/7.3.1/../../../../arm-none-eabi/lib/thumb/v7-m\libc_nano.a(lib_a-sprintf.o)
 .debug_frame   0x0000000000004700       0x20 c:/st/stm32cubeide_1.0.2/stm32cubeide/plugins/com.st.stm32cube.ide.mcu.externaltools.gnu-tools-for-stm32.7-2018-q2-update.win32_1.0.0.201904181610/tools/bin/../lib/gcc/arm-none-eabi/7.3.1/../../../../arm-none-eabi/lib/thumb/v7-m\libc_nano.a(lib_a-strcpy.o)
 .debug_frame   0x0000000000004720       0x90 c:/st/stm32cubeide_1.0.2/stm32cubeide/plugins/com.st.stm32cube.ide.mcu.externaltools.gnu-tools-for-stm32.7-2018-q2-update.win32_1.0.0.201904181610/tools/bin/../lib/gcc/arm-none-eabi/7.3.1/../../../../arm-none-eabi/lib/thumb/v7-m\libc_nano.a(lib_a-nano-svfprintf.o)
 .debug_frame   0x00000000000047b0       0x60 c:/st/stm32cubeide_1.0.2/stm32cubeide/plugins/com.st.stm32cube.ide.mcu.externaltools.gnu-tools-for-stm32.7-2018-q2-update.win32_1.0.0.201904181610/tools/bin/../lib/gcc/arm-none-eabi/7.3.1/../../../../arm-none-eabi/lib/thumb/v7-m\libc_nano.a(lib_a-nano-vfprintf_i.o)
 .debug_frame   0x0000000000004810       0x28 c:/st/stm32cubeide_1.0.2/stm32cubeide/plugins/com.st.stm32cube.ide.mcu.externaltools.gnu-tools-for-stm32.7-2018-q2-update.win32_1.0.0.201904181610/tools/bin/../lib/gcc/arm-none-eabi/7.3.1/../../../../arm-none-eabi/lib/thumb/v7-m\libc_nano.a(lib_a-memchr-stub.o)
 .debug_frame   0x0000000000004838       0x28 c:/st/stm32cubeide_1.0.2/stm32cubeide/plugins/com.st.stm32cube.ide.mcu.externaltools.gnu-tools-for-stm32.7-2018-q2-update.win32_1.0.0.201904181610/tools/bin/../lib/gcc/arm-none-eabi/7.3.1/../../../../arm-none-eabi/lib/thumb/v7-m\libc_nano.a(lib_a-memcpy-stub.o)
 .debug_frame   0x0000000000004860       0x28 c:/st/stm32cubeide_1.0.2/stm32cubeide/plugins/com.st.stm32cube.ide.mcu.externaltools.gnu-tools-for-stm32.7-2018-q2-update.win32_1.0.0.201904181610/tools/bin/../lib/gcc/arm-none-eabi/7.3.1/../../../../arm-none-eabi/lib/thumb/v7-m\libc_nano.a(lib_a-memmove.o)
 .debug_frame   0x0000000000004888       0x38 c:/st/stm32cubeide_1.0.2/stm32cubeide/plugins/com.st.stm32cube.ide.mcu.externaltools.gnu-tools-for-stm32.7-2018-q2-update.win32_1.0.0.201904181610/tools/bin/../lib/gcc/arm-none-eabi/7.3.1/../../../../arm-none-eabi/lib/thumb/v7-m\libc_nano.a(lib_a-nano-freer.o)