core_cm4.h:2064:26:ITM_SendChar	16	static,ignoring_inline_asm
main.c:143:6:HAL_ADC_ConvCpltCallback	24	static
main.c:157:6:HAL_TIM_PeriodElapsedCallback	24	static
main.c:183:5:main	120	static
main.c:457:6:SystemClock_Config	88	static
main.c:501:13:MX_ADC1_Init	24	static
main.c:639:13:MX_SDIO_SD_Init	4	static
main.c:667:13:MX_SPI2_Init	8	static
main.c:705:13:MX_TIM2_Init	56	static
main.c:754:13:MX_TIM6_Init	16	static
main.c:790:13:MX_DMA_Init	16	static
main.c:814:13:MX_GPIO_Init	48	static
main.c:864:5:__io_putchar	16	static
main.c:869:5:_write	32	static
main.c:883:6:Error_Handler	4	static
