core_cm4.h:2064:26:ITM_SendChar	16	static,ignoring_inline_asm
main.c:124:6:HAL_ADC_ConvCpltCallback	24	static
main.c:170:6:HAL_TIM_PeriodElapsedCallback	88	static
main.c:190:5:main	232	static
main.c:420:6:SystemClock_Config	88	static
main.c:464:13:MX_ADC1_Init	24	static
main.c:562:13:MX_SDIO_SD_Init	4	static
main.c:590:13:MX_SPI2_Init	8	static
main.c:628:13:MX_TIM2_Init	56	static
main.c:677:13:MX_TIM6_Init	16	static
main.c:713:13:MX_DMA_Init	16	static
main.c:731:13:MX_GPIO_Init	48	static
main.c:781:5:__io_putchar	16	static
main.c:786:5:_write	32	static
main.c:800:6:Error_Handler	4	static
