stm32f4xx_hal_sd.c:2514:13:SD_DMATransmitCplt	0	static
stm32f4xx_hal_sd.c:3115:17:SD_FindSCR	64	static
stm32f4xx_hal_sd.c:500:13:HAL_SD_MspInit	0	static
stm32f4xx_hal_sd.c:515:13:HAL_SD_MspDeInit	0	static
stm32f4xx_hal_sd.c:459:19:HAL_SD_DeInit	8	static
stm32f4xx_hal_sd.c:556:19:HAL_SD_ReadBlocks	64	static
stm32f4xx_hal_sd.c:782:19:HAL_SD_WriteBlocks	64	static
stm32f4xx_hal_sd.c:981:19:HAL_SD_ReadBlocks_IT	48	static
stm32f4xx_hal_sd.c:1088:19:HAL_SD_WriteBlocks_IT	48	static
stm32f4xx_hal_sd.c:1196:19:HAL_SD_ReadBlocks_DMA	56	static
stm32f4xx_hal_sd.c:1324:19:HAL_SD_WriteBlocks_DMA	56	static
stm32f4xx_hal_sd.c:1454:19:HAL_SD_Erase	32	static
stm32f4xx_hal_sd.c:1772:21:HAL_SD_GetState	0	static
stm32f4xx_hal_sd.c:1783:10:HAL_SD_GetError	0	static
stm32f4xx_hal_sd.c:1793:13:HAL_SD_TxCpltCallback	0	static
stm32f4xx_hal_sd.c:1808:13:HAL_SD_RxCpltCallback	0	static
stm32f4xx_hal_sd.c:1823:13:HAL_SD_ErrorCallback	0	static
stm32f4xx_hal_sd.c:2527:13:SD_DMAReceiveCplt	16	static
stm32f4xx_hal_sd.c:2569:13:SD_DMAError	8	static
stm32f4xx_hal_sd.c:1838:13:HAL_SD_AbortCallback	0	static
stm32f4xx_hal_sd.c:2613:13:SD_DMATxAbort	16	static
stm32f4xx_hal_sd.c:1556:6:HAL_SD_IRQHandler	32	static
stm32f4xx_hal_sd.c:2652:13:SD_DMARxAbort	16	static
stm32f4xx_hal_sd.c:2049:19:HAL_SD_GetCardCID	8	static
stm32f4xx_hal_sd.c:2082:19:HAL_SD_GetCardCSD	16	static
stm32f4xx_hal_sd.c:403:19:HAL_SD_InitCard	120	static
stm32f4xx_hal_sd.c:335:19:HAL_SD_Init	120	static
stm32f4xx_hal_sd.c:2196:19:HAL_SD_GetCardStatus	120	static
stm32f4xx_hal_sd.c:2244:19:HAL_SD_GetCardInfo	12	static
stm32f4xx_hal_sd.c:2269:19:HAL_SD_ConfigWideBusOperation	56	static
stm32f4xx_hal_sd.c:2340:25:HAL_SD_GetCardState	8	static
stm32f4xx_hal_sd.c:2363:19:HAL_SD_Abort	8	static
stm32f4xx_hal_sd.c:2427:19:HAL_SD_Abort_IT	16	static
