core_cm3.h:1876:26:ITM_SendChar	16	static,ignoring_inline_asm
main.c:126:6:HAL_TIM_PeriodElapsedCallback	88	static
main.c:145:5:main	120	static
main.c:311:6:SystemClock_Config	88	static
main.c:359:13:MX_ADC1_Init	24	static
main.c:412:13:MX_CAN_Init	8	static
main.c:449:13:MX_RTC_Init	16	static
main.c:506:13:MX_SPI2_Init	8	static
main.c:544:13:MX_TIM3_Init	56	static
main.c:593:13:MX_TIM4_Init	32	static
main.c:638:13:MX_GPIO_Init	40	static
main.c:696:5:__io_putchar	16	static
main.c:701:5:_write	32	static
main.c:716:6:Error_Handler	4	static
