Archive member included to satisfy reference by file (symbol)

c:/st/stm32cubeide_1.0.2/stm32cubeide/plugins/com.st.stm32cube.ide.mcu.externaltools.gnu-tools-for-stm32.7-2018-q2-update.win32_1.0.0.201904181610/tools/bin/../lib/gcc/arm-none-eabi/7.3.1/../../../../arm-none-eabi/lib/thumb/v7e-m/fpv4-sp/hard\libc_nano.a(lib_a-errno.o)
                              Core/Src/syscalls.o (__errno)
c:/st/stm32cubeide_1.0.2/stm32cubeide/plugins/com.st.stm32cube.ide.mcu.externaltools.gnu-tools-for-stm32.7-2018-q2-update.win32_1.0.0.201904181610/tools/bin/../lib/gcc/arm-none-eabi/7.3.1/../../../../arm-none-eabi/lib/thumb/v7e-m/fpv4-sp/hard\libc_nano.a(lib_a-exit.o)
                              c:/st/stm32cubeide_1.0.2/stm32cubeide/plugins/com.st.stm32cube.ide.mcu.externaltools.gnu-tools-for-stm32.7-2018-q2-update.win32_1.0.0.201904181610/tools/bin/../lib/gcc/arm-none-eabi/7.3.1/../../../../arm-none-eabi/lib/thumb/v7e-m/fpv4-sp/hard/crt0.o (exit)
c:/st/stm32cubeide_1.0.2/stm32cubeide/plugins/com.st.stm32cube.ide.mcu.externaltools.gnu-tools-for-stm32.7-2018-q2-update.win32_1.0.0.201904181610/tools/bin/../lib/gcc/arm-none-eabi/7.3.1/../../../../arm-none-eabi/lib/thumb/v7e-m/fpv4-sp/hard\libc_nano.a(lib_a-impure.o)
                              c:/st/stm32cubeide_1.0.2/stm32cubeide/plugins/com.st.stm32cube.ide.mcu.externaltools.gnu-tools-for-stm32.7-2018-q2-update.win32_1.0.0.201904181610/tools/bin/../lib/gcc/arm-none-eabi/7.3.1/../../../../arm-none-eabi/lib/thumb/v7e-m/fpv4-sp/hard\libc_nano.a(lib_a-exit.o) (_global_impure_ptr)
c:/st/stm32cubeide_1.0.2/stm32cubeide/plugins/com.st.stm32cube.ide.mcu.externaltools.gnu-tools-for-stm32.7-2018-q2-update.win32_1.0.0.201904181610/tools/bin/../lib/gcc/arm-none-eabi/7.3.1/../../../../arm-none-eabi/lib/thumb/v7e-m/fpv4-sp/hard\libc_nano.a(lib_a-init.o)
                              c:/st/stm32cubeide_1.0.2/stm32cubeide/plugins/com.st.stm32cube.ide.mcu.externaltools.gnu-tools-for-stm32.7-2018-q2-update.win32_1.0.0.201904181610/tools/bin/../lib/gcc/arm-none-eabi/7.3.1/../../../../arm-none-eabi/lib/thumb/v7e-m/fpv4-sp/hard/crt0.o (__libc_init_array)
c:/st/stm32cubeide_1.0.2/stm32cubeide/plugins/com.st.stm32cube.ide.mcu.externaltools.gnu-tools-for-stm32.7-2018-q2-update.win32_1.0.0.201904181610/tools/bin/../lib/gcc/arm-none-eabi/7.3.1/../../../../arm-none-eabi/lib/thumb/v7e-m/fpv4-sp/hard\libc_nano.a(lib_a-memcpy-stub.o)
                              FATFS/Target/sd_diskio.o (memcpy)
c:/st/stm32cubeide_1.0.2/stm32cubeide/plugins/com.st.stm32cube.ide.mcu.externaltools.gnu-tools-for-stm32.7-2018-q2-update.win32_1.0.0.201904181610/tools/bin/../lib/gcc/arm-none-eabi/7.3.1/../../../../arm-none-eabi/lib/thumb/v7e-m/fpv4-sp/hard\libc_nano.a(lib_a-memset.o)
                              c:/st/stm32cubeide_1.0.2/stm32cubeide/plugins/com.st.stm32cube.ide.mcu.externaltools.gnu-tools-for-stm32.7-2018-q2-update.win32_1.0.0.201904181610/tools/bin/../lib/gcc/arm-none-eabi/7.3.1/../../../../arm-none-eabi/lib/thumb/v7e-m/fpv4-sp/hard/crt0.o (memset)
c:/st/stm32cubeide_1.0.2/stm32cubeide/plugins/com.st.stm32cube.ide.mcu.externaltools.gnu-tools-for-stm32.7-2018-q2-update.win32_1.0.0.201904181610/tools/bin/../lib/gcc/arm-none-eabi/7.3.1/../../../../arm-none-eabi/lib/thumb/v7e-m/fpv4-sp/hard\libc_nano.a(lib_a-nano-vfprintf_float.o)
                              (_printf_float)
c:/st/stm32cubeide_1.0.2/stm32cubeide/plugins/com.st.stm32cube.ide.mcu.externaltools.gnu-tools-for-stm32.7-2018-q2-update.win32_1.0.0.201904181610/tools/bin/../lib/gcc/arm-none-eabi/7.3.1/../../../../arm-none-eabi/lib/thumb/v7e-m/fpv4-sp/hard\libc_nano.a(lib_a-nano-vfprintf_i.o)
                              c:/st/stm32cubeide_1.0.2/stm32cubeide/plugins/com.st.stm32cube.ide.mcu.externaltools.gnu-tools-for-stm32.7-2018-q2-update.win32_1.0.0.201904181610/tools/bin/../lib/gcc/arm-none-eabi/7.3.1/../../../../arm-none-eabi/lib/thumb/v7e-m/fpv4-sp/hard\libc_nano.a(lib_a-nano-vfprintf_float.o) (_printf_common)
c:/st/stm32cubeide_1.0.2/stm32cubeide/plugins/com.st.stm32cube.ide.mcu.externaltools.gnu-tools-for-stm32.7-2018-q2-update.win32_1.0.0.201904181610/tools/bin/../lib/gcc/arm-none-eabi/7.3.1/../../../../arm-none-eabi/lib/thumb/v7e-m/fpv4-sp/hard\libc_nano.a(lib_a-printf.o)
                              Core/Src/FOC_lib.o (printf)
c:/st/stm32cubeide_1.0.2/stm32cubeide/plugins/com.st.stm32cube.ide.mcu.externaltools.gnu-tools-for-stm32.7-2018-q2-update.win32_1.0.0.201904181610/tools/bin/../lib/gcc/arm-none-eabi/7.3.1/../../../../arm-none-eabi/lib/thumb/v7e-m/fpv4-sp/hard\libc_nano.a(lib_a-puts.o)
                              Core/Src/main.o (puts)
c:/st/stm32cubeide_1.0.2/stm32cubeide/plugins/com.st.stm32cube.ide.mcu.externaltools.gnu-tools-for-stm32.7-2018-q2-update.win32_1.0.0.201904181610/tools/bin/../lib/gcc/arm-none-eabi/7.3.1/../../../../arm-none-eabi/lib/thumb/v7e-m/fpv4-sp/hard\libc_nano.a(lib_a-sprintf.o)
                              Core/Src/main.o (sprintf)
[...]
Memory Configuration

Name             Origin             Length             Attributes
CCMRAM           0x0000000010000000 0x0000000000010000 xrw
RAM              0x0000000020000000 0x0000000000020000 xrw
FLASH            0x0000000008000000 0x0000000000100000 xr
*default*        0x0000000000000000 0xffffffffffffffff

Linker script and memory map

LOAD c:/st/stm32cubeide_1.0.2/stm32cubeide/plugins/com.st.stm32cube.ide.mcu.externaltools.gnu-tools-for-stm32.7-2018-q2-update.win32_1.0.0.201904181610/tools/bin/../lib/gcc/arm-none-eabi/7.3.1/thumb/v7e-m/fpv4-sp/hard/crti.o
LOAD c:/st/stm32cubeide_1.0.2/stm32cubeide/plugins/com.st.stm32cube.ide.mcu.externaltools.gnu-tools-for-stm32.7-2018-q2-update.win32_1.0.0.201904181610/tools/bin/../lib/gcc/arm-none-eabi/7.3.1/thumb/v7e-m/fpv4-sp/hard/crtbegin.o
LOAD c:/st/stm32cubeide_1.0.2/stm32cubeide/plugins/com.st.stm32cube.ide.mcu.externaltools.gnu-tools-for-stm32.7-2018-q2-update.win32_1.0.0.201904181610/tools/bin/../lib/gcc/arm-none-eabi/7.3.1/../../../../arm-none-eabi/lib/thumb/v7e-m/fpv4-sp/hard/crt0.o
LOAD Core/Src/FOC_lib.o
LOAD Core/Src/IMU_read.o
LOAD Core/Src/adcUnitConversion.o
LOAD Core/Src/encoderMode.o
LOAD Core/Src/main.o
LOAD Core/Src/sd_wr.o
LOAD Core/Src/stm32f4xx_hal_msp.o
LOAD Core/Src/stm32f4xx_it.o
LOAD Core/Src/syscalls.o
LOAD Core/Src/sysmem.o
LOAD Core/Src/system_stm32f4xx.o
LOAD Core/Startup/startup_stm32f405rgtx.o
LOAD Drivers/STM32F4xx_HAL_Driver/Src/stm32f4xx_hal.o
LOAD Drivers/STM32F4xx_HAL_Driver/Src/stm32f4xx_hal_adc.o
LOAD Drivers/STM32F4xx_HAL_Driver/Src/stm32f4xx_hal_adc_ex.o
LOAD Drivers/STM32F4xx_HAL_Driver/Src/stm32f4xx_hal_cortex.o
LOAD Drivers/STM32F4xx_HAL_Driver/Src/stm32f4xx_hal_dma.o
LOAD Drivers/STM32F4xx_HAL_Driver/Src/stm32f4xx_hal_dma_ex.o
LOAD Drivers/STM32F4xx_HAL_Driver/Src/stm32f4xx_hal_exti.o
LOAD Drivers/STM32F4xx_HAL_Driver/Src/stm32f4xx_hal_flash.o
LOAD Drivers/STM32F4xx_HAL_Driver/Src/stm32f4xx_hal_flash_ex.o
LOAD Drivers/STM32F4xx_HAL_Driver/Src/stm32f4xx_hal_flash_ramfunc.o
LOAD Drivers/STM32F4xx_HAL_Driver/Src/stm32f4xx_hal_gpio.o
LOAD Drivers/STM32F4xx_HAL_Driver/Src/stm32f4xx_hal_pwr.o
LOAD Drivers/STM32F4xx_HAL_Driver/Src/stm32f4xx_hal_pwr_ex.o
LOAD Drivers/STM32F4xx_HAL_Driver/Src/stm32f4xx_hal_rcc.o
LOAD Drivers/STM32F4xx_HAL_Driver/Src/stm32f4xx_hal_rcc_ex.o
LOAD Drivers/STM32F4xx_HAL_Driver/Src/stm32f4xx_hal_sd.o
LOAD Drivers/STM32F4xx_HAL_Driver/Src/stm32f4xx_hal_spi.o
LOAD Drivers/STM32F4xx_HAL_Driver/Src/stm32f4xx_hal_tim.o
LOAD Drivers/STM32F4xx_HAL_Driver/Src/stm32f4xx_hal_tim_ex.o
LOAD Drivers/STM32F4xx_HAL_Driver/Src/stm32f4xx_ll_sdmmc.o
LOAD FATFS/App/fatfs.o
LOAD FATFS/Target/bsp_driver_sd.o
LOAD FATFS/Target/fatfs_platform.o
LOAD FATFS/Target/sd_diskio.o
LOAD Middlewares/Third_Party/FatFs/src/diskio.o
LOAD Middlewares/Third_Party/FatFs/src/ff.o
LOAD Middlewares/Third_Party/FatFs/src/ff_gen_drv.o
LOAD Middlewares/Third_Party/FatFs/src/option/ccsbcs.o
LOAD Middlewares/Third_Party/FatFs/src/option/syscall.o
START GROUP
LOAD c:/st/stm32cubeide_1.0.2/stm32cubeide/plugins/com.st.stm32cube.ide.mcu.externaltools.gnu-tools-for-stm32.7-2018-q2-update.win32_1.0.0.201904181610/tools/bin/../lib/gcc/arm-none-eabi/7.3.1/../../../../arm-none-eabi/lib/thumb/v7e-m/fpv4-sp/hard\libc_nano.a
LOAD c:/st/stm32cubeide_1.0.2/stm32cubeide/plugins/com.st.stm32cube.ide.mcu.externaltools.gnu-tools-for-stm32.7-2018-q2-update.win32_1.0.0.201904181610/tools/bin/../lib/gcc/arm-none-eabi/7.3.1/../../../../arm-none-eabi/lib/thumb/v7e-m/fpv4-sp/hard\libm.a
END GROUP
START GROUP
LOAD c:/st/stm32cubeide_1.0.2/stm32cubeide/plugins/com.st.stm32cube.ide.mcu.externaltools.gnu-tools-for-stm32.7-2018-q2-update.win32_1.0.0.201904181610/tools/bin/../lib/gcc/arm-none-eabi/7.3.1/thumb/v7e-m/fpv4-sp/hard\libgcc.a
LOAD c:/st/stm32cubeide_1.0.2/stm32cubeide/plugins/com.st.stm32cube.ide.mcu.externaltools.gnu-tools-for-stm32.7-2018-q2-update.win32_1.0.0.201904181610/tools/bin/../lib/gcc/arm-none-eabi/7.3.1/../../../../arm-none-eabi/lib/thumb/v7e-m/fpv4-sp/hard\libc_nano.a
END GROUP
START GROUP
LOAD c:/st/stm32cubeide_1.0.2/stm32cubeide/plugins/com.st.stm32cube.ide.mcu.externaltools.gnu-tools-for-stm32.7-2018-q2-update.win32_1.0.0.201904181610/tools/bin/../lib/gcc/arm-none-eabi/7.3.1/thumb/v7e-m/fpv4-sp/hard\libgcc.a
LOAD c:/st/stm32cubeide_1.0.2/stm32cubeide/plugins/com.st.stm32cube.ide.mcu.externaltools.gnu-tools-for-stm32.7-2018-q2-update.win32_1.0.0.201904181610/tools/bin/../lib/gcc/arm-none-eabi/7.3.1/../../../../arm-none-eabi/lib/thumb/v7e-m/fpv4-sp/hard\libc_nano.a
LOAD c:/st/stm32cubeide_1.0.2/stm32cubeide/plugins/com.st.stm32cube.ide.mcu.externaltools.gnu-tools-for-stm32.7-2018-q2-update.win32_1.0.0.201904181610/tools/bin/../lib/gcc/arm-none-eabi/7.3.1/../../../../arm-none-eabi/lib/thumb/v7e-m/fpv4-sp/hard\libnosys.a
END GROUP
START GROUP
LOAD c:/st/stm32cubeide_1.0.2/stm32cubeide/plugins/com.st.stm32cube.ide.mcu.externaltools.gnu-tools-for-stm32.7-2018-q2-update.win32_1.0.0.201904181610/tools/bin/../lib/gcc/arm-none-eabi/7.3.1/thumb/v7e-m/fpv4-sp/hard\libgcc.a
LOAD c:/st/stm32cubeide_1.0.2/stm32cubeide/plugins/com.st.stm32cube.ide.mcu.externaltools.gnu-tools-for-stm32.7-2018-q2-update.win32_1.0.0.201904181610/tools/bin/../lib/gcc/arm-none-eabi/7.3.1/../../../../arm-none-eabi/lib/thumb/v7e-m/fpv4-sp/hard\libc_nano.a
LOAD c:/st/stm32cubeide_1.0.2/stm32cubeide/plugins/com.st.stm32cube.ide.mcu.externaltools.gnu-tools-for-stm32.7-2018-q2-update.win32_1.0.0.201904181610/tools/bin/../lib/gcc/arm-none-eabi/7.3.1/../../../../arm-none-eabi/lib/thumb/v7e-m/fpv4-sp/hard\libnosys.a
END GROUP
LOAD c:/st/stm32cubeide_1.0.2/stm32cubeide/plugins/com.st.stm32cube.ide.mcu.externaltools.gnu-tools-for-stm32.7-2018-q2-update.win32_1.0.0.201904181610/tools/bin/../lib/gcc/arm-none-eabi/7.3.1/thumb/v7e-m/fpv4-sp/hard/crtend.o
LOAD c:/st/stm32cubeide_1.0.2/stm32cubeide/plugins/com.st.stm32cube.ide.mcu.externaltools.gnu-tools-for-stm32.7-2018-q2-update.win32_1.0.0.201904181610/tools/bin/../lib/gcc/arm-none-eabi/7.3.1/thumb/v7e-m/fpv4-sp/hard/crtn.o
                0x0000000020020000                _estack = (ORIGIN (RAM) + LENGTH (RAM))
                0x0000000000008000                _Min_Heap_Size = 0x8000
                0x0000000000008000                _Min_Stack_Size = 0x8000

.isr_vector     0x0000000008000000      0x188
                0x0000000008000000                . = ALIGN (0x4)
 *(.isr_vector)
 .isr_vector    0x0000000008000000      0x188 Core/Startup/startup_stm32f405rgtx.o
                0x0000000008000000                g_pfnVectors
                0x0000000008000188                . = ALIGN (0x4)

.text           0x0000000008000190     0xe314
                0x0000000008000190                . = ALIGN (0x4)
 *(.text)
 .text          0x0000000008000190       0x40 c:/st/stm32cubeide_1.0.2/stm32cubeide/plugins/com.st.stm32cube.ide.mcu.externaltools.gnu-tools-for-stm32.7-2018-q2-update.win32_1.0.0.201904181610/tools/bin/../lib/gcc/arm-none-eabi/7.3.1/thumb/v7e-m/fpv4-sp/hard/crtbegin.o
 .text          0x00000000080001d0       0x10 c:/st/stm32cubeide_1.0.2/stm32cubeide/plugins/com.st.stm32cube.ide.mcu.externaltools.gnu-tools-for-stm32.7-2018-q2-update.win32_1.0.0.201904181610/tools/bin/../lib/gcc/arm-none-eabi/7.3.1/../../../../arm-none-eabi/lib/thumb/v7e-m/fpv4-sp/hard\libc_nano.a(lib_a-strlen.o)
                0x00000000080001d0                strlen
 .text          0x00000000080001e0       0xa0 c:/st/stm32cubeide_1.0.2/stm32cubeide/plugins/com.st.stm32cube.ide.mcu.externaltools.gnu-tools-for-stm32.7-2018-q2-update.win32_1.0.0.201904181610/tools/bin/../lib/gcc/arm-none-eabi/7.3.1/../../../../arm-none-eabi/lib/thumb/v7e-m/fpv4-sp/hard\libc_nano.a(lib_a-memchr.o)
                0x00000000080001e0                memchr
 .text          0x0000000008000280      0x378 c:/st/stm32cubeide_1.0.2/stm32cubeide/plugins/com.st.stm32cube.ide.mcu.externaltools.gnu-tools-for-stm32.7-2018-q2-update.win32_1.0.0.201904181610/tools/bin/../lib/gcc/arm-none-eabi/7.3.1/thumb/v7e-m/fpv4-sp/hard\libgcc.a(_arm_addsubdf3.o)
                0x0000000008000280                __aeabi_drsub
                0x0000000008000288                __aeabi_dsub
                0x0000000008000288                __subdf3
                0x000000000800028c                __aeabi_dadd
                0x000000000800028c                __adddf3
                0x0000000008000504                __floatunsidf
                0x0000000008000504                __aeabi_ui2d
                0x0000000008000524                __floatsidf
                0x0000000008000524                __aeabi_i2d
                0x0000000008000548                __aeabi_f2d
                0x0000000008000548                __extendsfdf2
                0x000000000800058c                __floatundidf
                0x000000000800058c                __aeabi_ul2d
                0x000000000800059c                __floatdidf
                0x000000000800059c                __aeabi_l2d
 .text          0x00000000080005f8      0x424 c:/st/stm32cubeide_1.0.2/stm32cubeide/plugins/com.st.stm32cube.ide.mcu.externaltools.gnu-tools-for-stm32.7-2018-q2-update.win32_1.0.0.201904181610/tools/bin/../lib/gcc/arm-none-eabi/7.3.1/thumb/v7e-m/fpv4-sp/hard\libgcc.a(_arm_muldivdf3.o)
                0x00000000080005f8                __aeabi_dmul
                0x00000000080005f8                __muldf3
                0x000000000800084c                __divdf3
                0x000000000800084c                __aeabi_ddiv
 .text          0x0000000008000a1c      0x110 c:/st/stm32cubeide_1.0.2/stm32cubeide/plugins/com.st.stm32cube.ide.mcu.externaltools.gnu-tools-for-stm32.7-2018-q2-update.win32_1.0.0.201904181610/tools/bin/../lib/gcc/arm-none-eabi/7.3.1/thumb/v7e-m/fpv4-sp/hard\libgcc.a(_arm_cmpdf2.o)
                0x0000000008000a1c                __gtdf2
                0x0000000008000a1c                __gedf2
                0x0000000008000a24                __ltdf2
                0x0000000008000a24                __ledf2
                0x0000000008000a2c                __nedf2
                0x0000000008000a2c                __eqdf2
                0x0000000008000a2c                __cmpdf2
                0x0000000008000aa8                __aeabi_cdrcmple
                0x0000000008000ab8                __aeabi_cdcmpeq
                0x0000000008000ab8                __aeabi_cdcmple
                0x0000000008000ac8                __aeabi_dcmpeq
                0x0000000008000adc                __aeabi_dcmplt
                0x0000000008000af0                __aeabi_dcmple
                0x0000000008000b04                __aeabi_dcmpge
                0x0000000008000b18                __aeabi_dcmpgt
 .text          0x0000000008000b2c       0x2c c:/st/stm32cubeide_1.0.2/stm32cubeide/plugins/com.st.stm32cube.ide.mcu.externaltools.gnu-tools-for-stm32.7-2018-q2-update.win32_1.0.0.201904181610/tools/bin/../lib/gcc/arm-none-eabi/7.3.1/thumb/v7e-m/fpv4-sp/hard\libgcc.a(_arm_unorddf2.o)
                0x0000000008000b2c                __unorddf2
                0x0000000008000b2c                __aeabi_dcmpun
 .text          0x0000000008000b58       0x50 c:/st/stm32cubeide_1.0.2/stm32cubeide/plugins/com.st.stm32cube.ide.mcu.externaltools.gnu-tools-for-stm32.7-2018-q2-update.win32_1.0.0.201904181610/tools/bin/../lib/gcc/arm-none-eabi/7.3.1/thumb/v7e-m/fpv4-sp/hard\libgcc.a(_arm_fixdfsi.o)
                0x0000000008000b58                __aeabi_d2iz
                0x0000000008000b58                __fixdfsi
 .text          0x0000000008000ba8       0xa0 c:/st/stm32cubeide_1.0.2/stm32cubeide/plugins/com.st.stm32cube.ide.mcu.externaltools.gnu-tools-for-stm32.7-2018-q2-update.win32_1.0.0.201904181610/tools/bin/../lib/gcc/arm-none-eabi/7.3.1/thumb/v7e-m/fpv4-sp/hard\libgcc.a(_arm_truncdfsf2.o)
                0x0000000008000ba8                __truncdfsf2
                0x0000000008000ba8                __aeabi_d2f
 .text          0x0000000008000c48       0x30 c:/st/stm32cubeide_1.0.2/stm32cubeide/plugins/com.st.stm32cube.ide.mcu.externaltools.gnu-tools-for-stm32.7-2018-q2-update.win32_1.0.0.201904181610/tools/bin/../lib/gcc/arm-none-eabi/7.3.1/thumb/v7e-m/fpv4-sp/hard\libgcc.a(_aeabi_uldivmod.o)
                0x0000000008000c48                __aeabi_uldivmod
 .text          0x0000000008000c78      0x2cc c:/st/stm32cubeide_1.0.2/stm32cubeide/plugins/com.st.stm32cube.ide.mcu.externaltools.gnu-tools-for-stm32.7-2018-q2-update.win32_1.0.0.201904181610/tools/bin/../lib/gcc/arm-none-eabi/7.3.1/thumb/v7e-m/fpv4-sp/hard\libgcc.a(_udivmoddi4.o)
                0x0000000008000c78                __udivmoddi4
 .text          0x0000000008000f44        0x4 c:/st/stm32cubeide_1.0.2/stm32cubeide/plugins/com.st.stm32cube.ide.mcu.externaltools.gnu-tools-for-stm32.7-2018-q2-update.win32_1.0.0.201904181610/tools/bin/../lib/gcc/arm-none-eabi/7.3.1/thumb/v7e-m/fpv4-sp/hard\libgcc.a(_dvmd_tls.o)
                0x0000000008000f44                __aeabi_idiv0
                0x0000000008000f44                __aeabi_ldiv0
 *(.text*)
 .text.TMC_get_data
                0x0000000008000f48       0x42 Core/Src/FOC_lib.o
                0x0000000008000f48                TMC_get_data
 *fill*         0x0000000008000f8a        0x2 
 .text.TMC_write
                0x0000000008000f8c       0x8c Core/Src/FOC_lib.o
                0x0000000008000f8c                TMC_write
 .text.foc_ic_config
                0x0000000008001018      0x114 Core/Src/FOC_lib.o
                0x0000000008001018                foc_ic_config
 .text.foc_ic_send_torque
                0x000000000800112c       0x6a Core/Src/FOC_lib.o
                0x000000000800112c                foc_ic_send_torque
 *fill*         0x0000000008001196        0x2 
 .text.torque_convertion
                0x0000000008001198       0x4c Core/Src/FOC_lib.o
                0x0000000008001198                torque_convertion
 .text.IMU_config
                0x00000000080011e4      0x104 Core/Src/IMU_read.o
                0x00000000080011e4                IMU_config
 .text.IMU_acc_read
                0x00000000080012e8       0xec Core/Src/IMU_read.o
                0x00000000080012e8                IMU_acc_read
 .text.IMU_gyro_read
                0x00000000080013d4       0xe0 Core/Src/IMU_read.o
                0x00000000080013d4                IMU_gyro_read
 *fill*         0x00000000080014b4        0x4 
 .text.adcInt2Volt
                0x00000000080014b8       0x54 Core/Src/adcUnitConversion.o
                0x00000000080014b8                adcInt2Volt
 *fill*         0x000000000800150c        0x4 
 .text.motorCurrent
                0x0000000008001510       0x68 Core/Src/adcUnitConversion.o
                0x0000000008001510                motorCurrent
 .text.igbtTemp
                0x0000000008001578       0xa0 Core/Src/adcUnitConversion.o
                0x0000000008001578                igbtTemp
 .text.motorTemp
                0x0000000008001618       0x58 Core/Src/adcUnitConversion.o
                0x0000000008001618                motorTemp
 .text.voltageAC
                0x0000000008001670       0x54 Core/Src/adcUnitConversion.o
                0x0000000008001670                voltageAC
 .text.voltageDC
                0x00000000080016c4       0x54 Core/Src/adcUnitConversion.o
                0x00000000080016c4                voltageDC
 .text.pedalPos
                0x0000000008001718       0x64 Core/Src/adcUnitConversion.o
                0x0000000008001718                pedalPos
 .text.motorSpeed
                0x000000000800177c       0xfc Core/Src/encoderMode.o
                0x000000000800177c                motorSpeed
 .text.ITM_SendChar
                0x0000000008001878       0x4e Core/Src/main.o
 *fill*         0x00000000080018c6        0x2 
 .text.HAL_ADC_ConvCpltCallback
                0x00000000080018c8       0x4c Core/Src/main.o
                0x00000000080018c8                HAL_ADC_ConvCpltCallback
 .text.HAL_TIM_PeriodElapsedCallback
                0x0000000008001914       0x70 Core/Src/main.o
                0x0000000008001914                HAL_TIM_PeriodElapsedCallback
 .text.main     0x0000000008001984      0x600 Core/Src/main.o
                0x0000000008001984                main
 .text.SystemClock_Config
                0x0000000008001f84       0xe4 Core/Src/main.o
                0x0000000008001f84                SystemClock_Config
 .text.MX_ADC1_Init
                0x0000000008002068      0x1d8 Core/Src/main.o
 .text.MX_SDIO_SD_Init
                0x0000000008002240       0x40 Core/Src/main.o
 .text.MX_SPI2_Init
                0x0000000008002280       0x6c Core/Src/main.o
 .text.MX_TIM2_Init
                0x00000000080022ec       0xa8 Core/Src/main.o
 .text.MX_TIM6_Init
                0x0000000008002394       0x6c Core/Src/main.o
 .text.MX_DMA_Init
                0x0000000008002400       0x60 Core/Src/main.o
 .text.MX_GPIO_Init
                0x0000000008002460      0x144 Core/Src/main.o
 .text.__io_putchar
                0x00000000080025a4       0x1a Core/Src/main.o
                0x00000000080025a4                __io_putchar
 .text._write   0x00000000080025be       0x38 Core/Src/main.o
                0x00000000080025be                _write
 .text.Error_Handler
                0x00000000080025f6        0xe Core/Src/main.o
                0x00000000080025f6                Error_Handler
 .text.mount_card
                0x0000000008002604       0x20 Core/Src/sd_wr.o
                0x0000000008002604                mount_card
 .text.update_file
                0x0000000008002624       0x78 Core/Src/sd_wr.o
                0x0000000008002624                update_file
 .text.HAL_MspInit
                0x000000000800269c       0x50 Core/Src/stm32f4xx_hal_msp.o
                0x000000000800269c                HAL_MspInit
 .text.HAL_ADC_MspInit
                0x00000000080026ec      0x160 Core/Src/stm32f4xx_hal_msp.o
                0x00000000080026ec                HAL_ADC_MspInit
 .text.HAL_SD_MspInit
                0x000000000800284c      0x200 Core/Src/stm32f4xx_hal_msp.o
                0x000000000800284c                HAL_SD_MspInit
 .text.HAL_SPI_MspInit
                0x0000000008002a4c       0x90 Core/Src/stm32f4xx_hal_msp.o
                0x0000000008002a4c                HAL_SPI_MspInit
 .text.HAL_TIM_Encoder_MspInit
                0x0000000008002adc       0x8c Core/Src/stm32f4xx_hal_msp.o
                0x0000000008002adc                HAL_TIM_Encoder_MspInit
 .text.HAL_TIM_Base_MspInit
                0x0000000008002b68       0x50 Core/Src/stm32f4xx_hal_msp.o
                0x0000000008002b68                HAL_TIM_Base_MspInit
 .text.NMI_Handler
                0x0000000008002bb8        0xe Core/Src/stm32f4xx_it.o
                0x0000000008002bb8                NMI_Handler
 .text.HardFault_Handler
                0x0000000008002bc6        0x6 Core/Src/stm32f4xx_it.o
                0x0000000008002bc6                HardFault_Handler
 .text.MemManage_Handler
                0x0000000008002bcc        0x6 Core/Src/stm32f4xx_it.o
                0x0000000008002bcc                MemManage_Handler
 .text.BusFault_Handler
                0x0000000008002bd2        0x6 Core/Src/stm32f4xx_it.o
                0x0000000008002bd2                BusFault_Handler
 .text.UsageFault_Handler
                0x0000000008002bd8        0x6 Core/Src/stm32f4xx_it.o
                0x0000000008002bd8                UsageFault_Handler
 .text.SVC_Handler
                0x0000000008002bde        0xe Core/Src/stm32f4xx_it.o
                0x0000000008002bde                SVC_Handler
 .text.DebugMon_Handler
                0x0000000008002bec        0xe Core/Src/stm32f4xx_it.o
                0x0000000008002bec                DebugMon_Handler
 .text.PendSV_Handler
                0x0000000008002bfa        0xe Core/Src/stm32f4xx_it.o
                0x0000000008002bfa                PendSV_Handler
 .text.SysTick_Handler
                0x0000000008002c08       0x4c Core/Src/stm32f4xx_it.o
                0x0000000008002c08                SysTick_Handler
 .text.SDIO_IRQHandler
                0x0000000008002c54       0x14 Core/Src/stm32f4xx_it.o
                0x0000000008002c54                SDIO_IRQHandler
 .text.TIM6_DAC_IRQHandler
                0x0000000008002c68       0x14 Core/Src/stm32f4xx_it.o
                0x0000000008002c68                TIM6_DAC_IRQHandler
 .text.DMA2_Stream0_IRQHandler
                0x0000000008002c7c       0x14 Core/Src/stm32f4xx_it.o
                0x0000000008002c7c                DMA2_Stream0_IRQHandler
 .text.DMA2_Stream3_IRQHandler
                0x0000000008002c90       0x14 Core/Src/stm32f4xx_it.o
                0x0000000008002c90                DMA2_Stream3_IRQHandler
 .text.DMA2_Stream6_IRQHandler
                0x0000000008002ca4       0x14 Core/Src/stm32f4xx_it.o
                0x0000000008002ca4                DMA2_Stream6_IRQHandler
 .text._read    0x0000000008002cb8       0x3a Core/Src/syscalls.o
                0x0000000008002cb8                _read
 .text._close   0x0000000008002cf2       0x18 Core/Src/syscalls.o
                0x0000000008002cf2                _close
 .text._fstat   0x0000000008002d0a       0x20 Core/Src/syscalls.o
                0x0000000008002d0a                _fstat
 .text._isatty  0x0000000008002d2a       0x16 Core/Src/syscalls.o
                0x0000000008002d2a                _isatty
 .text._lseek   0x0000000008002d40       0x1a Core/Src/syscalls.o
                0x0000000008002d40                _lseek
 *fill*         0x0000000008002d5a        0x2 
 .text._sbrk    0x0000000008002d5c       0x58 Core/Src/sysmem.o
                0x0000000008002d5c                _sbrk
 .text.SystemInit
                0x0000000008002db4       0x2c Core/Src/system_stm32f4xx.o
                0x0000000008002db4                SystemInit
 .text.Reset_Handler
                0x0000000008002de0       0x50 Core/Startup/startup_stm32f405rgtx.o
                0x0000000008002de0                Reset_Handler
 .text.Default_Handler
                0x0000000008002e30        0x2 Core/Startup/startup_stm32f405rgtx.o
                0x0000000008002e30                RTC_Alarm_IRQHandler
                0x0000000008002e30                HASH_RNG_IRQHandler
                0x0000000008002e30                EXTI2_IRQHandler
                0x0000000008002e30                TIM8_CC_IRQHandler
                0x0000000008002e30                TIM1_CC_IRQHandler
                0x0000000008002e30                DMA2_Stream5_IRQHandler
                0x0000000008002e30                DMA1_Stream5_IRQHandler
                0x0000000008002e30                PVD_IRQHandler
                0x0000000008002e30                TAMP_STAMP_IRQHandler
                0x0000000008002e30                CAN2_RX1_IRQHandler
                0x0000000008002e30                EXTI3_IRQHandler
                0x0000000008002e30                TIM8_TRG_COM_TIM14_IRQHandler
                0x0000000008002e30                TIM1_UP_TIM10_IRQHandler
                0x0000000008002e30                TIM8_UP_TIM13_IRQHandler
                0x0000000008002e30                I2C3_ER_IRQHandler
                0x0000000008002e30                EXTI0_IRQHandler
                0x0000000008002e30                I2C2_EV_IRQHandler
                0x0000000008002e30                DMA1_Stream2_IRQHandler
                0x0000000008002e30                CAN1_RX0_IRQHandler
                0x0000000008002e30                FPU_IRQHandler
                0x0000000008002e30                OTG_HS_WKUP_IRQHandler
                0x0000000008002e30                CAN2_SCE_IRQHandler
                0x0000000008002e30                DMA2_Stream2_IRQHandler
                0x0000000008002e30                SPI1_IRQHandler
                0x0000000008002e30                TIM1_BRK_TIM9_IRQHandler
                0x0000000008002e30                CAN2_RX0_IRQHandler
                0x0000000008002e30                USART6_IRQHandler
                0x0000000008002e30                USART3_IRQHandler
                0x0000000008002e30                CAN1_RX1_IRQHandler
                0x0000000008002e30                UART5_IRQHandler
                0x0000000008002e30                TIM4_IRQHandler
                0x0000000008002e30                I2C1_EV_IRQHandler
                0x0000000008002e30                DMA1_Stream6_IRQHandler
                0x0000000008002e30                DMA1_Stream1_IRQHandler
                0x0000000008002e30                UART4_IRQHandler
                0x0000000008002e30                TIM3_IRQHandler
                0x0000000008002e30                RCC_IRQHandler
                0x0000000008002e30                TIM8_BRK_TIM12_IRQHandler
                0x0000000008002e30                Default_Handler
                0x0000000008002e30                EXTI15_10_IRQHandler
                0x0000000008002e30                ADC_IRQHandler
                0x0000000008002e30                DMA1_Stream7_IRQHandler
                0x0000000008002e30                TIM7_IRQHandler
                0x0000000008002e30                CAN2_TX_IRQHandler
                0x0000000008002e30                TIM5_IRQHandler
                0x0000000008002e30                DMA2_Stream7_IRQHandler
                0x0000000008002e30                I2C3_EV_IRQHandler
                0x0000000008002e30                EXTI9_5_IRQHandler
                0x0000000008002e30                RTC_WKUP_IRQHandler
                0x0000000008002e30                SPI2_IRQHandler
                0x0000000008002e30                OTG_HS_EP1_IN_IRQHandler
                0x0000000008002e30                DMA1_Stream0_IRQHandler
                0x0000000008002e30                CAN1_TX_IRQHandler
                0x0000000008002e30                EXTI4_IRQHandler
                0x0000000008002e30                FSMC_IRQHandler
                0x0000000008002e30                OTG_HS_EP1_OUT_IRQHandler
                0x0000000008002e30                WWDG_IRQHandler
                0x0000000008002e30                TIM2_IRQHandler
                0x0000000008002e30                OTG_FS_WKUP_IRQHandler
                0x0000000008002e30                TIM1_TRG_COM_TIM11_IRQHandler
                0x0000000008002e30                OTG_HS_IRQHandler
                0x0000000008002e30                EXTI1_IRQHandler
                0x0000000008002e30                USART2_IRQHandler
                0x0000000008002e30                I2C2_ER_IRQHandler
                0x0000000008002e30                DMA2_Stream1_IRQHandler
                0x0000000008002e30                CAN1_SCE_IRQHandler
                0x0000000008002e30                FLASH_IRQHandler
                0x0000000008002e30                DMA2_Stream4_IRQHandler
                0x0000000008002e30                USART1_IRQHandler
                0x0000000008002e30                OTG_FS_IRQHandler
                0x0000000008002e30                SPI3_IRQHandler
                0x0000000008002e30                DMA1_Stream4_IRQHandler
                0x0000000008002e30                I2C1_ER_IRQHandler
                0x0000000008002e30                DMA1_Stream3_IRQHandler
 *fill*         0x0000000008002e32        0x2 
 .text.HAL_Init
                0x0000000008002e34       0x44 Drivers/STM32F4xx_HAL_Driver/Src/stm32f4xx_hal.o
                0x0000000008002e34                HAL_Init
 .text.HAL_InitTick
                0x0000000008002e78       0x60 Drivers/STM32F4xx_HAL_Driver/Src/stm32f4xx_hal.o
                0x0000000008002e78                HAL_InitTick
 .text.HAL_IncTick
                0x0000000008002ed8       0x28 Drivers/STM32F4xx_HAL_Driver/Src/stm32f4xx_hal.o
                0x0000000008002ed8                HAL_IncTick
 .text.HAL_GetTick
                0x0000000008002f00       0x18 Drivers/STM32F4xx_HAL_Driver/Src/stm32f4xx_hal.o
                0x0000000008002f00                HAL_GetTick
 .text.HAL_Delay
                0x0000000008002f18       0x44 Drivers/STM32F4xx_HAL_Driver/Src/stm32f4xx_hal.o
                0x0000000008002f18                HAL_Delay
 .text.HAL_ADC_Init
                0x0000000008002f5c       0x86 Drivers/STM32F4xx_HAL_Driver/Src/stm32f4xx_hal_adc.o
                0x0000000008002f5c                HAL_ADC_Init
 *fill*         0x0000000008002fe2        0x2 
 .text.HAL_ADC_Start_DMA
                0x0000000008002fe4      0x1e4 Drivers/STM32F4xx_HAL_Driver/Src/stm32f4xx_hal_adc.o
                0x0000000008002fe4                HAL_ADC_Start_DMA
 .text.HAL_ADC_ConvHalfCpltCallback
                0x00000000080031c8       0x14 Drivers/STM32F4xx_HAL_Driver/Src/stm32f4xx_hal_adc.o
                0x00000000080031c8                HAL_ADC_ConvHalfCpltCallback
 .text.HAL_ADC_ErrorCallback
                0x00000000080031dc       0x14 Drivers/STM32F4xx_HAL_Driver/Src/stm32f4xx_hal_adc.o
                0x00000000080031dc                HAL_ADC_ErrorCallback
 .text.HAL_ADC_ConfigChannel
                0x00000000080031f0      0x244 Drivers/STM32F4xx_HAL_Driver/Src/stm32f4xx_hal_adc.o
                0x00000000080031f0                HAL_ADC_ConfigChannel
 .text.ADC_Init
                0x0000000008003434      0x1f8 Drivers/STM32F4xx_HAL_Driver/Src/stm32f4xx_hal_adc.o
 .text.ADC_DMAConvCplt
                0x000000000800362c       0xba Drivers/STM32F4xx_HAL_Driver/Src/stm32f4xx_hal_adc.o
 .text.ADC_DMAHalfConvCplt
                0x00000000080036e6       0x1c Drivers/STM32F4xx_HAL_Driver/Src/stm32f4xx_hal_adc.o
 .text.ADC_DMAError
                0x0000000008003702       0x2e Drivers/STM32F4xx_HAL_Driver/Src/stm32f4xx_hal_adc.o
 .text.__NVIC_SetPriorityGrouping
                0x0000000008003730       0x48 Drivers/STM32F4xx_HAL_Driver/Src/stm32f4xx_hal_cortex.o
 .text.__NVIC_GetPriorityGrouping
                0x0000000008003778       0x1c Drivers/STM32F4xx_HAL_Driver/Src/stm32f4xx_hal_cortex.o
 .text.__NVIC_EnableIRQ
                0x0000000008003794       0x3c Drivers/STM32F4xx_HAL_Driver/Src/stm32f4xx_hal_cortex.o
 .text.__NVIC_SetPriority
                0x00000000080037d0       0x54 Drivers/STM32F4xx_HAL_Driver/Src/stm32f4xx_hal_cortex.o
 .text.NVIC_EncodePriority
                0x0000000008003824       0x66 Drivers/STM32F4xx_HAL_Driver/Src/stm32f4xx_hal_cortex.o
 *fill*         0x000000000800388a        0x2 
 .text.SysTick_Config
                0x000000000800388c       0x44 Drivers/STM32F4xx_HAL_Driver/Src/stm32f4xx_hal_cortex.o
 .text.HAL_NVIC_SetPriorityGrouping
                0x00000000080038d0       0x16 Drivers/STM32F4xx_HAL_Driver/Src/stm32f4xx_hal_cortex.o
                0x00000000080038d0                HAL_NVIC_SetPriorityGrouping
 .text.HAL_NVIC_SetPriority
                0x00000000080038e6       0x38 Drivers/STM32F4xx_HAL_Driver/Src/stm32f4xx_hal_cortex.o
                0x00000000080038e6                HAL_NVIC_SetPriority
 .text.HAL_NVIC_EnableIRQ
                0x000000000800391e       0x1c Drivers/STM32F4xx_HAL_Driver/Src/stm32f4xx_hal_cortex.o
                0x000000000800391e                HAL_NVIC_EnableIRQ
 .text.HAL_SYSTICK_Config
                0x000000000800393a       0x18 Drivers/STM32F4xx_HAL_Driver/Src/stm32f4xx_hal_cortex.o
                0x000000000800393a                HAL_SYSTICK_Config
 *fill*         0x0000000008003952        0x2 
 .text.HAL_DMA_Init
                0x0000000008003954      0x15c Drivers/STM32F4xx_HAL_Driver/Src/stm32f4xx_hal_dma.o
                0x0000000008003954                HAL_DMA_Init
 .text.HAL_DMA_Start_IT
                0x0000000008003ab0       0xb0 Drivers/STM32F4xx_HAL_Driver/Src/stm32f4xx_hal_dma.o
                0x0000000008003ab0                HAL_DMA_Start_IT
 .text.HAL_DMA_Abort_IT
                0x0000000008003b60       0x44 Drivers/STM32F4xx_HAL_Driver/Src/stm32f4xx_hal_dma.o
                0x0000000008003b60                HAL_DMA_Abort_IT
 .text.HAL_DMA_IRQHandler
                0x0000000008003ba4      0x314 Drivers/STM32F4xx_HAL_Driver/Src/stm32f4xx_hal_dma.o
                0x0000000008003ba4                HAL_DMA_IRQHandler
 .text.HAL_DMA_GetError
                0x0000000008003eb8       0x18 Drivers/STM32F4xx_HAL_Driver/Src/stm32f4xx_hal_dma.o
                0x0000000008003eb8                HAL_DMA_GetError
 .text.DMA_SetConfig
                0x0000000008003ed0       0x5c Drivers/STM32F4xx_HAL_Driver/Src/stm32f4xx_hal_dma.o
 .text.DMA_CalcBaseAndBitshift
                0x0000000008003f2c       0x6c Drivers/STM32F4xx_HAL_Driver/Src/stm32f4xx_hal_dma.o
 .text.DMA_CheckFifoParam
                0x0000000008003f98       0xf4 Drivers/STM32F4xx_HAL_Driver/Src/stm32f4xx_hal_dma.o
 .text.HAL_GPIO_Init
                0x000000000800408c      0x334 Drivers/STM32F4xx_HAL_Driver/Src/stm32f4xx_hal_gpio.o
                0x000000000800408c                HAL_GPIO_Init
 .text.HAL_GPIO_ReadPin
                0x00000000080043c0       0x30 Drivers/STM32F4xx_HAL_Driver/Src/stm32f4xx_hal_gpio.o
                0x00000000080043c0                HAL_GPIO_ReadPin
 .text.HAL_GPIO_WritePin
                0x00000000080043f0       0x32 Drivers/STM32F4xx_HAL_Driver/Src/stm32f4xx_hal_gpio.o
                0x00000000080043f0                HAL_GPIO_WritePin
 *fill*         0x0000000008004422        0x2 
 .text.HAL_RCC_OscConfig
                0x0000000008004424      0x4e0 Drivers/STM32F4xx_HAL_Driver/Src/stm32f4xx_hal_rcc.o
                0x0000000008004424                HAL_RCC_OscConfig
 .text.HAL_RCC_ClockConfig
                0x0000000008004904      0x1cc Drivers/STM32F4xx_HAL_Driver/Src/stm32f4xx_hal_rcc.o
                0x0000000008004904                HAL_RCC_ClockConfig
 .text.HAL_RCC_MCOConfig
                0x0000000008004ad0       0xd0 Drivers/STM32F4xx_HAL_Driver/Src/stm32f4xx_hal_rcc.o
                0x0000000008004ad0                HAL_RCC_MCOConfig
 .text.HAL_RCC_GetSysClockFreq
                0x0000000008004ba0      0x164 Drivers/STM32F4xx_HAL_Driver/Src/stm32f4xx_hal_rcc.o
                0x0000000008004ba0                HAL_RCC_GetSysClockFreq
 .text.HAL_SD_Init
                0x0000000008004d04       0x60 Drivers/STM32F4xx_HAL_Driver/Src/stm32f4xx_hal_sd.o
                0x0000000008004d04                HAL_SD_Init
 .text.HAL_SD_InitCard
                0x0000000008004d64       0xc0 Drivers/STM32F4xx_HAL_Driver/Src/stm32f4xx_hal_sd.o
                0x0000000008004d64                HAL_SD_InitCard
 .text.HAL_SD_ReadBlocks_DMA
                0x0000000008004e24      0x1d4 Drivers/STM32F4xx_HAL_Driver/Src/stm32f4xx_hal_sd.o
                0x0000000008004e24                HAL_SD_ReadBlocks_DMA
 .text.HAL_SD_WriteBlocks_DMA
                0x0000000008004ff8      0x1e0 Drivers/STM32F4xx_HAL_Driver/Src/stm32f4xx_hal_sd.o
                0x0000000008004ff8                HAL_SD_WriteBlocks_DMA
 .text.HAL_SD_IRQHandler
                0x00000000080051d8      0x30c Drivers/STM32F4xx_HAL_Driver/Src/stm32f4xx_hal_sd.o
                0x00000000080051d8                HAL_SD_IRQHandler
 .text.HAL_SD_ErrorCallback
                0x00000000080054e4       0x14 Drivers/STM32F4xx_HAL_Driver/Src/stm32f4xx_hal_sd.o
                0x00000000080054e4                HAL_SD_ErrorCallback
 .text.HAL_SD_GetCardCSD
                0x00000000080054f8      0x348 Drivers/STM32F4xx_HAL_Driver/Src/stm32f4xx_hal_sd.o
                0x00000000080054f8                HAL_SD_GetCardCSD
 .text.HAL_SD_GetCardInfo
                0x0000000008005840       0x58 Drivers/STM32F4xx_HAL_Driver/Src/stm32f4xx_hal_sd.o
                0x0000000008005840                HAL_SD_GetCardInfo
 .text.HAL_SD_ConfigWideBusOperation
                0x0000000008005898       0xf8 Drivers/STM32F4xx_HAL_Driver/Src/stm32f4xx_hal_sd.o
                0x0000000008005898                HAL_SD_ConfigWideBusOperation
 .text.HAL_SD_GetCardState
                0x0000000008005990       0x40 Drivers/STM32F4xx_HAL_Driver/Src/stm32f4xx_hal_sd.o
                0x0000000008005990                HAL_SD_GetCardState
 .text.SD_DMATransmitCplt
                0x00000000080059d0       0x2a Drivers/STM32F4xx_HAL_Driver/Src/stm32f4xx_hal_sd.o
 .text.SD_DMAReceiveCplt
                0x00000000080059fa       0x70 Drivers/STM32F4xx_HAL_Driver/Src/stm32f4xx_hal_sd.o
 *fill*         0x0000000008005a6a        0x2 
 .text.SD_DMAError
                0x0000000008005a6c       0xa4 Drivers/STM32F4xx_HAL_Driver/Src/stm32f4xx_hal_sd.o
 .text.SD_DMATxAbort
                0x0000000008005b10       0x6e Drivers/STM32F4xx_HAL_Driver/Src/stm32f4xx_hal_sd.o
 .text.SD_DMARxAbort
                0x0000000008005b7e       0x6e Drivers/STM32F4xx_HAL_Driver/Src/stm32f4xx_hal_sd.o
 .text.SD_InitCard
                0x0000000008005bec      0x19a Drivers/STM32F4xx_HAL_Driver/Src/stm32f4xx_hal_sd.o
 *fill*         0x0000000008005d86        0x2 
 .text.SD_PowerON
                0x0000000008005d88      0x11c Drivers/STM32F4xx_HAL_Driver/Src/stm32f4xx_hal_sd.o
 .text.SD_SendStatus
                0x0000000008005ea4       0x50 Drivers/STM32F4xx_HAL_Driver/Src/stm32f4xx_hal_sd.o
 .text.SD_WideBus_Enable
                0x0000000008005ef4       0x96 Drivers/STM32F4xx_HAL_Driver/Src/stm32f4xx_hal_sd.o
 .text.SD_WideBus_Disable
                0x0000000008005f8a       0x96 Drivers/STM32F4xx_HAL_Driver/Src/stm32f4xx_hal_sd.o
 .text.SD_FindSCR
                0x0000000008006020      0x194 Drivers/STM32F4xx_HAL_Driver/Src/stm32f4xx_hal_sd.o
 .text.SD_Read_IT
                0x00000000080061b4       0xa2 Drivers/STM32F4xx_HAL_Driver/Src/stm32f4xx_hal_sd.o
 .text.SD_Write_IT
                0x0000000008006256       0xaa Drivers/STM32F4xx_HAL_Driver/Src/stm32f4xx_hal_sd.o
 .text.HAL_SPI_Init
                0x0000000008006300       0xc8 Drivers/STM32F4xx_HAL_Driver/Src/stm32f4xx_hal_spi.o
                0x0000000008006300                HAL_SPI_Init
 .text.HAL_SPI_Transmit
                0x00000000080063c8      0x268 Drivers/STM32F4xx_HAL_Driver/Src/stm32f4xx_hal_spi.o
                0x00000000080063c8                HAL_SPI_Transmit
 .text.HAL_SPI_Receive
                0x0000000008006630      0x212 Drivers/STM32F4xx_HAL_Driver/Src/stm32f4xx_hal_spi.o
                0x0000000008006630                HAL_SPI_Receive
 .text.HAL_SPI_TransmitReceive
                0x0000000008006842      0x344 Drivers/STM32F4xx_HAL_Driver/Src/stm32f4xx_hal_spi.o
                0x0000000008006842                HAL_SPI_TransmitReceive
 .text.SPI_WaitFlagStateUntilTimeout
                0x0000000008006b86       0xd4 Drivers/STM32F4xx_HAL_Driver/Src/stm32f4xx_hal_spi.o
 .text.SPI_EndRxTransaction
                0x0000000008006c5a       0xca Drivers/STM32F4xx_HAL_Driver/Src/stm32f4xx_hal_spi.o
 .text.SPI_EndRxTxTransaction
                0x0000000008006d24       0x84 Drivers/STM32F4xx_HAL_Driver/Src/stm32f4xx_hal_spi.o
 .text.HAL_TIM_Base_Init
                0x0000000008006da8       0x56 Drivers/STM32F4xx_HAL_Driver/Src/stm32f4xx_hal_tim.o
                0x0000000008006da8                HAL_TIM_Base_Init
 .text.HAL_TIM_Base_Start_IT
                0x0000000008006dfe       0x48 Drivers/STM32F4xx_HAL_Driver/Src/stm32f4xx_hal_tim.o
                0x0000000008006dfe                HAL_TIM_Base_Start_IT
 .text.HAL_TIM_Encoder_Init
                0x0000000008006e46      0x124 Drivers/STM32F4xx_HAL_Driver/Src/stm32f4xx_hal_tim.o
                0x0000000008006e46                HAL_TIM_Encoder_Init
 .text.HAL_TIM_Encoder_Start
                0x0000000008006f6a       0x6e Drivers/STM32F4xx_HAL_Driver/Src/stm32f4xx_hal_tim.o
                0x0000000008006f6a                HAL_TIM_Encoder_Start
 .text.HAL_TIM_IRQHandler
                0x0000000008006fd8      0x210 Drivers/STM32F4xx_HAL_Driver/Src/stm32f4xx_hal_tim.o
                0x0000000008006fd8                HAL_TIM_IRQHandler
 .text.HAL_TIM_OC_DelayElapsedCallback
                0x00000000080071e8       0x14 Drivers/STM32F4xx_HAL_Driver/Src/stm32f4xx_hal_tim.o
                0x00000000080071e8                HAL_TIM_OC_DelayElapsedCallback
 .text.HAL_TIM_IC_CaptureCallback
                0x00000000080071fc       0x14 Drivers/STM32F4xx_HAL_Driver/Src/stm32f4xx_hal_tim.o
                0x00000000080071fc                HAL_TIM_IC_CaptureCallback
 .text.HAL_TIM_PWM_PulseFinishedCallback
                0x0000000008007210       0x14 Drivers/STM32F4xx_HAL_Driver/Src/stm32f4xx_hal_tim.o
                0x0000000008007210                HAL_TIM_PWM_PulseFinishedCallback
 .text.HAL_TIM_TriggerCallback
                0x0000000008007224       0x14 Drivers/STM32F4xx_HAL_Driver/Src/stm32f4xx_hal_tim.o
                0x0000000008007224                HAL_TIM_TriggerCallback
 .text.TIM_Base_SetConfig
                0x0000000008007238      0x140 Drivers/STM32F4xx_HAL_Driver/Src/stm32f4xx_hal_tim.o
                0x0000000008007238                TIM_Base_SetConfig
 .text.TIM_CCxChannelCmd
                0x0000000008007378       0x4a Drivers/STM32F4xx_HAL_Driver/Src/stm32f4xx_hal_tim.o
                0x0000000008007378                TIM_CCxChannelCmd
 *fill*         0x00000000080073c2        0x2 
 .text.HAL_TIMEx_MasterConfigSynchronization
                0x00000000080073c4       0xf8 Drivers/STM32F4xx_HAL_Driver/Src/stm32f4xx_hal_tim_ex.o
                0x00000000080073c4                HAL_TIMEx_MasterConfigSynchronization
 .text.HAL_TIMEx_CommutCallback
                0x00000000080074bc       0x14 Drivers/STM32F4xx_HAL_Driver/Src/stm32f4xx_hal_tim_ex.o
                0x00000000080074bc                HAL_TIMEx_CommutCallback
 .text.HAL_TIMEx_BreakCallback
                0x00000000080074d0       0x14 Drivers/STM32F4xx_HAL_Driver/Src/stm32f4xx_hal_tim_ex.o
                0x00000000080074d0                HAL_TIMEx_BreakCallback
 .text.SDIO_Init
                0x00000000080074e4       0x56 Drivers/STM32F4xx_HAL_Driver/Src/stm32f4xx_ll_sdmmc.o
                0x00000000080074e4                SDIO_Init
 .text.SDIO_ReadFIFO
                0x000000000800753a       0x1a Drivers/STM32F4xx_HAL_Driver/Src/stm32f4xx_ll_sdmmc.o
                0x000000000800753a                SDIO_ReadFIFO
 .text.SDIO_WriteFIFO
                0x0000000008007554       0x22 Drivers/STM32F4xx_HAL_Driver/Src/stm32f4xx_ll_sdmmc.o
                0x0000000008007554                SDIO_WriteFIFO
 .text.SDIO_PowerState_ON
                0x0000000008007576       0x1e Drivers/STM32F4xx_HAL_Driver/Src/stm32f4xx_ll_sdmmc.o
                0x0000000008007576                SDIO_PowerState_ON
 .text.SDIO_GetPowerState
                0x0000000008007594       0x1c Drivers/STM32F4xx_HAL_Driver/Src/stm32f4xx_ll_sdmmc.o
                0x0000000008007594                SDIO_GetPowerState
 .text.SDIO_SendCommand
                0x00000000080075b0       0x54 Drivers/STM32F4xx_HAL_Driver/Src/stm32f4xx_ll_sdmmc.o
                0x00000000080075b0                SDIO_SendCommand
 .text.SDIO_GetCommandResponse
                0x0000000008007604       0x1a Drivers/STM32F4xx_HAL_Driver/Src/stm32f4xx_ll_sdmmc.o
                0x0000000008007604                SDIO_GetCommandResponse
 .text.SDIO_GetResponse
                0x000000000800761e       0x26 Drivers/STM32F4xx_HAL_Driver/Src/stm32f4xx_ll_sdmmc.o
                0x000000000800761e                SDIO_GetResponse
 .text.SDIO_ConfigData
                0x0000000008007644       0x58 Drivers/STM32F4xx_HAL_Driver/Src/stm32f4xx_ll_sdmmc.o
                0x0000000008007644                SDIO_ConfigData
 .text.SDMMC_CmdBlockLength
                0x000000000800769c       0x44 Drivers/STM32F4xx_HAL_Driver/Src/stm32f4xx_ll_sdmmc.o
                0x000000000800769c                SDMMC_CmdBlockLength
 .text.SDMMC_CmdReadSingleBlock
                0x00000000080076e0       0x44 Drivers/STM32F4xx_HAL_Driver/Src/stm32f4xx_ll_sdmmc.o
                0x00000000080076e0                SDMMC_CmdReadSingleBlock
 .text.SDMMC_CmdReadMultiBlock
                0x0000000008007724       0x44 Drivers/STM32F4xx_HAL_Driver/Src/stm32f4xx_ll_sdmmc.o
                0x0000000008007724                SDMMC_CmdReadMultiBlock
 .text.SDMMC_CmdWriteSingleBlock
                0x0000000008007768       0x44 Drivers/STM32F4xx_HAL_Driver/Src/stm32f4xx_ll_sdmmc.o
                0x0000000008007768                SDMMC_CmdWriteSingleBlock
 .text.SDMMC_CmdWriteMultiBlock
                0x00000000080077ac       0x44 Drivers/STM32F4xx_HAL_Driver/Src/stm32f4xx_ll_sdmmc.o
                0x00000000080077ac                SDMMC_CmdWriteMultiBlock
 .text.SDMMC_CmdStopTransfer
                0x00000000080077f0       0x44 Drivers/STM32F4xx_HAL_Driver/Src/stm32f4xx_ll_sdmmc.o
                0x00000000080077f0                SDMMC_CmdStopTransfer
 .text.SDMMC_CmdSelDesel
                0x0000000008007834       0x46 Drivers/STM32F4xx_HAL_Driver/Src/stm32f4xx_ll_sdmmc.o
                0x0000000008007834                SDMMC_CmdSelDesel
 .text.SDMMC_CmdGoIdleState
                0x000000000800787a       0x3c Drivers/STM32F4xx_HAL_Driver/Src/stm32f4xx_ll_sdmmc.o
                0x000000000800787a                SDMMC_CmdGoIdleState
 .text.SDMMC_CmdOperCond
                0x00000000080078b6       0x3e Drivers/STM32F4xx_HAL_Driver/Src/stm32f4xx_ll_sdmmc.o
                0x00000000080078b6                SDMMC_CmdOperCond
 .text.SDMMC_CmdAppCommand
                0x00000000080078f4       0x44 Drivers/STM32F4xx_HAL_Driver/Src/stm32f4xx_ll_sdmmc.o
                0x00000000080078f4                SDMMC_CmdAppCommand
 .text.SDMMC_CmdAppOperCommand
                0x0000000008007938       0x46 Drivers/STM32F4xx_HAL_Driver/Src/stm32f4xx_ll_sdmmc.o
                0x0000000008007938                SDMMC_CmdAppOperCommand
 .text.SDMMC_CmdBusWidth
                0x000000000800797e       0x44 Drivers/STM32F4xx_HAL_Driver/Src/stm32f4xx_ll_sdmmc.o
                0x000000000800797e                SDMMC_CmdBusWidth
 .text.SDMMC_CmdSendSCR
                0x00000000080079c2       0x42 Drivers/STM32F4xx_HAL_Driver/Src/stm32f4xx_ll_sdmmc.o
                0x00000000080079c2                SDMMC_CmdSendSCR
 .text.SDMMC_CmdSendCID
                0x0000000008007a04       0x3c Drivers/STM32F4xx_HAL_Driver/Src/stm32f4xx_ll_sdmmc.o
                0x0000000008007a04                SDMMC_CmdSendCID
 .text.SDMMC_CmdSendCSD
                0x0000000008007a40       0x3e Drivers/STM32F4xx_HAL_Driver/Src/stm32f4xx_ll_sdmmc.o
                0x0000000008007a40                SDMMC_CmdSendCSD
 .text.SDMMC_CmdSetRelAdd
                0x0000000008007a7e       0x42 Drivers/STM32F4xx_HAL_Driver/Src/stm32f4xx_ll_sdmmc.o
                0x0000000008007a7e                SDMMC_CmdSetRelAdd
 .text.SDMMC_CmdSendStatus
                0x0000000008007ac0       0x44 Drivers/STM32F4xx_HAL_Driver/Src/stm32f4xx_ll_sdmmc.o
                0x0000000008007ac0                SDMMC_CmdSendStatus
 .text.SDMMC_GetCmdError
                0x0000000008007b04       0x50 Drivers/STM32F4xx_HAL_Driver/Src/stm32f4xx_ll_sdmmc.o
 .text.SDMMC_GetCmdResp1
                0x0000000008007b54      0x1d8 Drivers/STM32F4xx_HAL_Driver/Src/stm32f4xx_ll_sdmmc.o
 .text.SDMMC_GetCmdResp2
                0x0000000008007d2c       0x8c Drivers/STM32F4xx_HAL_Driver/Src/stm32f4xx_ll_sdmmc.o
 .text.SDMMC_GetCmdResp3
                0x0000000008007db8       0x74 Drivers/STM32F4xx_HAL_Driver/Src/stm32f4xx_ll_sdmmc.o
 .text.SDMMC_GetCmdResp6
                0x0000000008007e2c       0xe8 Drivers/STM32F4xx_HAL_Driver/Src/stm32f4xx_ll_sdmmc.o
 .text.SDMMC_GetCmdResp7
                0x0000000008007f14       0x98 Drivers/STM32F4xx_HAL_Driver/Src/stm32f4xx_ll_sdmmc.o
 .text.MX_FATFS_Init
                0x0000000008007fac       0x24 FATFS/App/fatfs.o
                0x0000000008007fac                MX_FATFS_Init
 .text.get_fattime
                0x0000000008007fd0       0x10 FATFS/App/fatfs.o
                0x0000000008007fd0                get_fattime
 .text.BSP_SD_Init
                0x0000000008007fe0       0x4c FATFS/Target/bsp_driver_sd.o
                0x0000000008007fe0                BSP_SD_Init
 .text.BSP_SD_ReadBlocks_DMA
                0x000000000800802c       0x34 FATFS/Target/bsp_driver_sd.o
                0x000000000800802c                BSP_SD_ReadBlocks_DMA
 .text.BSP_SD_WriteBlocks_DMA
                0x0000000008008060       0x34 FATFS/Target/bsp_driver_sd.o
                0x0000000008008060                BSP_SD_WriteBlocks_DMA
 .text.BSP_SD_GetCardState
                0x0000000008008094       0x20 FATFS/Target/bsp_driver_sd.o
                0x0000000008008094                BSP_SD_GetCardState
 .text.BSP_SD_GetCardInfo
                0x00000000080080b4       0x1c FATFS/Target/bsp_driver_sd.o
                0x00000000080080b4                BSP_SD_GetCardInfo
 .text.HAL_SD_AbortCallback
                0x00000000080080d0       0x14 FATFS/Target/bsp_driver_sd.o
                0x00000000080080d0                HAL_SD_AbortCallback
 .text.HAL_SD_TxCpltCallback
                0x00000000080080e4       0x14 FATFS/Target/bsp_driver_sd.o
                0x00000000080080e4                HAL_SD_TxCpltCallback
 .text.HAL_SD_RxCpltCallback
                0x00000000080080f8       0x14 FATFS/Target/bsp_driver_sd.o
                0x00000000080080f8                HAL_SD_RxCpltCallback
 .text.BSP_SD_AbortCallback
                0x000000000800810c        0xe FATFS/Target/bsp_driver_sd.o
                0x000000000800810c                BSP_SD_AbortCallback
 .text.BSP_SD_IsDetected
                0x000000000800811a       0x24 FATFS/Target/bsp_driver_sd.o
                0x000000000800811a                BSP_SD_IsDetected
 *fill*         0x000000000800813e        0x2 
 .text.BSP_PlatformIsDetected
                0x0000000008008140       0x3c FATFS/Target/fatfs_platform.o
                0x0000000008008140                BSP_PlatformIsDetected
 .text.SD_CheckStatusWithTimeout
                0x000000000800817c       0x3a FATFS/Target/sd_diskio.o
 *fill*         0x00000000080081b6        0x2 
 .text.SD_CheckStatus
                0x00000000080081b8       0x3c FATFS/Target/sd_diskio.o
 .text.SD_initialize
                0x00000000080081f4       0x38 FATFS/Target/sd_diskio.o
                0x00000000080081f4                SD_initialize
 .text.SD_status
                0x000000000800822c       0x1c FATFS/Target/sd_diskio.o
                0x000000000800822c                SD_status
 .text.SD_read  0x0000000008008248      0x150 FATFS/Target/sd_diskio.o
                0x0000000008008248                SD_read
 .text.SD_write
                0x0000000008008398      0x150 FATFS/Target/sd_diskio.o
                0x0000000008008398                SD_write
 .text.SD_ioctl
                0x00000000080084e8       0xb0 FATFS/Target/sd_diskio.o
                0x00000000080084e8                SD_ioctl
 .text.BSP_SD_WriteCpltCallback
                0x0000000008008598       0x18 FATFS/Target/sd_diskio.o
                0x0000000008008598                BSP_SD_WriteCpltCallback
 .text.BSP_SD_ReadCpltCallback
                0x00000000080085b0       0x18 FATFS/Target/sd_diskio.o
                0x00000000080085b0                BSP_SD_ReadCpltCallback
 .text.disk_status
                0x00000000080085c8       0x34 Middlewares/Third_Party/FatFs/src/diskio.o
                0x00000000080085c8                disk_status
 .text.disk_initialize
                0x00000000080085fc       0x4c Middlewares/Third_Party/FatFs/src/diskio.o
                0x00000000080085fc                disk_initialize
 .text.disk_read
                0x0000000008008648       0x40 Middlewares/Third_Party/FatFs/src/diskio.o
                0x0000000008008648                disk_read
 .text.disk_write
                0x0000000008008688       0x40 Middlewares/Third_Party/FatFs/src/diskio.o
                0x0000000008008688                disk_write
 .text.disk_ioctl
                0x00000000080086c8       0x3c Middlewares/Third_Party/FatFs/src/diskio.o
                0x00000000080086c8                disk_ioctl
 .text.ld_word  0x0000000008008704       0x30 Middlewares/Third_Party/FatFs/src/ff.o
 .text.ld_dword
                0x0000000008008734       0x46 Middlewares/Third_Party/FatFs/src/ff.o
 .text.st_word  0x000000000800877a       0x36 Middlewares/Third_Party/FatFs/src/ff.o
 .text.st_dword
                0x00000000080087b0       0x58 Middlewares/Third_Party/FatFs/src/ff.o
 .text.mem_cpy  0x0000000008008808       0x42 Middlewares/Third_Party/FatFs/src/ff.o
 .text.mem_set  0x000000000800884a       0x34 Middlewares/Third_Party/FatFs/src/ff.o
 .text.mem_cmp  0x000000000800887e       0x4e Middlewares/Third_Party/FatFs/src/ff.o
 .text.chk_chr  0x00000000080088cc       0x36 Middlewares/Third_Party/FatFs/src/ff.o
 *fill*         0x0000000008008902        0x2 
 .text.chk_lock
                0x0000000008008904       0xb8 Middlewares/Third_Party/FatFs/src/ff.o
 .text.enq_lock
                0x00000000080089bc       0x44 Middlewares/Third_Party/FatFs/src/ff.o
 .text.inc_lock
                0x0000000008008a00      0x11c Middlewares/Third_Party/FatFs/src/ff.o
 .text.dec_lock
                0x0000000008008b1c       0x78 Middlewares/Third_Party/FatFs/src/ff.o
 .text.clear_lock
                0x0000000008008b94       0x48 Middlewares/Third_Party/FatFs/src/ff.o
 .text.sync_window
                0x0000000008008bdc       0x88 Middlewares/Third_Party/FatFs/src/ff.o
 .text.move_window
                0x0000000008008c64       0x5a Middlewares/Third_Party/FatFs/src/ff.o
 *fill*         0x0000000008008cbe        0x2 
 .text.sync_fs  0x0000000008008cc0       0xe0 Middlewares/Third_Party/FatFs/src/ff.o
 .text.clust2sect
                0x0000000008008da0       0x3e Middlewares/Third_Party/FatFs/src/ff.o
 .text.get_fat  0x0000000008008dde      0x1a0 Middlewares/Third_Party/FatFs/src/ff.o
 .text.put_fat  0x0000000008008f7e      0x22e Middlewares/Third_Party/FatFs/src/ff.o
 .text.remove_chain
                0x00000000080091ac       0xca Middlewares/Third_Party/FatFs/src/ff.o
 .text.create_chain
                0x0000000008009276      0x130 Middlewares/Third_Party/FatFs/src/ff.o
 .text.clmt_clust
                0x00000000080093a6       0x70 Middlewares/Third_Party/FatFs/src/ff.o
 .text.dir_sdi  0x0000000008009416      0x112 Middlewares/Third_Party/FatFs/src/ff.o
 .text.dir_next
                0x0000000008009528      0x1ac Middlewares/Third_Party/FatFs/src/ff.o
 .text.dir_alloc
                0x00000000080096d4       0x8e Middlewares/Third_Party/FatFs/src/ff.o
 .text.ld_clust
                0x0000000008009762       0x3e Middlewares/Third_Party/FatFs/src/ff.o
 .text.st_clust
                0x00000000080097a0       0x40 Middlewares/Third_Party/FatFs/src/ff.o
 .text.cmp_lfn  0x00000000080097e0       0xe0 Middlewares/Third_Party/FatFs/src/ff.o
 .text.put_lfn  0x00000000080098c0       0xd0 Middlewares/Third_Party/FatFs/src/ff.o
 .text.gen_numname
                0x0000000008009990      0x11e Middlewares/Third_Party/FatFs/src/ff.o
 .text.sum_sfn  0x0000000008009aae       0x42 Middlewares/Third_Party/FatFs/src/ff.o
 .text.dir_find
                0x0000000008009af0      0x180 Middlewares/Third_Party/FatFs/src/ff.o
 .text.dir_register
                0x0000000008009c70      0x1f0 Middlewares/Third_Party/FatFs/src/ff.o
 .text.create_name
                0x0000000008009e60      0x370 Middlewares/Third_Party/FatFs/src/ff.o
 .text.follow_path
                0x000000000800a1d0       0xec Middlewares/Third_Party/FatFs/src/ff.o
 .text.get_ldnumber
                0x000000000800a2bc       0x88 Middlewares/Third_Party/FatFs/src/ff.o
 .text.check_fs
                0x000000000800a344       0xac Middlewares/Third_Party/FatFs/src/ff.o
 .text.find_volume
                0x000000000800a3f0      0x510 Middlewares/Third_Party/FatFs/src/ff.o
 .text.validate
                0x000000000800a900       0x6a Middlewares/Third_Party/FatFs/src/ff.o
 *fill*         0x000000000800a96a        0x2 
 .text.f_mount  0x000000000800a96c       0x8c Middlewares/Third_Party/FatFs/src/ff.o
                0x000000000800a96c                f_mount
 .text.f_open   0x000000000800a9f8      0x398 Middlewares/Third_Party/FatFs/src/ff.o
                0x000000000800a9f8                f_open
 .text.f_write  0x000000000800ad90      0x328 Middlewares/Third_Party/FatFs/src/ff.o
                0x000000000800ad90                f_write
 .text.f_sync   0x000000000800b0b8       0xfc Middlewares/Third_Party/FatFs/src/ff.o
                0x000000000800b0b8                f_sync
 .text.f_close  0x000000000800b1b4       0x54 Middlewares/Third_Party/FatFs/src/ff.o
                0x000000000800b1b4                f_close
 .text.putc_bfd
                0x000000000800b208       0x7a Middlewares/Third_Party/FatFs/src/ff.o
 .text.putc_flush
                0x000000000800b282       0x4c Middlewares/Third_Party/FatFs/src/ff.o
 .text.putc_init
                0x000000000800b2ce       0x2a Middlewares/Third_Party/FatFs/src/ff.o
 .text.f_printf
                0x000000000800b2f8      0x440 Middlewares/Third_Party/FatFs/src/ff.o
                0x000000000800b2f8                f_printf
 .text.FATFS_LinkDriverEx
                0x000000000800b738       0x98 Middlewares/Third_Party/FatFs/src/ff_gen_drv.o
                0x000000000800b738                FATFS_LinkDriverEx
 .text.FATFS_LinkDriver
                0x000000000800b7d0       0x1e Middlewares/Third_Party/FatFs/src/ff_gen_drv.o
                0x000000000800b7d0                FATFS_LinkDriver
 *fill*         0x000000000800b7ee        0x2 
 .text.ff_convert
                0x000000000800b7f0       0x78 Middlewares/Third_Party/FatFs/src/option/ccsbcs.o
                0x000000000800b7f0                ff_convert
 .text.ff_wtoupper
                0x000000000800b868      0x114 Middlewares/Third_Party/FatFs/src/option/ccsbcs.o
                0x000000000800b868                ff_wtoupper
 .text.__errno  0x000000000800b97c        0xc c:/st/stm32cubeide_1.0.2/stm32cubeide/plugins/com.st.stm32cube.ide.mcu.externaltools.gnu-tools-for-stm32.7-2018-q2-update.win32_1.0.0.201904181610/tools/bin/../lib/gcc/arm-none-eabi/7.3.1/../../../../arm-none-eabi/lib/thumb/v7e-m/fpv4-sp/hard\libc_nano.a(lib_a-errno.o)
                0x000000000800b97c                __errno
 .text.__libc_init_array
                0x000000000800b988       0x48 c:/st/stm32cubeide_1.0.2/stm32cubeide/plugins/com.st.stm32cube.ide.mcu.externaltools.gnu-tools-for-stm32.7-2018-q2-update.win32_1.0.0.201904181610/tools/bin/../lib/gcc/arm-none-eabi/7.3.1/../../../../arm-none-eabi/lib/thumb/v7e-m/fpv4-sp/hard\libc_nano.a(lib_a-init.o)
                0x000000000800b988                __libc_init_array
 .text.memcpy   0x000000000800b9d0       0x16 c:/st/stm32cubeide_1.0.2/stm32cubeide/plugins/com.st.stm32cube.ide.mcu.externaltools.gnu-tools-for-stm32.7-2018-q2-update.win32_1.0.0.201904181610/tools/bin/../lib/gcc/arm-none-eabi/7.3.1/../../../../arm-none-eabi/lib/thumb/v7e-m/fpv4-sp/hard\libc_nano.a(lib_a-memcpy-stub.o)
                0x000000000800b9d0                memcpy
 .text.memset   0x000000000800b9e6       0x10 c:/st/stm32cubeide_1.0.2/stm32cubeide/plugins/com.st.stm32cube.ide.mcu.externaltools.gnu-tools-for-stm32.7-2018-q2-update.win32_1.0.0.201904181610/tools/bin/../lib/gcc/arm-none-eabi/7.3.1/../../../../arm-none-eabi/lib/thumb/v7e-m/fpv4-sp/hard\libc_nano.a(lib_a-memset.o)
                0x000000000800b9e6                memset
 .text.__cvt    0x000000000800b9f6       0xc2 c:/st/stm32cubeide_1.0.2/stm32cubeide/plugins/com.st.stm32cube.ide.mcu.externaltools.gnu-tools-for-stm32.7-2018-q2-update.win32_1.0.0.201904181610/tools/bin/../lib/gcc/arm-none-eabi/7.3.1/../../../../arm-none-eabi/lib/thumb/v7e-m/fpv4-sp/hard\libc_nano.a(lib_a-nano-vfprintf_float.o)
                0x000000000800b9f6                __cvt
 .text.__exponent
                0x000000000800bab8       0x66 c:/st/stm32cubeide_1.0.2/stm32cubeide/plugins/com.st.stm32cube.ide.mcu.externaltools.gnu-tools-for-stm32.7-2018-q2-update.win32_1.0.0.201904181610/tools/bin/../lib/gcc/arm-none-eabi/7.3.1/../../../../arm-none-eabi/lib/thumb/v7e-m/fpv4-sp/hard\libc_nano.a(lib_a-nano-vfprintf_float.o)
                0x000000000800bab8                __exponent
 *fill*         0x000000000800bb1e        0x2 
 .text._printf_float
                0x000000000800bb20      0x480 c:/st/stm32cubeide_1.0.2/stm32cubeide/plugins/com.st.stm32cube.ide.mcu.externaltools.gnu-tools-for-stm32.7-2018-q2-update.win32_1.0.0.201904181610/tools/bin/../lib/gcc/arm-none-eabi/7.3.1/../../../../arm-none-eabi/lib/thumb/v7e-m/fpv4-sp/hard\libc_nano.a(lib_a-nano-vfprintf_float.o)
                0x000000000800bb20                _printf_float
 .text._printf_common
                0x000000000800bfa0       0xea c:/st/stm32cubeide_1.0.2/stm32cubeide/plugins/com.st.stm32cube.ide.mcu.externaltools.gnu-tools-for-stm32.7-2018-q2-update.win32_1.0.0.201904181610/tools/bin/../lib/gcc/arm-none-eabi/7.3.1/../../../../arm-none-eabi/lib/thumb/v7e-m/fpv4-sp/hard\libc_nano.a(lib_a-nano-vfprintf_i.o)
                0x000000000800bfa0                _printf_common
 *fill*         0x000000000800c08a        0x2 
 .text._printf_i
                0x000000000800c08c      0x224 c:/st/stm32cubeide_1.0.2/stm32cubeide/plugins/com.st.stm32cube.ide.mcu.externaltools.gnu-tools-for-stm32.7-2018-q2-update.win32_1.0.0.201904181610/tools/bin/../lib/gcc/arm-none-eabi/7.3.1/../../../../arm-none-eabi/lib/thumb/v7e-m/fpv4-sp/hard\libc_nano.a(lib_a-nano-vfprintf_i.o)
                0x000000000800c08c                _printf_i
 .text.printf   0x000000000800c2b0       0x30 c:/st/stm32cubeide_1.0.2/stm32cubeide/plugins/com.st.stm32cube.ide.mcu.externaltools.gnu-tools-for-stm32.7-2018-q2-update.win32_1.0.0.201904181610/tools/bin/../lib/gcc/arm-none-eabi/7.3.1/../../../../arm-none-eabi/lib/thumb/v7e-m/fpv4-sp/hard\libc_nano.a(lib_a-printf.o)
                0x000000000800c2b0                iprintf
                0x000000000800c2b0                printf
 .text._puts_r  0x000000000800c2e0       0xb8 c:/st/stm32cubeide_1.0.2/stm32cubeide/plugins/com.st.stm32cube.ide.mcu.externaltools.gnu-tools-for-stm32.7-2018-q2-update.win32_1.0.0.201904181610/tools/bin/../lib/gcc/arm-none-eabi/7.3.1/../../../../arm-none-eabi/lib/thumb/v7e-m/fpv4-sp/hard\libc_nano.a(lib_a-puts.o)
                0x000000000800c2e0                _puts_r
 .text.puts     0x000000000800c398       0x10 c:/st/stm32cubeide_1.0.2/stm32cubeide/plugins/com.st.stm32cube.ide.mcu.externaltools.gnu-tools-for-stm32.7-2018-q2-update.win32_1.0.0.201904181610/tools/bin/../lib/gcc/arm-none-eabi/7.3.1/../../../../arm-none-eabi/lib/thumb/v7e-m/fpv4-sp/hard\libc_nano.a(lib_a-puts.o)
                0x000000000800c398                puts
 .text.sprintf  0x000000000800c3a8       0x40 c:/st/stm32cubeide_1.0.2/stm32cubeide/plugins/com.st.stm32cube.ide.mcu.externaltools.gnu-tools-for-stm32.7-2018-q2-update.win32_1.0.0.201904181610/tools/bin/../lib/gcc/arm-none-eabi/7.3.1/../../../../arm-none-eabi/lib/thumb/v7e-m/fpv4-sp/hard\libc_nano.a(lib_a-sprintf.o)
                0x000000000800c3a8                siprintf
                0x000000000800c3a8                sprintf
 .text.strcat   0x000000000800c3e8       0x1e c:/st/stm32cubeide_1.0.2/stm32cubeide/plugins/com.st.stm32cube.ide.mcu.externaltools.gnu-tools-for-stm32.7-2018-q2-update.win32_1.0.0.201904181610/tools/bin/../lib/gcc/arm-none-eabi/7.3.1/../../../../arm-none-eabi/lib/thumb/v7e-m/fpv4-sp/hard\libc_nano.a(lib_a-strcat.o)
                0x000000000800c3e8                strcat
 *fill*         0x000000000800c406        0x2 
 .text.__swbuf_r
                0x000000000800c408       0xa4 c:/st/stm32cubeide_1.0.2/stm32cubeide/plugins/com.st.stm32cube.ide.mcu.externaltools.gnu-tools-for-stm32.7-2018-q2-update.win32_1.0.0.201904181610/tools/bin/../lib/gcc/arm-none-eabi/7.3.1/../../../../arm-none-eabi/lib/thumb/v7e-m/fpv4-sp/hard\libc_nano.a(lib_a-wbuf.o)
                0x000000000800c408                __swbuf_r
 .text.__swsetup_r
                0x000000000800c4ac       0xdc c:/st/stm32cubeide_1.0.2/stm32cubeide/plugins/com.st.stm32cube.ide.mcu.externaltools.gnu-tools-for-stm32.7-2018-q2-update.win32_1.0.0.201904181610/tools/bin/../lib/gcc/arm-none-eabi/7.3.1/../../../../arm-none-eabi/lib/thumb/v7e-m/fpv4-sp/hard\libc_nano.a(lib_a-wsetup.o)
                0x000000000800c4ac                __swsetup_r
 .text.quorem   0x000000000800c588      0x118 c:/st/stm32cubeide_1.0.2/stm32cubeide/plugins/com.st.stm32cube.ide.mcu.externaltools.gnu-tools-for-stm32.7-2018-q2-update.win32_1.0.0.201904181610/tools/bin/../lib/gcc/arm-none-eabi/7.3.1/../../../../arm-none-eabi/lib/thumb/v7e-m/fpv4-sp/hard\libc_nano.a(lib_a-dtoa.o)
 .text._dtoa_r  0x000000000800c6a0      0xb70 c:/st/stm32cubeide_1.0.2/stm32cubeide/plugins/com.st.stm32cube.ide.mcu.externaltools.gnu-tools-for-stm32.7-2018-q2-update.win32_1.0.0.201904181610/tools/bin/../lib/gcc/arm-none-eabi/7.3.1/../../../../arm-none-eabi/lib/thumb/v7e-m/fpv4-sp/hard\libc_nano.a(lib_a-dtoa.o)
                0x000000000800c6a0                _dtoa_r
 .text.__sflush_r
                0x000000000800d210      0x10c c:/st/stm32cubeide_1.0.2/stm32cubeide/plugins/com.st.stm32cube.ide.mcu.externaltools.gnu-tools-for-stm32.7-2018-q2-update.win32_1.0.0.201904181610/tools/bin/../lib/gcc/arm-none-eabi/7.3.1/../../../../arm-none-eabi/lib/thumb/v7e-m/fpv4-sp/hard\libc_nano.a(lib_a-fflush.o)
                0x000000000800d210                __sflush_r
 .text._fflush_r
                0x000000000800d31c       0x54 c:/st/stm32cubeide_1.0.2/stm32cubeide/plugins/com.st.stm32cube.ide.mcu.externaltools.gnu-tools-for-stm32.7-2018-q2-update.win32_1.0.0.201904181610/tools/bin/../lib/gcc/arm-none-eabi/7.3.1/../../../../arm-none-eabi/lib/thumb/v7e-m/fpv4-sp/hard\libc_nano.a(lib_a-fflush.o)
                0x000000000800d31c                _fflush_r
 .text.std      0x000000000800d370       0x48 c:/st/stm32cubeide_1.0.2/stm32cubeide/plugins/com.st.stm32cube.ide.mcu.externaltools.gnu-tools-for-stm32.7-2018-q2-update.win32_1.0.0.201904181610/tools/bin/../lib/gcc/arm-none-eabi/7.3.1/../../../../arm-none-eabi/lib/thumb/v7e-m/fpv4-sp/hard\libc_nano.a(lib_a-findfp.o)
 .text._cleanup_r
                0x000000000800d3b8        0xc c:/st/stm32cubeide_1.0.2/stm32cubeide/plugins/com.st.stm32cube.ide.mcu.externaltools.gnu-tools-for-stm32.7-2018-q2-update.win32_1.0.0.201904181610/tools/bin/../lib/gcc/arm-none-eabi/7.3.1/../../../../arm-none-eabi/lib/thumb/v7e-m/fpv4-sp/hard\libc_nano.a(lib_a-findfp.o)
                0x000000000800d3b8                _cleanup_r
 .text.__sfmoreglue
                0x000000000800d3c4       0x2c c:/st/stm32cubeide_1.0.2/stm32cubeide/plugins/com.st.stm32cube.ide.mcu.externaltools.gnu-tools-for-stm32.7-2018-q2-update.win32_1.0.0.201904181610/tools/bin/../lib/gcc/arm-none-eabi/7.3.1/../../../../arm-none-eabi/lib/thumb/v7e-m/fpv4-sp/hard\libc_nano.a(lib_a-findfp.o)
                0x000000000800d3c4                __sfmoreglue
 .text.__sinit  0x000000000800d3f0       0x60 c:/st/stm32cubeide_1.0.2/stm32cubeide/plugins/com.st.stm32cube.ide.mcu.externaltools.gnu-tools-for-stm32.7-2018-q2-update.win32_1.0.0.201904181610/tools/bin/../lib/gcc/arm-none-eabi/7.3.1/../../../../arm-none-eabi/lib/thumb/v7e-m/fpv4-sp/hard\libc_nano.a(lib_a-findfp.o)
                0x000000000800d3f0                __sinit
 .text.__sfp    0x000000000800d450       0x78 c:/st/stm32cubeide_1.0.2/stm32cubeide/plugins/com.st.stm32cube.ide.mcu.externaltools.gnu-tools-for-stm32.7-2018-q2-update.win32_1.0.0.201904181610/tools/bin/../lib/gcc/arm-none-eabi/7.3.1/../../../../arm-none-eabi/lib/thumb/v7e-m/fpv4-sp/hard\libc_nano.a(lib_a-findfp.o)
                0x000000000800d450                __sfp
 .text._fwalk_reent
                0x000000000800d4c8       0x3c c:/st/stm32cubeide_1.0.2/stm32cubeide/plugins/com.st.stm32cube.ide.mcu.externaltools.gnu-tools-for-stm32.7-2018-q2-update.win32_1.0.0.201904181610/tools/bin/../lib/gcc/arm-none-eabi/7.3.1/../../../../arm-none-eabi/lib/thumb/v7e-m/fpv4-sp/hard\libc_nano.a(lib_a-fwalk.o)
                0x000000000800d4c8                _fwalk_reent
 .text._localeconv_r
                0x000000000800d504       0x1c c:/st/stm32cubeide_1.0.2/stm32cubeide/plugins/com.st.stm32cube.ide.mcu.externaltools.gnu-tools-for-stm32.7-2018-q2-update.win32_1.0.0.201904181610/tools/bin/../lib/gcc/arm-none-eabi/7.3.1/../../../../arm-none-eabi/lib/thumb/v7e-m/fpv4-sp/hard\libc_nano.a(lib_a-localeconv.o)
                0x000000000800d504                _localeconv_r
 .text.__swhatbuf_r
                0x000000000800d520       0x48 c:/st/stm32cubeide_1.0.2/stm32cubeide/plugins/com.st.stm32cube.ide.mcu.externaltools.gnu-tools-for-stm32.7-2018-q2-update.win32_1.0.0.201904181610/tools/bin/../lib/gcc/arm-none-eabi/7.3.1/../../../../arm-none-eabi/lib/thumb/v7e-m/fpv4-sp/hard\libc_nano.a(lib_a-makebuf.o)
                0x000000000800d520                __swhatbuf_r
 .text.__smakebuf_r
                0x000000000800d568       0x80 c:/st/stm32cubeide_1.0.2/stm32cubeide/plugins/com.st.stm32cube.ide.mcu.externaltools.gnu-tools-for-stm32.7-2018-q2-update.win32_1.0.0.201904181610/tools/bin/../lib/gcc/arm-none-eabi/7.3.1/../../../../arm-none-eabi/lib/thumb/v7e-m/fpv4-sp/hard\libc_nano.a(lib_a-makebuf.o)
                0x000000000800d568                __smakebuf_r
 .text.malloc   0x000000000800d5e8       0x10 c:/st/stm32cubeide_1.0.2/stm32cubeide/plugins/com.st.stm32cube.ide.mcu.externaltools.gnu-tools-for-stm32.7-2018-q2-update.win32_1.0.0.201904181610/tools/bin/../lib/gcc/arm-none-eabi/7.3.1/../../../../arm-none-eabi/lib/thumb/v7e-m/fpv4-sp/hard\libc_nano.a(lib_a-malloc.o)
                0x000000000800d5e8                malloc
 .text._Balloc  0x000000000800d5f8       0x68 c:/st/stm32cubeide_1.0.2/stm32cubeide/plugins/com.st.stm32cube.ide.mcu.externaltools.gnu-tools-for-stm32.7-2018-q2-update.win32_1.0.0.201904181610/tools/bin/../lib/gcc/arm-none-eabi/7.3.1/../../../../arm-none-eabi/lib/thumb/v7e-m/fpv4-sp/hard\libc_nano.a(lib_a-mprec.o)
                0x000000000800d5f8                _Balloc
 .text._Bfree   0x000000000800d660       0x2e c:/st/stm32cubeide_1.0.2/stm32cubeide/plugins/com.st.stm32cube.ide.mcu.externaltools.gnu-tools-for-stm32.7-2018-q2-update.win32_1.0.0.201904181610/tools/bin/../lib/gcc/arm-none-eabi/7.3.1/../../../../arm-none-eabi/lib/thumb/v7e-m/fpv4-sp/hard\libc_nano.a(lib_a-mprec.o)
                0x000000000800d660                _Bfree
 .text.__multadd
                0x000000000800d68e       0x76 c:/st/stm32cubeide_1.0.2/stm32cubeide/plugins/com.st.stm32cube.ide.mcu.externaltools.gnu-tools-for-stm32.7-2018-q2-update.win32_1.0.0.201904181610/tools/bin/../lib/gcc/arm-none-eabi/7.3.1/../../../../arm-none-eabi/lib/thumb/v7e-m/fpv4-sp/hard\libc_nano.a(lib_a-mprec.o)
                0x000000000800d68e                __multadd
 .text.__hi0bits
                0x000000000800d704       0x3e c:/st/stm32cubeide_1.0.2/stm32cubeide/plugins/com.st.stm32cube.ide.mcu.externaltools.gnu-tools-for-stm32.7-2018-q2-update.win32_1.0.0.201904181610/tools/bin/../lib/gcc/arm-none-eabi/7.3.1/../../../../arm-none-eabi/lib/thumb/v7e-m/fpv4-sp/hard\libc_nano.a(lib_a-mprec.o)
                0x000000000800d704                __hi0bits
 .text.__lo0bits
                0x000000000800d742       0x5e c:/st/stm32cubeide_1.0.2/stm32cubeide/plugins/com.st.stm32cube.ide.mcu.externaltools.gnu-tools-for-stm32.7-2018-q2-update.win32_1.0.0.201904181610/tools/bin/../lib/gcc/arm-none-eabi/7.3.1/../../../../arm-none-eabi/lib/thumb/v7e-m/fpv4-sp/hard\libc_nano.a(lib_a-mprec.o)
                0x000000000800d742                __lo0bits
 .text.__i2b    0x000000000800d7a0       0x12 c:/st/stm32cubeide_1.0.2/stm32cubeide/plugins/com.st.stm32cube.ide.mcu.externaltools.gnu-tools-for-stm32.7-2018-q2-update.win32_1.0.0.201904181610/tools/bin/../lib/gcc/arm-none-eabi/7.3.1/../../../../arm-none-eabi/lib/thumb/v7e-m/fpv4-sp/hard\libc_nano.a(lib_a-mprec.o)
                0x000000000800d7a0                __i2b
 .text.__multiply
                0x000000000800d7b2      0x12c c:/st/stm32cubeide_1.0.2/stm32cubeide/plugins/com.st.stm32cube.ide.mcu.externaltools.gnu-tools-for-stm32.7-2018-q2-update.win32_1.0.0.201904181610/tools/bin/../lib/gcc/arm-none-eabi/7.3.1/../../../../arm-none-eabi/lib/thumb/v7e-m/fpv4-sp/hard\libc_nano.a(lib_a-mprec.o)
                0x000000000800d7b2                __multiply
 *fill*         0x000000000800d8de        0x2 
 .text.__pow5mult
                0x000000000800d8e0       0x9c c:/st/stm32cubeide_1.0.2/stm32cubeide/plugins/com.st.stm32cube.ide.mcu.externaltools.gnu-tools-for-stm32.7-2018-q2-update.win32_1.0.0.201904181610/tools/bin/../lib/gcc/arm-none-eabi/7.3.1/../../../../arm-none-eabi/lib/thumb/v7e-m/fpv4-sp/hard\libc_nano.a(lib_a-mprec.o)
                0x000000000800d8e0                __pow5mult
 .text.__lshift
                0x000000000800d97c       0xa8 c:/st/stm32cubeide_1.0.2/stm32cubeide/plugins/com.st.stm32cube.ide.mcu.externaltools.gnu-tools-for-stm32.7-2018-q2-update.win32_1.0.0.201904181610/tools/bin/../lib/gcc/arm-none-eabi/7.3.1/../../../../arm-none-eabi/lib/thumb/v7e-m/fpv4-sp/hard\libc_nano.a(lib_a-mprec.o)
                0x000000000800d97c                __lshift
 .text.__mcmp   0x000000000800da24       0x34 c:/st/stm32cubeide_1.0.2/stm32cubeide/plugins/com.st.stm32cube.ide.mcu.externaltools.gnu-tools-for-stm32.7-2018-q2-update.win32_1.0.0.201904181610/tools/bin/../lib/gcc/arm-none-eabi/7.3.1/../../../../arm-none-eabi/lib/thumb/v7e-m/fpv4-sp/hard\libc_nano.a(lib_a-mprec.o)
                0x000000000800da24                __mcmp
 .text.__mdiff  0x000000000800da58       0xba c:/st/stm32cubeide_1.0.2/stm32cubeide/plugins/com.st.stm32cube.ide.mcu.externaltools.gnu-tools-for-stm32.7-2018-q2-update.win32_1.0.0.201904181610/tools/bin/../lib/gcc/arm-none-eabi/7.3.1/../../../../arm-none-eabi/lib/thumb/v7e-m/fpv4-sp/hard\libc_nano.a(lib_a-mprec.o)
                0x000000000800da58                __mdiff
 .text.__d2b    0x000000000800db12       0x9e c:/st/stm32cubeide_1.0.2/stm32cubeide/plugins/com.st.stm32cube.ide.mcu.externaltools.gnu-tools-for-stm32.7-2018-q2-update.win32_1.0.0.201904181610/tools/bin/../lib/gcc/arm-none-eabi/7.3.1/../../../../arm-none-eabi/lib/thumb/v7e-m/fpv4-sp/hard\libc_nano.a(lib_a-mprec.o)
                0x000000000800db12                __d2b
 .text._calloc_r
                0x000000000800dbb0       0x1c c:/st/stm32cubeide_1.0.2/stm32cubeide/plugins/com.st.stm32cube.ide.mcu.externaltools.gnu-tools-for-stm32.7-2018-q2-update.win32_1.0.0.201904181610/tools/bin/../lib/gcc/arm-none-eabi/7.3.1/../../../../arm-none-eabi/lib/thumb/v7e-m/fpv4-sp/hard\libc_nano.a(lib_a-nano-callocr.o)
                0x000000000800dbb0                _calloc_r
 .text._free_r  0x000000000800dbcc       0x9c c:/st/stm32cubeide_1.0.2/stm32cubeide/plugins/com.st.stm32cube.ide.mcu.externaltools.gnu-tools-for-stm32.7-2018-q2-update.win32_1.0.0.201904181610/tools/bin/../lib/gcc/arm-none-eabi/7.3.1/../../../../arm-none-eabi/lib/thumb/v7e-m/fpv4-sp/hard\libc_nano.a(lib_a-nano-freer.o)
                0x000000000800dbcc                _free_r
 .text._malloc_r
                0x000000000800dc68       0xb4 c:/st/stm32cubeide_1.0.2/stm32cubeide/plugins/com.st.stm32cube.ide.mcu.externaltools.gnu-tools-for-stm32.7-2018-q2-update.win32_1.0.0.201904181610/tools/bin/../lib/gcc/arm-none-eabi/7.3.1/../../../../arm-none-eabi/lib/thumb/v7e-m/fpv4-sp/hard\libc_nano.a(lib_a-nano-mallocr.o)
                0x000000000800dc68                _malloc_r
 .text.__ssputs_r
                0x000000000800dd1c       0xb4 c:/st/stm32cubeide_1.0.2/stm32cubeide/plugins/com.st.stm32cube.ide.mcu.externaltools.gnu-tools-for-stm32.7-2018-q2-update.win32_1.0.0.201904181610/tools/bin/../lib/gcc/arm-none-eabi/7.3.1/../../../../arm-none-eabi/lib/thumb/v7e-m/fpv4-sp/hard\libc_nano.a(lib_a-nano-svfprintf.o)
                0x000000000800dd1c                __ssputs_r
 .text._svfprintf_r
                0x000000000800ddd0      0x1f0 c:/st/stm32cubeide_1.0.2/stm32cubeide/plugins/com.st.stm32cube.ide.mcu.externaltools.gnu-tools-for-stm32.7-2018-q2-update.win32_1.0.0.201904181610/tools/bin/../lib/gcc/arm-none-eabi/7.3.1/../../../../arm-none-eabi/lib/thumb/v7e-m/fpv4-sp/hard\libc_nano.a(lib_a-nano-svfprintf.o)
                0x000000000800ddd0                _svfiprintf_r
                0x000000000800ddd0                _svfprintf_r
 .text.__sfputc_r
                0x000000000800dfc0       0x2e c:/st/stm32cubeide_1.0.2/stm32cubeide/plugins/com.st.stm32cube.ide.mcu.externaltools.gnu-tools-for-stm32.7-2018-q2-update.win32_1.0.0.201904181610/tools/bin/../lib/gcc/arm-none-eabi/7.3.1/../../../../arm-none-eabi/lib/thumb/v7e-m/fpv4-sp/hard\libc_nano.a(lib_a-nano-vfprintf.o)
 .text.__sfputs_r
                0x000000000800dfee       0x24 c:/st/stm32cubeide_1.0.2/stm32cubeide/plugins/com.st.stm32cube.ide.mcu.externaltools.gnu-tools-for-stm32.7-2018-q2-update.win32_1.0.0.201904181610/tools/bin/../lib/gcc/arm-none-eabi/7.3.1/../../../../arm-none-eabi/lib/thumb/v7e-m/fpv4-sp/hard\libc_nano.a(lib_a-nano-vfprintf.o)
                0x000000000800dfee                __sfputs_r
 *fill*         0x000000000800e012        0x2 
 .text._vfprintf_r
                0x000000000800e014      0x22c c:/st/stm32cubeide_1.0.2/stm32cubeide/plugins/com.st.stm32cube.ide.mcu.externaltools.gnu-tools-for-stm32.7-2018-q2-update.win32_1.0.0.201904181610/tools/bin/../lib/gcc/arm-none-eabi/7.3.1/../../../../arm-none-eabi/lib/thumb/v7e-m/fpv4-sp/hard\libc_nano.a(lib_a-nano-vfprintf.o)
                0x000000000800e014                _vfprintf_r
                0x000000000800e014                _vfiprintf_r
 .text._sbrk_r  0x000000000800e240       0x20 c:/st/stm32cubeide_1.0.2/stm32cubeide/plugins/com.st.stm32cube.ide.mcu.externaltools.gnu-tools-for-stm32.7-2018-q2-update.win32_1.0.0.201904181610/tools/bin/../lib/gcc/arm-none-eabi/7.3.1/../../../../arm-none-eabi/lib/thumb/v7e-m/fpv4-sp/hard\libc_nano.a(lib_a-sbrkr.o)
                0x000000000800e240                _sbrk_r
 .text.__sread  0x000000000800e260       0x22 c:/st/stm32cubeide_1.0.2/stm32cubeide/plugins/com.st.stm32cube.ide.mcu.externaltools.gnu-tools-for-stm32.7-2018-q2-update.win32_1.0.0.201904181610/tools/bin/../lib/gcc/arm-none-eabi/7.3.1/../../../../arm-none-eabi/lib/thumb/v7e-m/fpv4-sp/hard\libc_nano.a(lib_a-stdio.o)
                0x000000000800e260                __sread
 .text.__swrite
                0x000000000800e282       0x38 c:/st/stm32cubeide_1.0.2/stm32cubeide/plugins/com.st.stm32cube.ide.mcu.externaltools.gnu-tools-for-stm32.7-2018-q2-update.win32_1.0.0.201904181610/tools/bin/../lib/gcc/arm-none-eabi/7.3.1/../../../../arm-none-eabi/lib/thumb/v7e-m/fpv4-sp/hard\libc_nano.a(lib_a-stdio.o)
                0x000000000800e282                __swrite
 .text.__sseek  0x000000000800e2ba       0x24 c:/st/stm32cubeide_1.0.2/stm32cubeide/plugins/com.st.stm32cube.ide.mcu.externaltools.gnu-tools-for-stm32.7-2018-q2-update.win32_1.0.0.201904181610/tools/bin/../lib/gcc/arm-none-eabi/7.3.1/../../../../arm-none-eabi/lib/thumb/v7e-m/fpv4-sp/hard\libc_nano.a(lib_a-stdio.o)
                0x000000000800e2ba                __sseek
 .text.__sclose
                0x000000000800e2de        0x8 c:/st/stm32cubeide_1.0.2/stm32cubeide/plugins/com.st.stm32cube.ide.mcu.externaltools.gnu-tools-for-stm32.7-2018-q2-update.win32_1.0.0.201904181610/tools/bin/../lib/gcc/arm-none-eabi/7.3.1/../../../../arm-none-eabi/lib/thumb/v7e-m/fpv4-sp/hard\libc_nano.a(lib_a-stdio.o)
                0x000000000800e2de                __sclose
 *fill*         0x000000000800e2e6        0x2 
 .text._write_r
                0x000000000800e2e8       0x24 c:/st/stm32cubeide_1.0.2/stm32cubeide/plugins/com.st.stm32cube.ide.mcu.externaltools.gnu-tools-for-stm32.7-2018-q2-update.win32_1.0.0.201904181610/tools/bin/../lib/gcc/arm-none-eabi/7.3.1/../../../../arm-none-eabi/lib/thumb/v7e-m/fpv4-sp/hard\libc_nano.a(lib_a-writer.o)
                0x000000000800e2e8                _write_r
 .text._close_r
                0x000000000800e30c       0x20 c:/st/stm32cubeide_1.0.2/stm32cubeide/plugins/com.st.stm32cube.ide.mcu.externaltools.gnu-tools-for-stm32.7-2018-q2-update.win32_1.0.0.201904181610/tools/bin/../lib/gcc/arm-none-eabi/7.3.1/../../../../arm-none-eabi/lib/thumb/v7e-m/fpv4-sp/hard\libc_nano.a(lib_a-closer.o)
                0x000000000800e30c                _close_r
 .text._fstat_r
                0x000000000800e32c       0x24 c:/st/stm32cubeide_1.0.2/stm32cubeide/plugins/com.st.stm32cube.ide.mcu.externaltools.gnu-tools-for-stm32.7-2018-q2-update.win32_1.0.0.201904181610/tools/bin/../lib/gcc/arm-none-eabi/7.3.1/../../../../arm-none-eabi/lib/thumb/v7e-m/fpv4-sp/hard\libc_nano.a(lib_a-fstatr.o)
                0x000000000800e32c                _fstat_r
 .text._isatty_r
                0x000000000800e350       0x20 c:/st/stm32cubeide_1.0.2/stm32cubeide/plugins/com.st.stm32cube.ide.mcu.externaltools.gnu-tools-for-stm32.7-2018-q2-update.win32_1.0.0.201904181610/tools/bin/../lib/gcc/arm-none-eabi/7.3.1/../../../../arm-none-eabi/lib/thumb/v7e-m/fpv4-sp/hard\libc_nano.a(lib_a-isattyr.o)
                0x000000000800e350                _isatty_r
 .text._lseek_r
                0x000000000800e370       0x24 c:/st/stm32cubeide_1.0.2/stm32cubeide/plugins/com.st.stm32cube.ide.mcu.externaltools.gnu-tools-for-stm32.7-2018-q2-update.win32_1.0.0.201904181610/tools/bin/../lib/gcc/arm-none-eabi/7.3.1/../../../../arm-none-eabi/lib/thumb/v7e-m/fpv4-sp/hard\libc_nano.a(lib_a-lseekr.o)
                0x000000000800e370                _lseek_r
 .text.__ascii_mbtowc
                0x000000000800e394       0x24 c:/st/stm32cubeide_1.0.2/stm32cubeide/plugins/com.st.stm32cube.ide.mcu.externaltools.gnu-tools-for-stm32.7-2018-q2-update.win32_1.0.0.201904181610/tools/bin/../lib/gcc/arm-none-eabi/7.3.1/../../../../arm-none-eabi/lib/thumb/v7e-m/fpv4-sp/hard\libc_nano.a(lib_a-mbtowc_r.o)
                0x000000000800e394                __ascii_mbtowc
 .text.memmove  0x000000000800e3b8       0x32 c:/st/stm32cubeide_1.0.2/stm32cubeide/plugins/com.st.stm32cube.ide.mcu.externaltools.gnu-tools-for-stm32.7-2018-q2-update.win32_1.0.0.201904181610/tools/bin/../lib/gcc/arm-none-eabi/7.3.1/../../../../arm-none-eabi/lib/thumb/v7e-m/fpv4-sp/hard\libc_nano.a(lib_a-memmove.o)
                0x000000000800e3b8                memmove
 .text.__malloc_lock
                0x000000000800e3ea        0x2 c:/st/stm32cubeide_1.0.2/stm32cubeide/plugins/com.st.stm32cube.ide.mcu.externaltools.gnu-tools-for-stm32.7-2018-q2-update.win32_1.0.0.201904181610/tools/bin/../lib/gcc/arm-none-eabi/7.3.1/../../../../arm-none-eabi/lib/thumb/v7e-m/fpv4-sp/hard\libc_nano.a(lib_a-mlock.o)
                0x000000000800e3ea                __malloc_lock
 .text.__malloc_unlock
                0x000000000800e3ec        0x2 c:/st/stm32cubeide_1.0.2/stm32cubeide/plugins/com.st.stm32cube.ide.mcu.externaltools.gnu-tools-for-stm32.7-2018-q2-update.win32_1.0.0.201904181610/tools/bin/../lib/gcc/arm-none-eabi/7.3.1/../../../../arm-none-eabi/lib/thumb/v7e-m/fpv4-sp/hard\libc_nano.a(lib_a-mlock.o)
                0x000000000800e3ec                __malloc_unlock
 .text._realloc_r
                0x000000000800e3ee       0x4c c:/st/stm32cubeide_1.0.2/stm32cubeide/plugins/com.st.stm32cube.ide.mcu.externaltools.gnu-tools-for-stm32.7-2018-q2-update.win32_1.0.0.201904181610/tools/bin/../lib/gcc/arm-none-eabi/7.3.1/../../../../arm-none-eabi/lib/thumb/v7e-m/fpv4-sp/hard\libc_nano.a(lib_a-nano-reallocr.o)
                0x000000000800e3ee                _realloc_r
 *fill*         0x000000000800e43a        0x2 
 .text._read_r  0x000000000800e43c       0x24 c:/st/stm32cubeide_1.0.2/stm32cubeide/plugins/com.st.stm32cube.ide.mcu.externaltools.gnu-tools-for-stm32.7-2018-q2-update.win32_1.0.0.201904181610/tools/bin/../lib/gcc/arm-none-eabi/7.3.1/../../../../arm-none-eabi/lib/thumb/v7e-m/fpv4-sp/hard\libc_nano.a(lib_a-readr.o)
                0x000000000800e43c                _read_r
 .text.__ascii_wctomb
                0x000000000800e460       0x1a c:/st/stm32cubeide_1.0.2/stm32cubeide/plugins/com.st.stm32cube.ide.mcu.externaltools.gnu-tools-for-stm32.7-2018-q2-update.win32_1.0.0.201904181610/tools/bin/../lib/gcc/arm-none-eabi/7.3.1/../../../../arm-none-eabi/lib/thumb/v7e-m/fpv4-sp/hard\libc_nano.a(lib_a-wctomb_r.o)
                0x000000000800e460                __ascii_wctomb
 .text._malloc_usable_size_r
                0x000000000800e47a       0x10 c:/st/stm32cubeide_1.0.2/stm32cubeide/plugins/com.st.stm32cube.ide.mcu.externaltools.gnu-tools-for-stm32.7-2018-q2-update.win32_1.0.0.201904181610/tools/bin/../lib/gcc/arm-none-eabi/7.3.1/../../../../arm-none-eabi/lib/thumb/v7e-m/fpv4-sp/hard\libc_nano.a(lib_a-nano-msizer.o)
                0x000000000800e47a                _malloc_usable_size_r
 *(.glue_7)
 .glue_7        0x000000000800e48a        0x0 linker stubs
 *(.glue_7t)
 .glue_7t       0x000000000800e48a        0x0 linker stubs
 *(.eh_frame)
 *fill*         0x000000000800e48a        0x2 
 .eh_frame      0x000000000800e48c        0x0 c:/st/stm32cubeide_1.0.2/stm32cubeide/plugins/com.st.stm32cube.ide.mcu.externaltools.gnu-tools-for-stm32.7-2018-q2-update.win32_1.0.0.201904181610/tools/bin/../lib/gcc/arm-none-eabi/7.3.1/thumb/v7e-m/fpv4-sp/hard/crtbegin.o
 *(.init)
 .init          0x000000000800e48c        0x4 c:/st/stm32cubeide_1.0.2/stm32cubeide/plugins/com.st.stm32cube.ide.mcu.externaltools.gnu-tools-for-stm32.7-2018-q2-update.win32_1.0.0.201904181610/tools/bin/../lib/gcc/arm-none-eabi/7.3.1/thumb/v7e-m/fpv4-sp/hard/crti.o
                0x000000000800e48c                _init
 .init          0x000000000800e490        0x8 c:/st/stm32cubeide_1.0.2/stm32cubeide/plugins/com.st.stm32cube.ide.mcu.externaltools.gnu-tools-for-stm32.7-2018-q2-update.win32_1.0.0.201904181610/tools/bin/../lib/gcc/arm-none-eabi/7.3.1/thumb/v7e-m/fpv4-sp/hard/crtn.o
 *(.fini)
 .fini          0x000000000800e498        0x4 c:/st/stm32cubeide_1.0.2/stm32cubeide/plugins/com.st.stm32cube.ide.mcu.externaltools.gnu-tools-for-stm32.7-2018-q2-update.win32_1.0.0.201904181610/tools/bin/../lib/gcc/arm-none-eabi/7.3.1/thumb/v7e-m/fpv4-sp/hard/crti.o
                0x000000000800e498                _fini
 .fini          0x000000000800e49c        0x8 c:/st/stm32cubeide_1.0.2/stm32cubeide/plugins/com.st.stm32cube.ide.mcu.externaltools.gnu-tools-for-stm32.7-2018-q2-update.win32_1.0.0.201904181610/tools/bin/../lib/gcc/arm-none-eabi/7.3.1/thumb/v7e-m/fpv4-sp/hard/crtn.o
                0x000000000800e4a4                . = ALIGN (0x4)
                0x000000000800e4a4                _etext = .

.vfp11_veneer   0x000000000800e4a4        0x0
 .vfp11_veneer  0x000000000800e4a4        0x0 linker stubs

.v4_bx          0x000000000800e4a4        0x0
 .v4_bx         0x000000000800e4a4        0x0 linker stubs

.iplt           0x000000000800e4a4        0x0
 .iplt          0x000000000800e4a4        0x0 c:/st/stm32cubeide_1.0.2/stm32cubeide/plugins/com.st.stm32cube.ide.mcu.externaltools.gnu-tools-for-stm32.7-2018-q2-update.win32_1.0.0.201904181610/tools/bin/../lib/gcc/arm-none-eabi/7.3.1/thumb/v7e-m/fpv4-sp/hard/crtbegin.o

.rodata         0x000000000800e4a8      0x898
                0x000000000800e4a8                . = ALIGN (0x4)
 *(.rodata)
 .rodata        0x000000000800e4a8       0x17 Core/Src/FOC_lib.o
 *fill*         0x000000000800e4bf        0x1 
 .rodata        0x000000000800e4c0       0x34 Core/Src/encoderMode.o
 .rodata        0x000000000800e4f4       0xa2 Core/Src/main.o
 *fill*         0x000000000800e596        0x2 
 .rodata        0x000000000800e598       0x31 Core/Src/sd_wr.o
 *fill*         0x000000000800e5c9        0x3 
 .rodata        0x000000000800e5cc       0x48 Middlewares/Third_Party/FatFs/src/ff.o
 *(.rodata*)
 .rodata.AHBPrescTable
                0x000000000800e614       0x10 Core/Src/system_stm32f4xx.o
                0x000000000800e614                AHBPrescTable
 .rodata.flagBitshiftOffset.8472
                0x000000000800e624        0x8 Drivers/STM32F4xx_HAL_Driver/Src/stm32f4xx_hal_dma.o
 .rodata.SD_Driver
                0x000000000800e62c       0x14 FATFS/Target/sd_diskio.o
                0x000000000800e62c                SD_Driver
 .rodata.ExCvt  0x000000000800e640       0x80 Middlewares/Third_Party/FatFs/src/ff.o
 .rodata.LfnOfs
                0x000000000800e6c0        0xd Middlewares/Third_Party/FatFs/src/ff.o
 *fill*         0x000000000800e6cd        0x3 
 .rodata.Tbl    0x000000000800e6d0      0x100 Middlewares/Third_Party/FatFs/src/option/ccsbcs.o
 .rodata.cvt1.9225
                0x000000000800e7d0      0x1f2 Middlewares/Third_Party/FatFs/src/option/ccsbcs.o
 *fill*         0x000000000800e9c2        0x2 
 .rodata.cvt2.9226
                0x000000000800e9c4       0xbc Middlewares/Third_Party/FatFs/src/option/ccsbcs.o
 .rodata._global_impure_ptr
                0x000000000800ea80        0x4 c:/st/stm32cubeide_1.0.2/stm32cubeide/plugins/com.st.stm32cube.ide.mcu.externaltools.gnu-tools-for-stm32.7-2018-q2-update.win32_1.0.0.201904181610/tools/bin/../lib/gcc/arm-none-eabi/7.3.1/../../../../arm-none-eabi/lib/thumb/v7e-m/fpv4-sp/hard\libc_nano.a(lib_a-impure.o)
                0x000000000800ea80                _global_impure_ptr
 .rodata._printf_float.str1.1
                0x000000000800ea84       0x12 c:/st/stm32cubeide_1.0.2/stm32cubeide/plugins/com.st.stm32cube.ide.mcu.externaltools.gnu-tools-for-stm32.7-2018-q2-update.win32_1.0.0.201904181610/tools/bin/../lib/gcc/arm-none-eabi/7.3.1/../../../../arm-none-eabi/lib/thumb/v7e-m/fpv4-sp/hard\libc_nano.a(lib_a-nano-vfprintf_float.o)
 .rodata._printf_i.str1.1
                0x000000000800ea96       0x22 c:/st/stm32cubeide_1.0.2/stm32cubeide/plugins/com.st.stm32cube.ide.mcu.externaltools.gnu-tools-for-stm32.7-2018-q2-update.win32_1.0.0.201904181610/tools/bin/../lib/gcc/arm-none-eabi/7.3.1/../../../../arm-none-eabi/lib/thumb/v7e-m/fpv4-sp/hard\libc_nano.a(lib_a-nano-vfprintf_i.o)
 .rodata._dtoa_r.str1.1
                0x000000000800eab8        0xd c:/st/stm32cubeide_1.0.2/stm32cubeide/plugins/com.st.stm32cube.ide.mcu.externaltools.gnu-tools-for-stm32.7-2018-q2-update.win32_1.0.0.201904181610/tools/bin/../lib/gcc/arm-none-eabi/7.3.1/../../../../arm-none-eabi/lib/thumb/v7e-m/fpv4-sp/hard\libc_nano.a(lib_a-dtoa.o)
                                          0xf (size before relaxing)
 *fill*         0x000000000800eac5        0x3 
 .rodata.__sf_fake_stderr
                0x000000000800eac8       0x20 c:/st/stm32cubeide_1.0.2/stm32cubeide/plugins/com.st.stm32cube.ide.mcu.externaltools.gnu-tools-for-stm32.7-2018-q2-update.win32_1.0.0.201904181610/tools/bin/../lib/gcc/arm-none-eabi/7.3.1/../../../../arm-none-eabi/lib/thumb/v7e-m/fpv4-sp/hard\libc_nano.a(lib_a-findfp.o)
                0x000000000800eac8                __sf_fake_stderr
 .rodata.__sf_fake_stdin
                0x000000000800eae8       0x20 c:/st/stm32cubeide_1.0.2/stm32cubeide/plugins/com.st.stm32cube.ide.mcu.externaltools.gnu-tools-for-stm32.7-2018-q2-update.win32_1.0.0.201904181610/tools/bin/../lib/gcc/arm-none-eabi/7.3.1/../../../../arm-none-eabi/lib/thumb/v7e-m/fpv4-sp/hard\libc_nano.a(lib_a-findfp.o)
                0x000000000800eae8                __sf_fake_stdin
 .rodata.__sf_fake_stdout
                0x000000000800eb08       0x20 c:/st/stm32cubeide_1.0.2/stm32cubeide/plugins/com.st.stm32cube.ide.mcu.externaltools.gnu-tools-for-stm32.7-2018-q2-update.win32_1.0.0.201904181610/tools/bin/../lib/gcc/arm-none-eabi/7.3.1/../../../../arm-none-eabi/lib/thumb/v7e-m/fpv4-sp/hard\libc_nano.a(lib_a-findfp.o)
                0x000000000800eb08                __sf_fake_stdout
 .rodata.__mprec_bigtens
                0x000000000800eb28       0x28 c:/st/stm32cubeide_1.0.2/stm32cubeide/plugins/com.st.stm32cube.ide.mcu.externaltools.gnu-tools-for-stm32.7-2018-q2-update.win32_1.0.0.201904181610/tools/bin/../lib/gcc/arm-none-eabi/7.3.1/../../../../arm-none-eabi/lib/thumb/v7e-m/fpv4-sp/hard\libc_nano.a(lib_a-mprec.o)
                0x000000000800eb28                __mprec_bigtens
 .rodata.__mprec_tens
                0x000000000800eb50       0xc8 c:/st/stm32cubeide_1.0.2/stm32cubeide/plugins/com.st.stm32cube.ide.mcu.externaltools.gnu-tools-for-stm32.7-2018-q2-update.win32_1.0.0.201904181610/tools/bin/../lib/gcc/arm-none-eabi/7.3.1/../../../../arm-none-eabi/lib/thumb/v7e-m/fpv4-sp/hard\libc_nano.a(lib_a-mprec.o)
                0x000000000800eb50                __mprec_tens
 .rodata.p05.7359
                0x000000000800ec18        0xc c:/st/stm32cubeide_1.0.2/stm32cubeide/plugins/com.st.stm32cube.ide.mcu.externaltools.gnu-tools-for-stm32.7-2018-q2-update.win32_1.0.0.201904181610/tools/bin/../lib/gcc/arm-none-eabi/7.3.1/../../../../arm-none-eabi/lib/thumb/v7e-m/fpv4-sp/hard\libc_nano.a(lib_a-mprec.o)
 .rodata._svfprintf_r.str1.1
                0x000000000800ec24       0x11 c:/st/stm32cubeide_1.0.2/stm32cubeide/plugins/com.st.stm32cube.ide.mcu.externaltools.gnu-tools-for-stm32.7-2018-q2-update.win32_1.0.0.201904181610/tools/bin/../lib/gcc/arm-none-eabi/7.3.1/../../../../arm-none-eabi/lib/thumb/v7e-m/fpv4-sp/hard\libc_nano.a(lib_a-nano-svfprintf.o)
 .rodata._vfprintf_r.str1.1
                0x000000000800ec35       0x11 c:/st/stm32cubeide_1.0.2/stm32cubeide/plugins/com.st.stm32cube.ide.mcu.externaltools.gnu-tools-for-stm32.7-2018-q2-update.win32_1.0.0.201904181610/tools/bin/../lib/gcc/arm-none-eabi/7.3.1/../../../../arm-none-eabi/lib/thumb/v7e-m/fpv4-sp/hard\libc_nano.a(lib_a-nano-vfprintf.o)
 .rodata._setlocale_r.str1.1