Archive member included to satisfy reference by file (symbol)

c:/st/stm32cubeide_1.2.0/stm32cubeide/plugins/com.st.stm32cube.ide.mcu.externaltools.gnu-tools-for-stm32.7-2018-q2-update.win32_1.0.0.201904181610/tools/bin/../lib/gcc/arm-none-eabi/7.3.1/../../../../arm-none-eabi/lib/thumb/v7e-m/fpv4-sp/hard\libc_nano.a(lib_a-asctime.o)
                              Core/Src/sd_wr.o (asctime)
c:/st/stm32cubeide_1.2.0/stm32cubeide/plugins/com.st.stm32cube.ide.mcu.externaltools.gnu-tools-for-stm32.7-2018-q2-update.win32_1.0.0.201904181610/tools/bin/../lib/gcc/arm-none-eabi/7.3.1/../../../../arm-none-eabi/lib/thumb/v7e-m/fpv4-sp/hard\libc_nano.a(lib_a-asctime_r.o)
                              c:/st/stm32cubeide_1.2.0/stm32cubeide/plugins/com.st.stm32cube.ide.mcu.externaltools.gnu-tools-for-stm32.7-2018-q2-update.win32_1.0.0.201904181610/tools/bin/../lib/gcc/arm-none-eabi/7.3.1/../../../../arm-none-eabi/lib/thumb/v7e-m/fpv4-sp/hard\libc_nano.a(lib_a-asctime.o) (asctime_r)
c:/st/stm32cubeide_1.2.0/stm32cubeide/plugins/com.st.stm32cube.ide.mcu.externaltools.gnu-tools-for-stm32.7-2018-q2-update.win32_1.0.0.201904181610/tools/bin/../lib/gcc/arm-none-eabi/7.3.1/../../../../arm-none-eabi/lib/thumb/v7e-m/fpv4-sp/hard\libc_nano.a(lib_a-errno.o)
                              Core/Src/syscalls.o (__errno)
c:/st/stm32cubeide_1.2.0/stm32cubeide/plugins/com.st.stm32cube.ide.mcu.externaltools.gnu-tools-for-stm32.7-2018-q2-update.win32_1.0.0.201904181610/tools/bin/../lib/gcc/arm-none-eabi/7.3.1/../../../../arm-none-eabi/lib/thumb/v7e-m/fpv4-sp/hard\libc_nano.a(lib_a-exit.o)
                              c:/st/stm32cubeide_1.2.0/stm32cubeide/plugins/com.st.stm32cube.ide.mcu.externaltools.gnu-tools-for-stm32.7-2018-q2-update.win32_1.0.0.201904181610/tools/bin/../lib/gcc/arm-none-eabi/7.3.1/../../../../arm-none-eabi/lib/thumb/v7e-m/fpv4-sp/hard/crt0.o (exit)
c:/st/stm32cubeide_1.2.0/stm32cubeide/plugins/com.st.stm32cube.ide.mcu.externaltools.gnu-tools-for-stm32.7-2018-q2-update.win32_1.0.0.201904181610/tools/bin/../lib/gcc/arm-none-eabi/7.3.1/../../../../arm-none-eabi/lib/thumb/v7e-m/fpv4-sp/hard\libc_nano.a(lib_a-gmtime.o)
                              Core/Src/sd_wr.o (gmtime)
c:/st/stm32cubeide_1.2.0/stm32cubeide/plugins/com.st.stm32cube.ide.mcu.externaltools.gnu-tools-for-stm32.7-2018-q2-update.win32_1.0.0.201904181610/tools/bin/../lib/gcc/arm-none-eabi/7.3.1/../../../../arm-none-eabi/lib/thumb/v7e-m/fpv4-sp/hard\libc_nano.a(lib_a-gmtime_r.o)
                              c:/st/stm32cubeide_1.2.0/stm32cubeide/plugins/com.st.stm32cube.ide.mcu.externaltools.gnu-tools-for-stm32.7-2018-q2-update.win32_1.0.0.201904181610/tools/bin/../lib/gcc/arm-none-eabi/7.3.1/../../../../arm-none-eabi/lib/thumb/v7e-m/fpv4-sp/hard\libc_nano.a(lib_a-gmtime.o) (gmtime_r)
c:/st/stm32cubeide_1.2.0/stm32cubeide/plugins/com.st.stm32cube.ide.mcu.externaltools.gnu-tools-for-stm32.7-2018-q2-update.win32_1.0.0.201904181610/tools/bin/../lib/gcc/arm-none-eabi/7.3.1/../../../../arm-none-eabi/lib/thumb/v7e-m/fpv4-sp/hard\libc_nano.a(lib_a-impure.o)
                              c:/st/stm32cubeide_1.2.0/stm32cubeide/plugins/com.st.stm32cube.ide.mcu.externaltools.gnu-tools-for-stm32.7-2018-q2-update.win32_1.0.0.201904181610/tools/bin/../lib/gcc/arm-none-eabi/7.3.1/../../../../arm-none-eabi/lib/thumb/v7e-m/fpv4-sp/hard\libc_nano.a(lib_a-exit.o) (_global_impure_ptr)
c:/st/stm32cubeide_1.2.0/stm32cubeide/plugins/com.st.stm32cube.ide.mcu.externaltools.gnu-tools-for-stm32.7-2018-q2-update.win32_1.0.0.201904181610/tools/bin/../lib/gcc/arm-none-eabi/7.3.1/../../../../arm-none-eabi/lib/thumb/v7e-m/fpv4-sp/hard\libc_nano.a(lib_a-init.o)
                              c:/st/stm32cubeide_1.2.0/stm32cubeide/plugins/com.st.stm32cube.ide.mcu.externaltools.gnu-tools-for-stm32.7-2018-q2-update.win32_1.0.0.201904181610/tools/bin/../lib/gcc/arm-none-eabi/7.3.1/../../../../arm-none-eabi/lib/thumb/v7e-m/fpv4-sp/hard/crt0.o (__libc_init_array)
c:/st/stm32cubeide_1.2.0/stm32cubeide/plugins/com.st.stm32cube.ide.mcu.externaltools.gnu-tools-for-stm32.7-2018-q2-update.win32_1.0.0.201904181610/tools/bin/../lib/gcc/arm-none-eabi/7.3.1/../../../../arm-none-eabi/lib/thumb/v7e-m/fpv4-sp/hard\libc_nano.a(lib_a-malloc.o)
                              c:/st/stm32cubeide_1.2.0/stm32cubeide/plugins/com.st.stm32cube.ide.mcu.externaltools.gnu-tools-for-stm32.7-2018-q2-update.win32_1.0.0.201904181610/tools/bin/../lib/gcc/arm-none-eabi/7.3.1/../../../../arm-none-eabi/lib/thumb/v7e-m/fpv4-sp/hard\libc_nano.a(lib_a-asctime.o) (malloc)
c:/st/stm32cubeide_1.2.0/stm32cubeide/plugins/com.st.stm32cube.ide.mcu.externaltools.gnu-tools-for-stm32.7-2018-q2-update.win32_1.0.0.201904181610/tools/bin/../lib/gcc/arm-none-eabi/7.3.1/../../../../arm-none-eabi/lib/thumb/v7e-m/fpv4-sp/hard\libc_nano.a(lib_a-memset.o)
[...]
Memory Configuration

Name             Origin             Length             Attributes
CCMRAM           0x0000000010000000 0x0000000000010000 xrw
RAM              0x0000000020000000 0x0000000000020000 xrw
FLASH            0x0000000008000000 0x0000000000100000 xr
*default*        0x0000000000000000 0xffffffffffffffff

Linker script and memory map

LOAD c:/st/stm32cubeide_1.2.0/stm32cubeide/plugins/com.st.stm32cube.ide.mcu.externaltools.gnu-tools-for-stm32.7-2018-q2-update.win32_1.0.0.201904181610/tools/bin/../lib/gcc/arm-none-eabi/7.3.1/thumb/v7e-m/fpv4-sp/hard/crti.o
LOAD c:/st/stm32cubeide_1.2.0/stm32cubeide/plugins/com.st.stm32cube.ide.mcu.externaltools.gnu-tools-for-stm32.7-2018-q2-update.win32_1.0.0.201904181610/tools/bin/../lib/gcc/arm-none-eabi/7.3.1/thumb/v7e-m/fpv4-sp/hard/crtbegin.o
LOAD c:/st/stm32cubeide_1.2.0/stm32cubeide/plugins/com.st.stm32cube.ide.mcu.externaltools.gnu-tools-for-stm32.7-2018-q2-update.win32_1.0.0.201904181610/tools/bin/../lib/gcc/arm-none-eabi/7.3.1/../../../../arm-none-eabi/lib/thumb/v7e-m/fpv4-sp/hard/crt0.o
LOAD Core/Src/IMU_read.o
LOAD Core/Src/adcUnitConversion.o
LOAD Core/Src/encoderMode.o
LOAD Core/Src/main.o
LOAD Core/Src/sd_wr.o
LOAD Core/Src/stm32f4xx_hal_msp.o
LOAD Core/Src/stm32f4xx_it.o
LOAD Core/Src/syscalls.o
LOAD Core/Src/sysmem.o
LOAD Core/Src/system_stm32f4xx.o
LOAD Core/Startup/startup_stm32f405rgtx.o
LOAD Drivers/STM32F4xx_HAL_Driver/Src/stm32f4xx_hal.o
LOAD Drivers/STM32F4xx_HAL_Driver/Src/stm32f4xx_hal_adc.o
LOAD Drivers/STM32F4xx_HAL_Driver/Src/stm32f4xx_hal_adc_ex.o
LOAD Drivers/STM32F4xx_HAL_Driver/Src/stm32f4xx_hal_cortex.o
LOAD Drivers/STM32F4xx_HAL_Driver/Src/stm32f4xx_hal_dma.o
LOAD Drivers/STM32F4xx_HAL_Driver/Src/stm32f4xx_hal_dma_ex.o
LOAD Drivers/STM32F4xx_HAL_Driver/Src/stm32f4xx_hal_exti.o
LOAD Drivers/STM32F4xx_HAL_Driver/Src/stm32f4xx_hal_flash.o
LOAD Drivers/STM32F4xx_HAL_Driver/Src/stm32f4xx_hal_flash_ex.o
LOAD Drivers/STM32F4xx_HAL_Driver/Src/stm32f4xx_hal_flash_ramfunc.o
LOAD Drivers/STM32F4xx_HAL_Driver/Src/stm32f4xx_hal_gpio.o
LOAD Drivers/STM32F4xx_HAL_Driver/Src/stm32f4xx_hal_pwr.o
LOAD Drivers/STM32F4xx_HAL_Driver/Src/stm32f4xx_hal_pwr_ex.o
LOAD Drivers/STM32F4xx_HAL_Driver/Src/stm32f4xx_hal_rcc.o
LOAD Drivers/STM32F4xx_HAL_Driver/Src/stm32f4xx_hal_rcc_ex.o
LOAD Drivers/STM32F4xx_HAL_Driver/Src/stm32f4xx_hal_rtc.o
LOAD Drivers/STM32F4xx_HAL_Driver/Src/stm32f4xx_hal_rtc_ex.o
LOAD Drivers/STM32F4xx_HAL_Driver/Src/stm32f4xx_hal_sd.o
LOAD Drivers/STM32F4xx_HAL_Driver/Src/stm32f4xx_hal_spi.o
LOAD Drivers/STM32F4xx_HAL_Driver/Src/stm32f4xx_hal_tim.o
LOAD Drivers/STM32F4xx_HAL_Driver/Src/stm32f4xx_hal_tim_ex.o
LOAD Drivers/STM32F4xx_HAL_Driver/Src/stm32f4xx_ll_sdmmc.o
LOAD FATFS/App/fatfs.o
LOAD FATFS/Target/bsp_driver_sd.o
LOAD FATFS/Target/fatfs_platform.o
LOAD FATFS/Target/sd_diskio.o
LOAD Middlewares/Third_Party/FatFs/src/diskio.o
LOAD Middlewares/Third_Party/FatFs/src/ff.o
LOAD Middlewares/Third_Party/FatFs/src/ff_gen_drv.o
LOAD Middlewares/Third_Party/FatFs/src/option/ccsbcs.o
LOAD Middlewares/Third_Party/FatFs/src/option/syscall.o
START GROUP
LOAD c:/st/stm32cubeide_1.2.0/stm32cubeide/plugins/com.st.stm32cube.ide.mcu.externaltools.gnu-tools-for-stm32.7-2018-q2-update.win32_1.0.0.201904181610/tools/bin/../lib/gcc/arm-none-eabi/7.3.1/../../../../arm-none-eabi/lib/thumb/v7e-m/fpv4-sp/hard\libc_nano.a
LOAD c:/st/stm32cubeide_1.2.0/stm32cubeide/plugins/com.st.stm32cube.ide.mcu.externaltools.gnu-tools-for-stm32.7-2018-q2-update.win32_1.0.0.201904181610/tools/bin/../lib/gcc/arm-none-eabi/7.3.1/../../../../arm-none-eabi/lib/thumb/v7e-m/fpv4-sp/hard\libm.a
END GROUP
START GROUP
LOAD c:/st/stm32cubeide_1.2.0/stm32cubeide/plugins/com.st.stm32cube.ide.mcu.externaltools.gnu-tools-for-stm32.7-2018-q2-update.win32_1.0.0.201904181610/tools/bin/../lib/gcc/arm-none-eabi/7.3.1/thumb/v7e-m/fpv4-sp/hard\libgcc.a
LOAD c:/st/stm32cubeide_1.2.0/stm32cubeide/plugins/com.st.stm32cube.ide.mcu.externaltools.gnu-tools-for-stm32.7-2018-q2-update.win32_1.0.0.201904181610/tools/bin/../lib/gcc/arm-none-eabi/7.3.1/../../../../arm-none-eabi/lib/thumb/v7e-m/fpv4-sp/hard\libc_nano.a
END GROUP
START GROUP
LOAD c:/st/stm32cubeide_1.2.0/stm32cubeide/plugins/com.st.stm32cube.ide.mcu.externaltools.gnu-tools-for-stm32.7-2018-q2-update.win32_1.0.0.201904181610/tools/bin/../lib/gcc/arm-none-eabi/7.3.1/thumb/v7e-m/fpv4-sp/hard\libgcc.a
LOAD c:/st/stm32cubeide_1.2.0/stm32cubeide/plugins/com.st.stm32cube.ide.mcu.externaltools.gnu-tools-for-stm32.7-2018-q2-update.win32_1.0.0.201904181610/tools/bin/../lib/gcc/arm-none-eabi/7.3.1/../../../../arm-none-eabi/lib/thumb/v7e-m/fpv4-sp/hard\libc_nano.a
LOAD c:/st/stm32cubeide_1.2.0/stm32cubeide/plugins/com.st.stm32cube.ide.mcu.externaltools.gnu-tools-for-stm32.7-2018-q2-update.win32_1.0.0.201904181610/tools/bin/../lib/gcc/arm-none-eabi/7.3.1/../../../../arm-none-eabi/lib/thumb/v7e-m/fpv4-sp/hard\libnosys.a
END GROUP
START GROUP
LOAD c:/st/stm32cubeide_1.2.0/stm32cubeide/plugins/com.st.stm32cube.ide.mcu.externaltools.gnu-tools-for-stm32.7-2018-q2-update.win32_1.0.0.201904181610/tools/bin/../lib/gcc/arm-none-eabi/7.3.1/thumb/v7e-m/fpv4-sp/hard\libgcc.a
LOAD c:/st/stm32cubeide_1.2.0/stm32cubeide/plugins/com.st.stm32cube.ide.mcu.externaltools.gnu-tools-for-stm32.7-2018-q2-update.win32_1.0.0.201904181610/tools/bin/../lib/gcc/arm-none-eabi/7.3.1/../../../../arm-none-eabi/lib/thumb/v7e-m/fpv4-sp/hard\libc_nano.a
LOAD c:/st/stm32cubeide_1.2.0/stm32cubeide/plugins/com.st.stm32cube.ide.mcu.externaltools.gnu-tools-for-stm32.7-2018-q2-update.win32_1.0.0.201904181610/tools/bin/../lib/gcc/arm-none-eabi/7.3.1/../../../../arm-none-eabi/lib/thumb/v7e-m/fpv4-sp/hard\libnosys.a
END GROUP
LOAD c:/st/stm32cubeide_1.2.0/stm32cubeide/plugins/com.st.stm32cube.ide.mcu.externaltools.gnu-tools-for-stm32.7-2018-q2-update.win32_1.0.0.201904181610/tools/bin/../lib/gcc/arm-none-eabi/7.3.1/thumb/v7e-m/fpv4-sp/hard/crtend.o
LOAD c:/st/stm32cubeide_1.2.0/stm32cubeide/plugins/com.st.stm32cube.ide.mcu.externaltools.gnu-tools-for-stm32.7-2018-q2-update.win32_1.0.0.201904181610/tools/bin/../lib/gcc/arm-none-eabi/7.3.1/thumb/v7e-m/fpv4-sp/hard/crtn.o
                0x0000000020020000                _estack = (ORIGIN (RAM) + LENGTH (RAM))
                0x0000000000008000                _Min_Heap_Size = 0x8000
                0x0000000000008000                _Min_Stack_Size = 0x8000

.isr_vector     0x0000000008000000      0x188
                0x0000000008000000                . = ALIGN (0x4)
 *(.isr_vector)
 .isr_vector    0x0000000008000000      0x188 Core/Startup/startup_stm32f405rgtx.o
                0x0000000008000000                g_pfnVectors
                0x0000000008000188                . = ALIGN (0x4)

.text           0x0000000008000190    0x10258
                0x0000000008000190                . = ALIGN (0x4)
 *(.text)
 .text          0x0000000008000190       0x40 c:/st/stm32cubeide_1.2.0/stm32cubeide/plugins/com.st.stm32cube.ide.mcu.externaltools.gnu-tools-for-stm32.7-2018-q2-update.win32_1.0.0.201904181610/tools/bin/../lib/gcc/arm-none-eabi/7.3.1/thumb/v7e-m/fpv4-sp/hard/crtbegin.o
 .text          0x00000000080001d0       0x10 c:/st/stm32cubeide_1.2.0/stm32cubeide/plugins/com.st.stm32cube.ide.mcu.externaltools.gnu-tools-for-stm32.7-2018-q2-update.win32_1.0.0.201904181610/tools/bin/../lib/gcc/arm-none-eabi/7.3.1/../../../../arm-none-eabi/lib/thumb/v7e-m/fpv4-sp/hard\libc_nano.a(lib_a-strlen.o)
                0x00000000080001d0                strlen
 .text          0x00000000080001e0       0xa0 c:/st/stm32cubeide_1.2.0/stm32cubeide/plugins/com.st.stm32cube.ide.mcu.externaltools.gnu-tools-for-stm32.7-2018-q2-update.win32_1.0.0.201904181610/tools/bin/../lib/gcc/arm-none-eabi/7.3.1/../../../../arm-none-eabi/lib/thumb/v7e-m/fpv4-sp/hard\libc_nano.a(lib_a-memchr.o)
                0x00000000080001e0                memchr
 .text          0x0000000008000280       0x14 c:/st/stm32cubeide_1.2.0/stm32cubeide/plugins/com.st.stm32cube.ide.mcu.externaltools.gnu-tools-for-stm32.7-2018-q2-update.win32_1.0.0.201904181610/tools/bin/../lib/gcc/arm-none-eabi/7.3.1/../../../../arm-none-eabi/lib/thumb/v7e-m/fpv4-sp/hard\libc_nano.a(lib_a-strcmp.o)
                0x0000000008000280                strcmp
 .text          0x0000000008000294      0x378 c:/st/stm32cubeide_1.2.0/stm32cubeide/plugins/com.st.stm32cube.ide.mcu.externaltools.gnu-tools-for-stm32.7-2018-q2-update.win32_1.0.0.201904181610/tools/bin/../lib/gcc/arm-none-eabi/7.3.1/thumb/v7e-m/fpv4-sp/hard\libgcc.a(_arm_addsubdf3.o)
                0x0000000008000294                __aeabi_drsub
                0x000000000800029c                __aeabi_dsub
                0x000000000800029c                __subdf3
                0x00000000080002a0                __aeabi_dadd
                0x00000000080002a0                __adddf3
                0x0000000008000518                __floatunsidf
                0x0000000008000518                __aeabi_ui2d
                0x0000000008000538                __floatsidf
                0x0000000008000538                __aeabi_i2d
                0x000000000800055c                __aeabi_f2d
                0x000000000800055c                __extendsfdf2
                0x00000000080005a0                __floatundidf
                0x00000000080005a0                __aeabi_ul2d
                0x00000000080005b0                __floatdidf
                0x00000000080005b0                __aeabi_l2d
 .text          0x000000000800060c      0x424 c:/st/stm32cubeide_1.2.0/stm32cubeide/plugins/com.st.stm32cube.ide.mcu.externaltools.gnu-tools-for-stm32.7-2018-q2-update.win32_1.0.0.201904181610/tools/bin/../lib/gcc/arm-none-eabi/7.3.1/thumb/v7e-m/fpv4-sp/hard\libgcc.a(_arm_muldivdf3.o)
                0x000000000800060c                __aeabi_dmul
                0x000000000800060c                __muldf3
                0x0000000008000860                __divdf3
                0x0000000008000860                __aeabi_ddiv
 .text          0x0000000008000a30      0x110 c:/st/stm32cubeide_1.2.0/stm32cubeide/plugins/com.st.stm32cube.ide.mcu.externaltools.gnu-tools-for-stm32.7-2018-q2-update.win32_1.0.0.201904181610/tools/bin/../lib/gcc/arm-none-eabi/7.3.1/thumb/v7e-m/fpv4-sp/hard\libgcc.a(_arm_cmpdf2.o)
                0x0000000008000a30                __gtdf2
                0x0000000008000a30                __gedf2
                0x0000000008000a38                __ltdf2
                0x0000000008000a38                __ledf2
                0x0000000008000a40                __nedf2
                0x0000000008000a40                __eqdf2
                0x0000000008000a40                __cmpdf2
                0x0000000008000abc                __aeabi_cdrcmple
                0x0000000008000acc                __aeabi_cdcmpeq
                0x0000000008000acc                __aeabi_cdcmple
                0x0000000008000adc                __aeabi_dcmpeq
                0x0000000008000af0                __aeabi_dcmplt
                0x0000000008000b04                __aeabi_dcmple
                0x0000000008000b18                __aeabi_dcmpge
                0x0000000008000b2c                __aeabi_dcmpgt
 .text          0x0000000008000b40       0x2c c:/st/stm32cubeide_1.2.0/stm32cubeide/plugins/com.st.stm32cube.ide.mcu.externaltools.gnu-tools-for-stm32.7-2018-q2-update.win32_1.0.0.201904181610/tools/bin/../lib/gcc/arm-none-eabi/7.3.1/thumb/v7e-m/fpv4-sp/hard\libgcc.a(_arm_unorddf2.o)
                0x0000000008000b40                __unorddf2
                0x0000000008000b40                __aeabi_dcmpun
 .text          0x0000000008000b6c       0x50 c:/st/stm32cubeide_1.2.0/stm32cubeide/plugins/com.st.stm32cube.ide.mcu.externaltools.gnu-tools-for-stm32.7-2018-q2-update.win32_1.0.0.201904181610/tools/bin/../lib/gcc/arm-none-eabi/7.3.1/thumb/v7e-m/fpv4-sp/hard\libgcc.a(_arm_fixdfsi.o)
                0x0000000008000b6c                __aeabi_d2iz
                0x0000000008000b6c                __fixdfsi
 .text          0x0000000008000bbc       0xa0 c:/st/stm32cubeide_1.2.0/stm32cubeide/plugins/com.st.stm32cube.ide.mcu.externaltools.gnu-tools-for-stm32.7-2018-q2-update.win32_1.0.0.201904181610/tools/bin/../lib/gcc/arm-none-eabi/7.3.1/thumb/v7e-m/fpv4-sp/hard\libgcc.a(_arm_truncdfsf2.o)
                0x0000000008000bbc                __truncdfsf2
                0x0000000008000bbc                __aeabi_d2f
 .text          0x0000000008000c5c       0xa0 c:/st/stm32cubeide_1.2.0/stm32cubeide/plugins/com.st.stm32cube.ide.mcu.externaltools.gnu-tools-for-stm32.7-2018-q2-update.win32_1.0.0.201904181610/tools/bin/../lib/gcc/arm-none-eabi/7.3.1/thumb/v7e-m/fpv4-sp/hard\libgcc.a(_aeabi_ldivmod.o)
                0x0000000008000c5c                __aeabi_ldivmod
 .text          0x0000000008000cfc       0x30 c:/st/stm32cubeide_1.2.0/stm32cubeide/plugins/com.st.stm32cube.ide.mcu.externaltools.gnu-tools-for-stm32.7-2018-q2-update.win32_1.0.0.201904181610/tools/bin/../lib/gcc/arm-none-eabi/7.3.1/thumb/v7e-m/fpv4-sp/hard\libgcc.a(_aeabi_uldivmod.o)
                0x0000000008000cfc                __aeabi_uldivmod
 .text          0x0000000008000d2c      0x2cc c:/st/stm32cubeide_1.2.0/stm32cubeide/plugins/com.st.stm32cube.ide.mcu.externaltools.gnu-tools-for-stm32.7-2018-q2-update.win32_1.0.0.201904181610/tools/bin/../lib/gcc/arm-none-eabi/7.3.1/thumb/v7e-m/fpv4-sp/hard\libgcc.a(_udivmoddi4.o)
                0x0000000008000d2c                __udivmoddi4
 .text          0x0000000008000ff8        0x4 c:/st/stm32cubeide_1.2.0/stm32cubeide/plugins/com.st.stm32cube.ide.mcu.externaltools.gnu-tools-for-stm32.7-2018-q2-update.win32_1.0.0.201904181610/tools/bin/../lib/gcc/arm-none-eabi/7.3.1/thumb/v7e-m/fpv4-sp/hard\libgcc.a(_dvmd_tls.o)
                0x0000000008000ff8                __aeabi_idiv0
                0x0000000008000ff8                __aeabi_ldiv0
 *(.text*)
 .text.IMU_config
                0x0000000008000ffc      0x104 Core/Src/IMU_read.o
                0x0000000008000ffc                IMU_config
 .text.IMU_acc_read
                0x0000000008001100       0xf0 Core/Src/IMU_read.o
                0x0000000008001100                IMU_acc_read
 .text.IMU_gyro_read
                0x00000000080011f0       0xe4 Core/Src/IMU_read.o
                0x00000000080011f0                IMU_gyro_read
 *fill*         0x00000000080012d4        0x4 
 .text.adcInt2Volt
                0x00000000080012d8       0x54 Core/Src/adcUnitConversion.o
                0x00000000080012d8                adcInt2Volt
 *fill*         0x000000000800132c        0x4 
 .text.motorCurrent
                0x0000000008001330       0x68 Core/Src/adcUnitConversion.o
                0x0000000008001330                motorCurrent
 .text.igbtTemp
                0x0000000008001398       0xc0 Core/Src/adcUnitConversion.o
                0x0000000008001398                igbtTemp
 .text.motorTemp
                0x0000000008001458       0x7c Core/Src/adcUnitConversion.o
                0x0000000008001458                motorTemp
 *fill*         0x00000000080014d4        0x4 
 .text.pedalPos
                0x00000000080014d8       0x64 Core/Src/adcUnitConversion.o
                0x00000000080014d8                pedalPos
 *fill*         0x000000000800153c        0x4 
 .text.motorSpeed
                0x0000000008001540      0x12c Core/Src/encoderMode.o
                0x0000000008001540                motorSpeed
 .text.ITM_SendChar
                0x000000000800166c       0x4e Core/Src/main.o
 *fill*         0x00000000080016ba        0x2 
 .text.HAL_ADC_ConvCpltCallback
                0x00000000080016bc       0x4c Core/Src/main.o
                0x00000000080016bc                HAL_ADC_ConvCpltCallback
 .text.HAL_RTC_AlarmAEventCallback
                0x0000000008001708       0x28 Core/Src/main.o
                0x0000000008001708                HAL_RTC_AlarmAEventCallback
 .text.HAL_TIM_PeriodElapsedCallback
                0x0000000008001730       0x58 Core/Src/main.o
                0x0000000008001730                HAL_TIM_PeriodElapsedCallback
 .text.main     0x0000000008001788      0x5e8 Core/Src/main.o
                0x0000000008001788                main
 .text.SystemClock_Config
                0x0000000008001d70      0x114 Core/Src/main.o
                0x0000000008001d70                SystemClock_Config
 .text.MX_ADC1_Init
                0x0000000008001e84      0x14c Core/Src/main.o
 .text.MX_RTC_Init
                0x0000000008001fd0      0x11c Core/Src/main.o
 .text.MX_SDIO_SD_Init
                0x00000000080020ec       0x40 Core/Src/main.o
 .text.MX_SPI2_Init
                0x000000000800212c       0x6c Core/Src/main.o
 .text.MX_TIM2_Init
                0x0000000008002198       0xa8 Core/Src/main.o
 .text.MX_TIM6_Init
                0x0000000008002240       0x6c Core/Src/main.o
 .text.MX_DMA_Init
                0x00000000080022ac       0x40 Core/Src/main.o
 .text.MX_GPIO_Init
                0x00000000080022ec      0x144 Core/Src/main.o
 .text.__io_putchar
                0x0000000008002430       0x1a Core/Src/main.o
                0x0000000008002430                __io_putchar
 .text._write   0x000000000800244a       0x38 Core/Src/main.o
                0x000000000800244a                _write
 .text.Error_Handler
                0x0000000008002482        0xe Core/Src/main.o
                0x0000000008002482                Error_Handler
 .text.update_file
                0x0000000008002490       0x98 Core/Src/sd_wr.o
                0x0000000008002490                update_file
 .text.get_timestamp
                0x0000000008002528       0x7c Core/Src/sd_wr.o
                0x0000000008002528                get_timestamp
 .text.HAL_MspInit
                0x00000000080025a4       0x50 Core/Src/stm32f4xx_hal_msp.o
                0x00000000080025a4                HAL_MspInit
 .text.HAL_ADC_MspInit
                0x00000000080025f4      0x160 Core/Src/stm32f4xx_hal_msp.o
                0x00000000080025f4                HAL_ADC_MspInit
 .text.HAL_RTC_MspInit
                0x0000000008002754       0x38 Core/Src/stm32f4xx_hal_msp.o
                0x0000000008002754                HAL_RTC_MspInit
 .text.HAL_SD_MspInit
                0x000000000800278c      0x104 Core/Src/stm32f4xx_hal_msp.o
                0x000000000800278c                HAL_SD_MspInit
 .text.HAL_SPI_MspInit
                0x0000000008002890       0x90 Core/Src/stm32f4xx_hal_msp.o
                0x0000000008002890                HAL_SPI_MspInit
 .text.HAL_TIM_Encoder_MspInit
                0x0000000008002920       0x8c Core/Src/stm32f4xx_hal_msp.o
                0x0000000008002920                HAL_TIM_Encoder_MspInit
 .text.HAL_TIM_Base_MspInit
                0x00000000080029ac       0x50 Core/Src/stm32f4xx_hal_msp.o
                0x00000000080029ac                HAL_TIM_Base_MspInit
 .text.NMI_Handler
                0x00000000080029fc        0xe Core/Src/stm32f4xx_it.o
                0x00000000080029fc                NMI_Handler
 .text.HardFault_Handler
                0x0000000008002a0a        0x6 Core/Src/stm32f4xx_it.o
                0x0000000008002a0a                HardFault_Handler
 .text.MemManage_Handler
                0x0000000008002a10        0x6 Core/Src/stm32f4xx_it.o
                0x0000000008002a10                MemManage_Handler
 .text.BusFault_Handler
                0x0000000008002a16        0x6 Core/Src/stm32f4xx_it.o
                0x0000000008002a16                BusFault_Handler
 .text.UsageFault_Handler
                0x0000000008002a1c        0x6 Core/Src/stm32f4xx_it.o
                0x0000000008002a1c                UsageFault_Handler
 .text.SVC_Handler
                0x0000000008002a22        0xe Core/Src/stm32f4xx_it.o
                0x0000000008002a22                SVC_Handler
 .text.DebugMon_Handler
                0x0000000008002a30        0xe Core/Src/stm32f4xx_it.o
                0x0000000008002a30                DebugMon_Handler
 .text.PendSV_Handler
                0x0000000008002a3e        0xe Core/Src/stm32f4xx_it.o
                0x0000000008002a3e                PendSV_Handler
 .text.SysTick_Handler
                0x0000000008002a4c        0xc Core/Src/stm32f4xx_it.o
                0x0000000008002a4c                SysTick_Handler
 .text.RTC_Alarm_IRQHandler
                0x0000000008002a58       0x14 Core/Src/stm32f4xx_it.o
                0x0000000008002a58                RTC_Alarm_IRQHandler
 .text.SDIO_IRQHandler
                0x0000000008002a6c       0x14 Core/Src/stm32f4xx_it.o
                0x0000000008002a6c                SDIO_IRQHandler
 .text.TIM6_DAC_IRQHandler
                0x0000000008002a80       0x14 Core/Src/stm32f4xx_it.o
                0x0000000008002a80                TIM6_DAC_IRQHandler
 .text.DMA2_Stream0_IRQHandler
                0x0000000008002a94       0x14 Core/Src/stm32f4xx_it.o
                0x0000000008002a94                DMA2_Stream0_IRQHandler
 .text._read    0x0000000008002aa8       0x3a Core/Src/syscalls.o
                0x0000000008002aa8                _read
 .text._close   0x0000000008002ae2       0x18 Core/Src/syscalls.o
                0x0000000008002ae2                _close
 .text._fstat   0x0000000008002afa       0x20 Core/Src/syscalls.o
                0x0000000008002afa                _fstat
 .text._isatty  0x0000000008002b1a       0x16 Core/Src/syscalls.o
                0x0000000008002b1a                _isatty
 .text._lseek   0x0000000008002b30       0x1a Core/Src/syscalls.o
                0x0000000008002b30                _lseek
 *fill*         0x0000000008002b4a        0x2 
 .text._sbrk    0x0000000008002b4c       0x58 Core/Src/sysmem.o
                0x0000000008002b4c                _sbrk
 .text.SystemInit
                0x0000000008002ba4       0x2c Core/Src/system_stm32f4xx.o
                0x0000000008002ba4                SystemInit
 .text.Reset_Handler
                0x0000000008002bd0       0x50 Core/Startup/startup_stm32f405rgtx.o
                0x0000000008002bd0                Reset_Handler
 .text.Default_Handler
                0x0000000008002c20        0x2 Core/Startup/startup_stm32f405rgtx.o
                0x0000000008002c20                HASH_RNG_IRQHandler
                0x0000000008002c20                EXTI2_IRQHandler
                0x0000000008002c20                TIM8_CC_IRQHandler
                0x0000000008002c20                TIM1_CC_IRQHandler
                0x0000000008002c20                DMA2_Stream5_IRQHandler
                0x0000000008002c20                DMA1_Stream5_IRQHandler
                0x0000000008002c20                PVD_IRQHandler
                0x0000000008002c20                TAMP_STAMP_IRQHandler
                0x0000000008002c20                CAN2_RX1_IRQHandler
                0x0000000008002c20                EXTI3_IRQHandler
                0x0000000008002c20                TIM8_TRG_COM_TIM14_IRQHandler
                0x0000000008002c20                TIM1_UP_TIM10_IRQHandler
                0x0000000008002c20                TIM8_UP_TIM13_IRQHandler
                0x0000000008002c20                I2C3_ER_IRQHandler
                0x0000000008002c20                EXTI0_IRQHandler
                0x0000000008002c20                I2C2_EV_IRQHandler
                0x0000000008002c20                DMA1_Stream2_IRQHandler
                0x0000000008002c20                CAN1_RX0_IRQHandler
                0x0000000008002c20                FPU_IRQHandler
                0x0000000008002c20                OTG_HS_WKUP_IRQHandler
                0x0000000008002c20                CAN2_SCE_IRQHandler
                0x0000000008002c20                DMA2_Stream2_IRQHandler
                0x0000000008002c20                SPI1_IRQHandler
                0x0000000008002c20                TIM1_BRK_TIM9_IRQHandler
                0x0000000008002c20                CAN2_RX0_IRQHandler
                0x0000000008002c20                DMA2_Stream3_IRQHandler
                0x0000000008002c20                USART6_IRQHandler
                0x0000000008002c20                USART3_IRQHandler
                0x0000000008002c20                CAN1_RX1_IRQHandler
                0x0000000008002c20                UART5_IRQHandler
                0x0000000008002c20                TIM4_IRQHandler
                0x0000000008002c20                I2C1_EV_IRQHandler
                0x0000000008002c20                DMA1_Stream6_IRQHandler
                0x0000000008002c20                DMA1_Stream1_IRQHandler
                0x0000000008002c20                UART4_IRQHandler
                0x0000000008002c20                TIM3_IRQHandler
                0x0000000008002c20                RCC_IRQHandler
                0x0000000008002c20                TIM8_BRK_TIM12_IRQHandler
                0x0000000008002c20                Default_Handler
                0x0000000008002c20                EXTI15_10_IRQHandler
                0x0000000008002c20                ADC_IRQHandler
                0x0000000008002c20                DMA1_Stream7_IRQHandler
                0x0000000008002c20                TIM7_IRQHandler
                0x0000000008002c20                CAN2_TX_IRQHandler
                0x0000000008002c20                TIM5_IRQHandler
                0x0000000008002c20                DMA2_Stream7_IRQHandler
                0x0000000008002c20                I2C3_EV_IRQHandler
                0x0000000008002c20                EXTI9_5_IRQHandler
                0x0000000008002c20                RTC_WKUP_IRQHandler
                0x0000000008002c20                SPI2_IRQHandler
                0x0000000008002c20                OTG_HS_EP1_IN_IRQHandler
                0x0000000008002c20                DMA1_Stream0_IRQHandler
                0x0000000008002c20                CAN1_TX_IRQHandler
                0x0000000008002c20                EXTI4_IRQHandler
                0x0000000008002c20                FSMC_IRQHandler
                0x0000000008002c20                OTG_HS_EP1_OUT_IRQHandler
                0x0000000008002c20                WWDG_IRQHandler
                0x0000000008002c20                TIM2_IRQHandler
                0x0000000008002c20                OTG_FS_WKUP_IRQHandler
                0x0000000008002c20                TIM1_TRG_COM_TIM11_IRQHandler
                0x0000000008002c20                OTG_HS_IRQHandler
                0x0000000008002c20                EXTI1_IRQHandler
                0x0000000008002c20                USART2_IRQHandler
                0x0000000008002c20                I2C2_ER_IRQHandler
                0x0000000008002c20                DMA2_Stream1_IRQHandler
                0x0000000008002c20                CAN1_SCE_IRQHandler
                0x0000000008002c20                FLASH_IRQHandler
                0x0000000008002c20                DMA2_Stream4_IRQHandler
                0x0000000008002c20                USART1_IRQHandler
                0x0000000008002c20                OTG_FS_IRQHandler
                0x0000000008002c20                SPI3_IRQHandler
                0x0000000008002c20                DMA1_Stream4_IRQHandler
                0x0000000008002c20                I2C1_ER_IRQHandler
                0x0000000008002c20                DMA2_Stream6_IRQHandler
                0x0000000008002c20                DMA1_Stream3_IRQHandler
 *fill*         0x0000000008002c22        0x2 
 .text.HAL_Init
                0x0000000008002c24       0x44 Drivers/STM32F4xx_HAL_Driver/Src/stm32f4xx_hal.o
                0x0000000008002c24                HAL_Init
 .text.HAL_InitTick
                0x0000000008002c68       0x60 Drivers/STM32F4xx_HAL_Driver/Src/stm32f4xx_hal.o
                0x0000000008002c68                HAL_InitTick
 .text.HAL_IncTick
                0x0000000008002cc8       0x28 Drivers/STM32F4xx_HAL_Driver/Src/stm32f4xx_hal.o
                0x0000000008002cc8                HAL_IncTick
 .text.HAL_GetTick
                0x0000000008002cf0       0x18 Drivers/STM32F4xx_HAL_Driver/Src/stm32f4xx_hal.o
                0x0000000008002cf0                HAL_GetTick
 .text.HAL_Delay
                0x0000000008002d08       0x44 Drivers/STM32F4xx_HAL_Driver/Src/stm32f4xx_hal.o
                0x0000000008002d08                HAL_Delay
 .text.HAL_ADC_Init
                0x0000000008002d4c       0x86 Drivers/STM32F4xx_HAL_Driver/Src/stm32f4xx_hal_adc.o
                0x0000000008002d4c                HAL_ADC_Init
 *fill*         0x0000000008002dd2        0x2 
 .text.HAL_ADC_Start_DMA
                0x0000000008002dd4      0x1e4 Drivers/STM32F4xx_HAL_Driver/Src/stm32f4xx_hal_adc.o
                0x0000000008002dd4                HAL_ADC_Start_DMA
 .text.HAL_ADC_ConvHalfCpltCallback
                0x0000000008002fb8       0x14 Drivers/STM32F4xx_HAL_Driver/Src/stm32f4xx_hal_adc.o
                0x0000000008002fb8                HAL_ADC_ConvHalfCpltCallback
 .text.HAL_ADC_ErrorCallback
                0x0000000008002fcc       0x14 Drivers/STM32F4xx_HAL_Driver/Src/stm32f4xx_hal_adc.o
                0x0000000008002fcc                HAL_ADC_ErrorCallback
 .text.HAL_ADC_ConfigChannel
                0x0000000008002fe0      0x244 Drivers/STM32F4xx_HAL_Driver/Src/stm32f4xx_hal_adc.o
                0x0000000008002fe0                HAL_ADC_ConfigChannel
 .text.ADC_Init
                0x0000000008003224      0x1f8 Drivers/STM32F4xx_HAL_Driver/Src/stm32f4xx_hal_adc.o
 .text.ADC_DMAConvCplt
                0x000000000800341c       0xba Drivers/STM32F4xx_HAL_Driver/Src/stm32f4xx_hal_adc.o
 .text.ADC_DMAHalfConvCplt
                0x00000000080034d6       0x1c Drivers/STM32F4xx_HAL_Driver/Src/stm32f4xx_hal_adc.o
 .text.ADC_DMAError
                0x00000000080034f2       0x2e Drivers/STM32F4xx_HAL_Driver/Src/stm32f4xx_hal_adc.o
 .text.__NVIC_SetPriorityGrouping
                0x0000000008003520       0x48 Drivers/STM32F4xx_HAL_Driver/Src/stm32f4xx_hal_cortex.o
 .text.__NVIC_GetPriorityGrouping
                0x0000000008003568       0x1c Drivers/STM32F4xx_HAL_Driver/Src/stm32f4xx_hal_cortex.o
 .text.__NVIC_EnableIRQ
                0x0000000008003584       0x3c Drivers/STM32F4xx_HAL_Driver/Src/stm32f4xx_hal_cortex.o
 .text.__NVIC_SetPriority
                0x00000000080035c0       0x54 Drivers/STM32F4xx_HAL_Driver/Src/stm32f4xx_hal_cortex.o
 .text.NVIC_EncodePriority
                0x0000000008003614       0x66 Drivers/STM32F4xx_HAL_Driver/Src/stm32f4xx_hal_cortex.o
 *fill*         0x000000000800367a        0x2 
 .text.SysTick_Config
                0x000000000800367c       0x44 Drivers/STM32F4xx_HAL_Driver/Src/stm32f4xx_hal_cortex.o
 .text.HAL_NVIC_SetPriorityGrouping
                0x00000000080036c0       0x16 Drivers/STM32F4xx_HAL_Driver/Src/stm32f4xx_hal_cortex.o
                0x00000000080036c0                HAL_NVIC_SetPriorityGrouping
 .text.HAL_NVIC_SetPriority
                0x00000000080036d6       0x38 Drivers/STM32F4xx_HAL_Driver/Src/stm32f4xx_hal_cortex.o
                0x00000000080036d6                HAL_NVIC_SetPriority
 .text.HAL_NVIC_EnableIRQ
                0x000000000800370e       0x1c Drivers/STM32F4xx_HAL_Driver/Src/stm32f4xx_hal_cortex.o
                0x000000000800370e                HAL_NVIC_EnableIRQ
 .text.HAL_SYSTICK_Config
                0x000000000800372a       0x18 Drivers/STM32F4xx_HAL_Driver/Src/stm32f4xx_hal_cortex.o
                0x000000000800372a                HAL_SYSTICK_Config
 *fill*         0x0000000008003742        0x2 
 .text.HAL_DMA_Init
                0x0000000008003744      0x15c Drivers/STM32F4xx_HAL_Driver/Src/stm32f4xx_hal_dma.o
                0x0000000008003744                HAL_DMA_Init
 .text.HAL_DMA_Start_IT
                0x00000000080038a0       0xb0 Drivers/STM32F4xx_HAL_Driver/Src/stm32f4xx_hal_dma.o
                0x00000000080038a0                HAL_DMA_Start_IT
 .text.HAL_DMA_Abort_IT
                0x0000000008003950       0x44 Drivers/STM32F4xx_HAL_Driver/Src/stm32f4xx_hal_dma.o
                0x0000000008003950                HAL_DMA_Abort_IT
 .text.HAL_DMA_IRQHandler
                0x0000000008003994      0x314 Drivers/STM32F4xx_HAL_Driver/Src/stm32f4xx_hal_dma.o
                0x0000000008003994                HAL_DMA_IRQHandler
 .text.DMA_SetConfig
                0x0000000008003ca8       0x5c Drivers/STM32F4xx_HAL_Driver/Src/stm32f4xx_hal_dma.o
 .text.DMA_CalcBaseAndBitshift
                0x0000000008003d04       0x6c Drivers/STM32F4xx_HAL_Driver/Src/stm32f4xx_hal_dma.o
 .text.DMA_CheckFifoParam
                0x0000000008003d70       0xf4 Drivers/STM32F4xx_HAL_Driver/Src/stm32f4xx_hal_dma.o
 .text.HAL_GPIO_Init
                0x0000000008003e64      0x334 Drivers/STM32F4xx_HAL_Driver/Src/stm32f4xx_hal_gpio.o
                0x0000000008003e64                HAL_GPIO_Init
 .text.HAL_GPIO_ReadPin
                0x0000000008004198       0x30 Drivers/STM32F4xx_HAL_Driver/Src/stm32f4xx_hal_gpio.o
                0x0000000008004198                HAL_GPIO_ReadPin
 .text.HAL_GPIO_WritePin
                0x00000000080041c8       0x32 Drivers/STM32F4xx_HAL_Driver/Src/stm32f4xx_hal_gpio.o
                0x00000000080041c8                HAL_GPIO_WritePin
 *fill*         0x00000000080041fa        0x2 
 .text.HAL_RCC_OscConfig
                0x00000000080041fc      0x4e0 Drivers/STM32F4xx_HAL_Driver/Src/stm32f4xx_hal_rcc.o
                0x00000000080041fc                HAL_RCC_OscConfig
 .text.HAL_RCC_ClockConfig
                0x00000000080046dc      0x1cc Drivers/STM32F4xx_HAL_Driver/Src/stm32f4xx_hal_rcc.o
                0x00000000080046dc                HAL_RCC_ClockConfig
 .text.HAL_RCC_MCOConfig
                0x00000000080048a8       0xd0 Drivers/STM32F4xx_HAL_Driver/Src/stm32f4xx_hal_rcc.o
                0x00000000080048a8                HAL_RCC_MCOConfig
 .text.HAL_RCC_GetSysClockFreq
                0x0000000008004978      0x164 Drivers/STM32F4xx_HAL_Driver/Src/stm32f4xx_hal_rcc.o
                0x0000000008004978                HAL_RCC_GetSysClockFreq
 .text.HAL_RCCEx_PeriphCLKConfig
                0x0000000008004adc      0x1c4 Drivers/STM32F4xx_HAL_Driver/Src/stm32f4xx_hal_rcc_ex.o
                0x0000000008004adc                HAL_RCCEx_PeriphCLKConfig
 .text.HAL_RTC_Init
                0x0000000008004ca0      0x122 Drivers/STM32F4xx_HAL_Driver/Src/stm32f4xx_hal_rtc.o
                0x0000000008004ca0                HAL_RTC_Init
 .text.HAL_RTC_SetTime
                0x0000000008004dc2      0x17a Drivers/STM32F4xx_HAL_Driver/Src/stm32f4xx_hal_rtc.o
                0x0000000008004dc2                HAL_RTC_SetTime
 .text.HAL_RTC_GetTime
                0x0000000008004f3c       0xbc Drivers/STM32F4xx_HAL_Driver/Src/stm32f4xx_hal_rtc.o
                0x0000000008004f3c                HAL_RTC_GetTime
 .text.HAL_RTC_SetDate
                0x0000000008004ff8      0x14e Drivers/STM32F4xx_HAL_Driver/Src/stm32f4xx_hal_rtc.o
                0x0000000008004ff8                HAL_RTC_SetDate
 .text.HAL_RTC_GetDate
                0x0000000008005146       0x9e Drivers/STM32F4xx_HAL_Driver/Src/stm32f4xx_hal_rtc.o
                0x0000000008005146                HAL_RTC_GetDate
 .text.HAL_RTC_SetAlarm_IT
                0x00000000080051e4      0x270 Drivers/STM32F4xx_HAL_Driver/Src/stm32f4xx_hal_rtc.o
                0x00000000080051e4                HAL_RTC_SetAlarm_IT
 .text.HAL_RTC_AlarmIRQHandler
                0x0000000008005454       0x8c Drivers/STM32F4xx_HAL_Driver/Src/stm32f4xx_hal_rtc.o
                0x0000000008005454                HAL_RTC_AlarmIRQHandler
 .text.HAL_RTC_WaitForSynchro
                0x00000000080054e0       0x50 Drivers/STM32F4xx_HAL_Driver/Src/stm32f4xx_hal_rtc.o
                0x00000000080054e0                HAL_RTC_WaitForSynchro
 .text.RTC_EnterInitMode
                0x0000000008005530       0x58 Drivers/STM32F4xx_HAL_Driver/Src/stm32f4xx_hal_rtc.o
                0x0000000008005530                RTC_EnterInitMode
 .text.RTC_ByteToBcd2
                0x0000000008005588       0x3c Drivers/STM32F4xx_HAL_Driver/Src/stm32f4xx_hal_rtc.o
                0x0000000008005588                RTC_ByteToBcd2
 .text.RTC_Bcd2ToByte
                0x00000000080055c4       0x3c Drivers/STM32F4xx_HAL_Driver/Src/stm32f4xx_hal_rtc.o
                0x00000000080055c4                RTC_Bcd2ToByte
 .text.HAL_RTCEx_AlarmBEventCallback
                0x0000000008005600       0x14 Drivers/STM32F4xx_HAL_Driver/Src/stm32f4xx_hal_rtc_ex.o
                0x0000000008005600                HAL_RTCEx_AlarmBEventCallback
 .text.HAL_SD_Init
                0x0000000008005614       0x60 Drivers/STM32F4xx_HAL_Driver/Src/stm32f4xx_hal_sd.o
                0x0000000008005614                HAL_SD_Init
 .text.HAL_SD_InitCard
                0x0000000008005674       0xc0 Drivers/STM32F4xx_HAL_Driver/Src/stm32f4xx_hal_sd.o
                0x0000000008005674                HAL_SD_InitCard
 .text.HAL_SD_ReadBlocks
                0x0000000008005734      0x3f4 Drivers/STM32F4xx_HAL_Driver/Src/stm32f4xx_hal_sd.o
                0x0000000008005734                HAL_SD_ReadBlocks
 .text.HAL_SD_WriteBlocks
                0x0000000008005b28      0x344 Drivers/STM32F4xx_HAL_Driver/Src/stm32f4xx_hal_sd.o
                0x0000000008005b28                HAL_SD_WriteBlocks
 .text.HAL_SD_IRQHandler
                0x0000000008005e6c      0x30c Drivers/STM32F4xx_HAL_Driver/Src/stm32f4xx_hal_sd.o
                0x0000000008005e6c                HAL_SD_IRQHandler
 .text.HAL_SD_ErrorCallback
                0x0000000008006178       0x14 Drivers/STM32F4xx_HAL_Driver/Src/stm32f4xx_hal_sd.o
                0x0000000008006178                HAL_SD_ErrorCallback
 .text.HAL_SD_GetCardCSD
                0x000000000800618c      0x348 Drivers/STM32F4xx_HAL_Driver/Src/stm32f4xx_hal_sd.o
                0x000000000800618c                HAL_SD_GetCardCSD
 .text.HAL_SD_GetCardInfo
                0x00000000080064d4       0x58 Drivers/STM32F4xx_HAL_Driver/Src/stm32f4xx_hal_sd.o
                0x00000000080064d4                HAL_SD_GetCardInfo
 .text.HAL_SD_ConfigWideBusOperation
                0x000000000800652c       0xf8 Drivers/STM32F4xx_HAL_Driver/Src/stm32f4xx_hal_sd.o
                0x000000000800652c                HAL_SD_ConfigWideBusOperation
 .text.HAL_SD_GetCardState
                0x0000000008006624       0x40 Drivers/STM32F4xx_HAL_Driver/Src/stm32f4xx_hal_sd.o
                0x0000000008006624                HAL_SD_GetCardState
 .text.SD_DMATxAbort
                0x0000000008006664       0x6e Drivers/STM32F4xx_HAL_Driver/Src/stm32f4xx_hal_sd.o
 .text.SD_DMARxAbort
                0x00000000080066d2       0x6e Drivers/STM32F4xx_HAL_Driver/Src/stm32f4xx_hal_sd.o
 .text.SD_InitCard
                0x0000000008006740      0x19a Drivers/STM32F4xx_HAL_Driver/Src/stm32f4xx_hal_sd.o
 *fill*         0x00000000080068da        0x2 
 .text.SD_PowerON
                0x00000000080068dc      0x11c Drivers/STM32F4xx_HAL_Driver/Src/stm32f4xx_hal_sd.o
 .text.SD_SendStatus
                0x00000000080069f8       0x50 Drivers/STM32F4xx_HAL_Driver/Src/stm32f4xx_hal_sd.o
 .text.SD_WideBus_Enable
                0x0000000008006a48       0x96 Drivers/STM32F4xx_HAL_Driver/Src/stm32f4xx_hal_sd.o
 .text.SD_WideBus_Disable
                0x0000000008006ade       0x96 Drivers/STM32F4xx_HAL_Driver/Src/stm32f4xx_hal_sd.o
 .text.SD_FindSCR
                0x0000000008006b74      0x194 Drivers/STM32F4xx_HAL_Driver/Src/stm32f4xx_hal_sd.o
 .text.SD_Read_IT
                0x0000000008006d08       0xa2 Drivers/STM32F4xx_HAL_Driver/Src/stm32f4xx_hal_sd.o
 .text.SD_Write_IT
                0x0000000008006daa       0xaa Drivers/STM32F4xx_HAL_Driver/Src/stm32f4xx_hal_sd.o
 .text.HAL_SPI_Init
                0x0000000008006e54       0xc8 Drivers/STM32F4xx_HAL_Driver/Src/stm32f4xx_hal_spi.o
                0x0000000008006e54                HAL_SPI_Init
 .text.HAL_SPI_Transmit
                0x0000000008006f1c      0x268 Drivers/STM32F4xx_HAL_Driver/Src/stm32f4xx_hal_spi.o
                0x0000000008006f1c                HAL_SPI_Transmit
 .text.HAL_SPI_Receive
                0x0000000008007184      0x212 Drivers/STM32F4xx_HAL_Driver/Src/stm32f4xx_hal_spi.o
                0x0000000008007184                HAL_SPI_Receive
 .text.HAL_SPI_TransmitReceive
                0x0000000008007396      0x344 Drivers/STM32F4xx_HAL_Driver/Src/stm32f4xx_hal_spi.o
                0x0000000008007396                HAL_SPI_TransmitReceive
 .text.SPI_WaitFlagStateUntilTimeout
                0x00000000080076da       0xd4 Drivers/STM32F4xx_HAL_Driver/Src/stm32f4xx_hal_spi.o
 .text.SPI_EndRxTransaction
                0x00000000080077ae       0xca Drivers/STM32F4xx_HAL_Driver/Src/stm32f4xx_hal_spi.o
 .text.SPI_EndRxTxTransaction
                0x0000000008007878       0x84 Drivers/STM32F4xx_HAL_Driver/Src/stm32f4xx_hal_spi.o
 .text.HAL_TIM_Base_Init
                0x00000000080078fc       0x56 Drivers/STM32F4xx_HAL_Driver/Src/stm32f4xx_hal_tim.o
                0x00000000080078fc                HAL_TIM_Base_Init
 .text.HAL_TIM_Base_Start_IT
                0x0000000008007952       0x48 Drivers/STM32F4xx_HAL_Driver/Src/stm32f4xx_hal_tim.o
                0x0000000008007952                HAL_TIM_Base_Start_IT
 .text.HAL_TIM_Encoder_Init
                0x000000000800799a      0x124 Drivers/STM32F4xx_HAL_Driver/Src/stm32f4xx_hal_tim.o
                0x000000000800799a                HAL_TIM_Encoder_Init
 .text.HAL_TIM_Encoder_Start
                0x0000000008007abe       0x6e Drivers/STM32F4xx_HAL_Driver/Src/stm32f4xx_hal_tim.o
                0x0000000008007abe                HAL_TIM_Encoder_Start
 .text.HAL_TIM_IRQHandler
                0x0000000008007b2c      0x210 Drivers/STM32F4xx_HAL_Driver/Src/stm32f4xx_hal_tim.o
                0x0000000008007b2c                HAL_TIM_IRQHandler
 .text.HAL_TIM_OC_DelayElapsedCallback
                0x0000000008007d3c       0x14 Drivers/STM32F4xx_HAL_Driver/Src/stm32f4xx_hal_tim.o
                0x0000000008007d3c                HAL_TIM_OC_DelayElapsedCallback
 .text.HAL_TIM_IC_CaptureCallback
                0x0000000008007d50       0x14 Drivers/STM32F4xx_HAL_Driver/Src/stm32f4xx_hal_tim.o
                0x0000000008007d50                HAL_TIM_IC_CaptureCallback
 .text.HAL_TIM_PWM_PulseFinishedCallback
                0x0000000008007d64       0x14 Drivers/STM32F4xx_HAL_Driver/Src/stm32f4xx_hal_tim.o
                0x0000000008007d64                HAL_TIM_PWM_PulseFinishedCallback
 .text.HAL_TIM_TriggerCallback
                0x0000000008007d78       0x14 Drivers/STM32F4xx_HAL_Driver/Src/stm32f4xx_hal_tim.o
                0x0000000008007d78                HAL_TIM_TriggerCallback
 .text.TIM_Base_SetConfig
                0x0000000008007d8c      0x140 Drivers/STM32F4xx_HAL_Driver/Src/stm32f4xx_hal_tim.o
                0x0000000008007d8c                TIM_Base_SetConfig
 .text.TIM_CCxChannelCmd
                0x0000000008007ecc       0x4a Drivers/STM32F4xx_HAL_Driver/Src/stm32f4xx_hal_tim.o
                0x0000000008007ecc                TIM_CCxChannelCmd
 *fill*         0x0000000008007f16        0x2 
 .text.HAL_TIMEx_MasterConfigSynchronization
                0x0000000008007f18       0xf8 Drivers/STM32F4xx_HAL_Driver/Src/stm32f4xx_hal_tim_ex.o
                0x0000000008007f18                HAL_TIMEx_MasterConfigSynchronization
 .text.HAL_TIMEx_CommutCallback
                0x0000000008008010       0x14 Drivers/STM32F4xx_HAL_Driver/Src/stm32f4xx_hal_tim_ex.o
                0x0000000008008010                HAL_TIMEx_CommutCallback
 .text.HAL_TIMEx_BreakCallback
                0x0000000008008024       0x14 Drivers/STM32F4xx_HAL_Driver/Src/stm32f4xx_hal_tim_ex.o
                0x0000000008008024                HAL_TIMEx_BreakCallback
 .text.SDIO_Init
                0x0000000008008038       0x56 Drivers/STM32F4xx_HAL_Driver/Src/stm32f4xx_ll_sdmmc.o
                0x0000000008008038                SDIO_Init
 .text.SDIO_ReadFIFO
                0x000000000800808e       0x1a Drivers/STM32F4xx_HAL_Driver/Src/stm32f4xx_ll_sdmmc.o
                0x000000000800808e                SDIO_ReadFIFO
 .text.SDIO_WriteFIFO
                0x00000000080080a8       0x22 Drivers/STM32F4xx_HAL_Driver/Src/stm32f4xx_ll_sdmmc.o
                0x00000000080080a8                SDIO_WriteFIFO
 .text.SDIO_PowerState_ON
                0x00000000080080ca       0x1e Drivers/STM32F4xx_HAL_Driver/Src/stm32f4xx_ll_sdmmc.o
                0x00000000080080ca                SDIO_PowerState_ON
 .text.SDIO_GetPowerState
                0x00000000080080e8       0x1c Drivers/STM32F4xx_HAL_Driver/Src/stm32f4xx_ll_sdmmc.o
                0x00000000080080e8                SDIO_GetPowerState
 .text.SDIO_SendCommand
                0x0000000008008104       0x54 Drivers/STM32F4xx_HAL_Driver/Src/stm32f4xx_ll_sdmmc.o
                0x0000000008008104                SDIO_SendCommand
 .text.SDIO_GetCommandResponse
                0x0000000008008158       0x1a Drivers/STM32F4xx_HAL_Driver/Src/stm32f4xx_ll_sdmmc.o
                0x0000000008008158                SDIO_GetCommandResponse
 .text.SDIO_GetResponse
                0x0000000008008172       0x26 Drivers/STM32F4xx_HAL_Driver/Src/stm32f4xx_ll_sdmmc.o
                0x0000000008008172                SDIO_GetResponse
 .text.SDIO_ConfigData
                0x0000000008008198       0x58 Drivers/STM32F4xx_HAL_Driver/Src/stm32f4xx_ll_sdmmc.o
                0x0000000008008198                SDIO_ConfigData
 .text.SDMMC_CmdBlockLength
                0x00000000080081f0       0x44 Drivers/STM32F4xx_HAL_Driver/Src/stm32f4xx_ll_sdmmc.o
                0x00000000080081f0                SDMMC_CmdBlockLength
 .text.SDMMC_CmdReadSingleBlock
                0x0000000008008234       0x44 Drivers/STM32F4xx_HAL_Driver/Src/stm32f4xx_ll_sdmmc.o
                0x0000000008008234                SDMMC_CmdReadSingleBlock
 .text.SDMMC_CmdReadMultiBlock
                0x0000000008008278       0x44 Drivers/STM32F4xx_HAL_Driver/Src/stm32f4xx_ll_sdmmc.o
                0x0000000008008278                SDMMC_CmdReadMultiBlock
 .text.SDMMC_CmdWriteSingleBlock
                0x00000000080082bc       0x44 Drivers/STM32F4xx_HAL_Driver/Src/stm32f4xx_ll_sdmmc.o
                0x00000000080082bc                SDMMC_CmdWriteSingleBlock
 .text.SDMMC_CmdWriteMultiBlock
                0x0000000008008300       0x44 Drivers/STM32F4xx_HAL_Driver/Src/stm32f4xx_ll_sdmmc.o
                0x0000000008008300                SDMMC_CmdWriteMultiBlock
 .text.SDMMC_CmdStopTransfer
                0x0000000008008344       0x44 Drivers/STM32F4xx_HAL_Driver/Src/stm32f4xx_ll_sdmmc.o
                0x0000000008008344                SDMMC_CmdStopTransfer
 .text.SDMMC_CmdSelDesel
                0x0000000008008388       0x46 Drivers/STM32F4xx_HAL_Driver/Src/stm32f4xx_ll_sdmmc.o
                0x0000000008008388                SDMMC_CmdSelDesel
 .text.SDMMC_CmdGoIdleState
                0x00000000080083ce       0x3c Drivers/STM32F4xx_HAL_Driver/Src/stm32f4xx_ll_sdmmc.o
                0x00000000080083ce                SDMMC_CmdGoIdleState
 .text.SDMMC_CmdOperCond
                0x000000000800840a       0x3e Drivers/STM32F4xx_HAL_Driver/Src/stm32f4xx_ll_sdmmc.o
                0x000000000800840a                SDMMC_CmdOperCond
 .text.SDMMC_CmdAppCommand
                0x0000000008008448       0x44 Drivers/STM32F4xx_HAL_Driver/Src/stm32f4xx_ll_sdmmc.o
                0x0000000008008448                SDMMC_CmdAppCommand
 .text.SDMMC_CmdAppOperCommand
                0x000000000800848c       0x46 Drivers/STM32F4xx_HAL_Driver/Src/stm32f4xx_ll_sdmmc.o
                0x000000000800848c                SDMMC_CmdAppOperCommand
 .text.SDMMC_CmdBusWidth
                0x00000000080084d2       0x44 Drivers/STM32F4xx_HAL_Driver/Src/stm32f4xx_ll_sdmmc.o
                0x00000000080084d2                SDMMC_CmdBusWidth
 .text.SDMMC_CmdSendSCR
                0x0000000008008516       0x42 Drivers/STM32F4xx_HAL_Driver/Src/stm32f4xx_ll_sdmmc.o
                0x0000000008008516                SDMMC_CmdSendSCR
 .text.SDMMC_CmdSendCID
                0x0000000008008558       0x3c Drivers/STM32F4xx_HAL_Driver/Src/stm32f4xx_ll_sdmmc.o
                0x0000000008008558                SDMMC_CmdSendCID
 .text.SDMMC_CmdSendCSD
                0x0000000008008594       0x3e Drivers/STM32F4xx_HAL_Driver/Src/stm32f4xx_ll_sdmmc.o
                0x0000000008008594                SDMMC_CmdSendCSD
 .text.SDMMC_CmdSetRelAdd
                0x00000000080085d2       0x42 Drivers/STM32F4xx_HAL_Driver/Src/stm32f4xx_ll_sdmmc.o
                0x00000000080085d2                SDMMC_CmdSetRelAdd
 .text.SDMMC_CmdSendStatus
                0x0000000008008614       0x44 Drivers/STM32F4xx_HAL_Driver/Src/stm32f4xx_ll_sdmmc.o
                0x0000000008008614                SDMMC_CmdSendStatus
 .text.SDMMC_GetCmdError
                0x0000000008008658       0x50 Drivers/STM32F4xx_HAL_Driver/Src/stm32f4xx_ll_sdmmc.o
 .text.SDMMC_GetCmdResp1
                0x00000000080086a8      0x1d8 Drivers/STM32F4xx_HAL_Driver/Src/stm32f4xx_ll_sdmmc.o
 .text.SDMMC_GetCmdResp2
                0x0000000008008880       0x8c Drivers/STM32F4xx_HAL_Driver/Src/stm32f4xx_ll_sdmmc.o
 .text.SDMMC_GetCmdResp3
                0x000000000800890c       0x74 Drivers/STM32F4xx_HAL_Driver/Src/stm32f4xx_ll_sdmmc.o
 .text.SDMMC_GetCmdResp6
                0x0000000008008980       0xe8 Drivers/STM32F4xx_HAL_Driver/Src/stm32f4xx_ll_sdmmc.o
 .text.SDMMC_GetCmdResp7
                0x0000000008008a68       0x98 Drivers/STM32F4xx_HAL_Driver/Src/stm32f4xx_ll_sdmmc.o
 .text.MX_FATFS_Init
                0x0000000008008b00       0x24 FATFS/App/fatfs.o
                0x0000000008008b00                MX_FATFS_Init
 .text.get_fattime
                0x0000000008008b24       0x10 FATFS/App/fatfs.o
                0x0000000008008b24                get_fattime
 .text.BSP_SD_Init
                0x0000000008008b34       0x4c FATFS/Target/bsp_driver_sd.o
                0x0000000008008b34                BSP_SD_Init
 .text.BSP_SD_ReadBlocks
                0x0000000008008b80       0x3c FATFS/Target/bsp_driver_sd.o
                0x0000000008008b80                BSP_SD_ReadBlocks
 .text.BSP_SD_WriteBlocks
                0x0000000008008bbc       0x3c FATFS/Target/bsp_driver_sd.o
                0x0000000008008bbc                BSP_SD_WriteBlocks
 .text.BSP_SD_GetCardState
                0x0000000008008bf8       0x20 FATFS/Target/bsp_driver_sd.o
                0x0000000008008bf8                BSP_SD_GetCardState
 .text.BSP_SD_GetCardInfo
                0x0000000008008c18       0x1c FATFS/Target/bsp_driver_sd.o
                0x0000000008008c18                BSP_SD_GetCardInfo
 .text.HAL_SD_AbortCallback
                0x0000000008008c34       0x14 FATFS/Target/bsp_driver_sd.o
                0x0000000008008c34                HAL_SD_AbortCallback
 .text.HAL_SD_TxCpltCallback
                0x0000000008008c48       0x14 FATFS/Target/bsp_driver_sd.o
                0x0000000008008c48                HAL_SD_TxCpltCallback
 .text.HAL_SD_RxCpltCallback
                0x0000000008008c5c       0x14 FATFS/Target/bsp_driver_sd.o
                0x0000000008008c5c                HAL_SD_RxCpltCallback
 .text.BSP_SD_AbortCallback
                0x0000000008008c70        0xe FATFS/Target/bsp_driver_sd.o
                0x0000000008008c70                BSP_SD_AbortCallback
 .text.BSP_SD_WriteCpltCallback
                0x0000000008008c7e        0xe FATFS/Target/bsp_driver_sd.o
                0x0000000008008c7e                BSP_SD_WriteCpltCallback
 .text.BSP_SD_ReadCpltCallback
                0x0000000008008c8c        0xe FATFS/Target/bsp_driver_sd.o
                0x0000000008008c8c                BSP_SD_ReadCpltCallback
 .text.BSP_SD_IsDetected
                0x0000000008008c9a       0x24 FATFS/Target/bsp_driver_sd.o
                0x0000000008008c9a                BSP_SD_IsDetected
 *fill*         0x0000000008008cbe        0x2 
 .text.BSP_PlatformIsDetected
                0x0000000008008cc0       0x54 FATFS/Target/fatfs_platform.o
                0x0000000008008cc0                BSP_PlatformIsDetected
 .text.SD_CheckStatus
                0x0000000008008d14       0x3c FATFS/Target/sd_diskio.o
 .text.SD_initialize
                0x0000000008008d50       0x3c FATFS/Target/sd_diskio.o
                0x0000000008008d50                SD_initialize
 .text.SD_status
                0x0000000008008d8c       0x1c FATFS/Target/sd_diskio.o
                0x0000000008008d8c                SD_status
 .text.SD_read  0x0000000008008da8       0x42 FATFS/Target/sd_diskio.o
                0x0000000008008da8                SD_read
 .text.SD_write
                0x0000000008008dea       0x42 FATFS/Target/sd_diskio.o
                0x0000000008008dea                SD_write
 .text.SD_ioctl
                0x0000000008008e2c       0xb0 FATFS/Target/sd_diskio.o
                0x0000000008008e2c                SD_ioctl
 .text.disk_status
                0x0000000008008edc       0x34 Middlewares/Third_Party/FatFs/src/diskio.o
                0x0000000008008edc                disk_status
 .text.disk_initialize
                0x0000000008008f10       0x4c Middlewares/Third_Party/FatFs/src/diskio.o
                0x0000000008008f10                disk_initialize
 .text.disk_read
                0x0000000008008f5c       0x40 Middlewares/Third_Party/FatFs/src/diskio.o
                0x0000000008008f5c                disk_read
 .text.disk_write
                0x0000000008008f9c       0x40 Middlewares/Third_Party/FatFs/src/diskio.o
                0x0000000008008f9c                disk_write
 .text.disk_ioctl
                0x0000000008008fdc       0x3c Middlewares/Third_Party/FatFs/src/diskio.o
                0x0000000008008fdc                disk_ioctl
 .text.ld_word  0x0000000008009018       0x30 Middlewares/Third_Party/FatFs/src/ff.o
 .text.ld_dword
                0x0000000008009048       0x46 Middlewares/Third_Party/FatFs/src/ff.o
 .text.st_word  0x000000000800908e       0x36 Middlewares/Third_Party/FatFs/src/ff.o
 .text.st_dword
                0x00000000080090c4       0x58 Middlewares/Third_Party/FatFs/src/ff.o
 .text.mem_cpy  0x000000000800911c       0x42 Middlewares/Third_Party/FatFs/src/ff.o
 .text.mem_set  0x000000000800915e       0x34 Middlewares/Third_Party/FatFs/src/ff.o
 .text.mem_cmp  0x0000000008009192       0x4e Middlewares/Third_Party/FatFs/src/ff.o
 .text.chk_chr  0x00000000080091e0       0x36 Middlewares/Third_Party/FatFs/src/ff.o
 *fill*         0x0000000008009216        0x2 
 .text.chk_lock
                0x0000000008009218       0xb8 Middlewares/Third_Party/FatFs/src/ff.o
 .text.enq_lock
                0x00000000080092d0       0x44 Middlewares/Third_Party/FatFs/src/ff.o
 .text.inc_lock
                0x0000000008009314      0x11c Middlewares/Third_Party/FatFs/src/ff.o
 .text.dec_lock
                0x0000000008009430       0x78 Middlewares/Third_Party/FatFs/src/ff.o
 .text.clear_lock
                0x00000000080094a8       0x48 Middlewares/Third_Party/FatFs/src/ff.o
 .text.sync_window
                0x00000000080094f0       0x88 Middlewares/Third_Party/FatFs/src/ff.o
 .text.move_window
                0x0000000008009578       0x5a Middlewares/Third_Party/FatFs/src/ff.o
 *fill*         0x00000000080095d2        0x2 
 .text.sync_fs  0x00000000080095d4       0xe0 Middlewares/Third_Party/FatFs/src/ff.o
 .text.clust2sect
                0x00000000080096b4       0x3e Middlewares/Third_Party/FatFs/src/ff.o
 .text.get_fat  0x00000000080096f2      0x1a0 Middlewares/Third_Party/FatFs/src/ff.o
 .text.put_fat  0x0000000008009892      0x22e Middlewares/Third_Party/FatFs/src/ff.o
 .text.remove_chain
                0x0000000008009ac0       0xca Middlewares/Third_Party/FatFs/src/ff.o
 .text.create_chain
                0x0000000008009b8a      0x130 Middlewares/Third_Party/FatFs/src/ff.o
 .text.clmt_clust
                0x0000000008009cba       0x70 Middlewares/Third_Party/FatFs/src/ff.o
 .text.dir_sdi  0x0000000008009d2a      0x112 Middlewares/Third_Party/FatFs/src/ff.o
 .text.dir_next
                0x0000000008009e3c      0x1ac Middlewares/Third_Party/FatFs/src/ff.o
 .text.dir_alloc
                0x0000000008009fe8       0x8e Middlewares/Third_Party/FatFs/src/ff.o
 .text.ld_clust
                0x000000000800a076       0x3e Middlewares/Third_Party/FatFs/src/ff.o
 .text.st_clust
                0x000000000800a0b4       0x40 Middlewares/Third_Party/FatFs/src/ff.o
 .text.cmp_lfn  0x000000000800a0f4       0xe0 Middlewares/Third_Party/FatFs/src/ff.o
 .text.put_lfn  0x000000000800a1d4       0xd0 Middlewares/Third_Party/FatFs/src/ff.o
 .text.gen_numname
                0x000000000800a2a4      0x11e Middlewares/Third_Party/FatFs/src/ff.o
 .text.sum_sfn  0x000000000800a3c2       0x42 Middlewares/Third_Party/FatFs/src/ff.o
 .text.dir_find
                0x000000000800a404      0x180 Middlewares/Third_Party/FatFs/src/ff.o
 .text.dir_register
                0x000000000800a584      0x1f0 Middlewares/Third_Party/FatFs/src/ff.o
 .text.create_name
                0x000000000800a774      0x370 Middlewares/Third_Party/FatFs/src/ff.o
 .text.follow_path
                0x000000000800aae4       0xec Middlewares/Third_Party/FatFs/src/ff.o
 .text.get_ldnumber
                0x000000000800abd0       0x88 Middlewares/Third_Party/FatFs/src/ff.o
 .text.check_fs
                0x000000000800ac58       0xac Middlewares/Third_Party/FatFs/src/ff.o
 .text.find_volume
                0x000000000800ad04      0x510 Middlewares/Third_Party/FatFs/src/ff.o
 .text.validate
                0x000000000800b214       0x6a Middlewares/Third_Party/FatFs/src/ff.o
 *fill*         0x000000000800b27e        0x2 
 .text.f_mount  0x000000000800b280       0x8c Middlewares/Third_Party/FatFs/src/ff.o
                0x000000000800b280                f_mount
 .text.f_open   0x000000000800b30c      0x398 Middlewares/Third_Party/FatFs/src/ff.o
                0x000000000800b30c                f_open
 .text.f_write  0x000000000800b6a4      0x328 Middlewares/Third_Party/FatFs/src/ff.o
                0x000000000800b6a4                f_write
 .text.f_sync   0x000000000800b9cc       0xfc Middlewares/Third_Party/FatFs/src/ff.o
                0x000000000800b9cc                f_sync
 .text.f_close  0x000000000800bac8       0x54 Middlewares/Third_Party/FatFs/src/ff.o
                0x000000000800bac8                f_close
 .text.putc_bfd
                0x000000000800bb1c       0x7a Middlewares/Third_Party/FatFs/src/ff.o
 .text.putc_flush
                0x000000000800bb96       0x4c Middlewares/Third_Party/FatFs/src/ff.o
 .text.putc_init
                0x000000000800bbe2       0x2a Middlewares/Third_Party/FatFs/src/ff.o
 .text.f_printf
                0x000000000800bc0c      0x440 Middlewares/Third_Party/FatFs/src/ff.o
                0x000000000800bc0c                f_printf
 .text.FATFS_LinkDriverEx
                0x000000000800c04c       0x98 Middlewares/Third_Party/FatFs/src/ff_gen_drv.o
                0x000000000800c04c                FATFS_LinkDriverEx
 .text.FATFS_LinkDriver
                0x000000000800c0e4       0x1e Middlewares/Third_Party/FatFs/src/ff_gen_drv.o
                0x000000000800c0e4                FATFS_LinkDriver
 *fill*         0x000000000800c102        0x2 
 .text.ff_convert
                0x000000000800c104       0x78 Middlewares/Third_Party/FatFs/src/option/ccsbcs.o
                0x000000000800c104                ff_convert
 .text.ff_wtoupper
                0x000000000800c17c      0x114 Middlewares/Third_Party/FatFs/src/option/ccsbcs.o
                0x000000000800c17c                ff_wtoupper
 .text.asctime  0x000000000800c290       0x2c c:/st/stm32cubeide_1.2.0/stm32cubeide/plugins/com.st.stm32cube.ide.mcu.externaltools.gnu-tools-for-stm32.7-2018-q2-update.win32_1.0.0.201904181610/tools/bin/../lib/gcc/arm-none-eabi/7.3.1/../../../../arm-none-eabi/lib/thumb/v7e-m/fpv4-sp/hard\libc_nano.a(lib_a-asctime.o)
                0x000000000800c290                asctime
 .text.asctime_r
                0x000000000800c2bc       0x4c c:/st/stm32cubeide_1.2.0/stm32cubeide/plugins/com.st.stm32cube.ide.mcu.externaltools.gnu-tools-for-stm32.7-2018-q2-update.win32_1.0.0.201904181610/tools/bin/../lib/gcc/arm-none-eabi/7.3.1/../../../../arm-none-eabi/lib/thumb/v7e-m/fpv4-sp/hard\libc_nano.a(lib_a-asctime_r.o)
                0x000000000800c2bc                asctime_r
 .text.__errno  0x000000000800c308        0xc c:/st/stm32cubeide_1.2.0/stm32cubeide/plugins/com.st.stm32cube.ide.mcu.externaltools.gnu-tools-for-stm32.7-2018-q2-update.win32_1.0.0.201904181610/tools/bin/../lib/gcc/arm-none-eabi/7.3.1/../../../../arm-none-eabi/lib/thumb/v7e-m/fpv4-sp/hard\libc_nano.a(lib_a-errno.o)
                0x000000000800c308                __errno
 .text.gmtime   0x000000000800c314       0x24 c:/st/stm32cubeide_1.2.0/stm32cubeide/plugins/com.st.stm32cube.ide.mcu.externaltools.gnu-tools-for-stm32.7-2018-q2-update.win32_1.0.0.201904181610/tools/bin/../lib/gcc/arm-none-eabi/7.3.1/../../../../arm-none-eabi/lib/thumb/v7e-m/fpv4-sp/hard\libc_nano.a(lib_a-gmtime.o)
                0x000000000800c314                gmtime
 .text.gmtime_r
                0x000000000800c338      0x15c c:/st/stm32cubeide_1.2.0/stm32cubeide/plugins/com.st.stm32cube.ide.mcu.externaltools.gnu-tools-for-stm32.7-2018-q2-update.win32_1.0.0.201904181610/tools/bin/../lib/gcc/arm-none-eabi/7.3.1/../../../../arm-none-eabi/lib/thumb/v7e-m/fpv4-sp/hard\libc_nano.a(lib_a-gmtime_r.o)
                0x000000000800c338                gmtime_r
 .text.__libc_init_array
                0x000000000800c494       0x48 c:/st/stm32cubeide_1.2.0/stm32cubeide/plugins/com.st.stm32cube.ide.mcu.externaltools.gnu-tools-for-stm32.7-2018-q2-update.win32_1.0.0.201904181610/tools/bin/../lib/gcc/arm-none-eabi/7.3.1/../../../../arm-none-eabi/lib/thumb/v7e-m/fpv4-sp/hard\libc_nano.a(lib_a-init.o)
                0x000000000800c494                __libc_init_array
 .text.malloc   0x000000000800c4dc       0x10 c:/st/stm32cubeide_1.2.0/stm32cubeide/plugins/com.st.stm32cube.ide.mcu.externaltools.gnu-tools-for-stm32.7-2018-q2-update.win32_1.0.0.201904181610/tools/bin/../lib/gcc/arm-none-eabi/7.3.1/../../../../arm-none-eabi/lib/thumb/v7e-m/fpv4-sp/hard\libc_nano.a(lib_a-malloc.o)
                0x000000000800c4dc                malloc
 .text.free     0x000000000800c4ec       0x10 c:/st/stm32cubeide_1.2.0/stm32cubeide/plugins/com.st.stm32cube.ide.mcu.externaltools.gnu-tools-for-stm32.7-2018-q2-update.win32_1.0.0.201904181610/tools/bin/../lib/gcc/arm-none-eabi/7.3.1/../../../../arm-none-eabi/lib/thumb/v7e-m/fpv4-sp/hard\libc_nano.a(lib_a-malloc.o)
                0x000000000800c4ec                free
 .text.memset   0x000000000800c4fc       0x10 c:/st/stm32cubeide_1.2.0/stm32cubeide/plugins/com.st.stm32cube.ide.mcu.externaltools.gnu-tools-for-stm32.7-2018-q2-update.win32_1.0.0.201904181610/tools/bin/../lib/gcc/arm-none-eabi/7.3.1/../../../../arm-none-eabi/lib/thumb/v7e-m/fpv4-sp/hard\libc_nano.a(lib_a-memset.o)
                0x000000000800c4fc                memset
 .text.validate_structure
                0x000000000800c50c      0x1b4 c:/st/stm32cubeide_1.2.0/stm32cubeide/plugins/com.st.stm32cube.ide.mcu.externaltools.gnu-tools-for-stm32.7-2018-q2-update.win32_1.0.0.201904181610/tools/bin/../lib/gcc/arm-none-eabi/7.3.1/../../../../arm-none-eabi/lib/thumb/v7e-m/fpv4-sp/hard\libc_nano.a(lib_a-mktime.o)
 .text.mktime   0x000000000800c6c0      0x374 c:/st/stm32cubeide_1.2.0/stm32cubeide/plugins/com.st.stm32cube.ide.mcu.externaltools.gnu-tools-for-stm32.7-2018-q2-update.win32_1.0.0.201904181610/tools/bin/../lib/gcc/arm-none-eabi/7.3.1/../../../../arm-none-eabi/lib/thumb/v7e-m/fpv4-sp/hard\libc_nano.a(lib_a-mktime.o)
                0x000000000800c6c0                mktime
 .text._free_r  0x000000000800ca34       0x9c c:/st/stm32cubeide_1.2.0/stm32cubeide/plugins/com.st.stm32cube.ide.mcu.externaltools.gnu-tools-for-stm32.7-2018-q2-update.win32_1.0.0.201904181610/tools/bin/../lib/gcc/arm-none-eabi/7.3.1/../../../../arm-none-eabi/lib/thumb/v7e-m/fpv4-sp/hard\libc_nano.a(lib_a-nano-freer.o)
                0x000000000800ca34                _free_r
 .text._malloc_r
                0x000000000800cad0       0xb4 c:/st/stm32cubeide_1.2.0/stm32cubeide/plugins/com.st.stm32cube.ide.mcu.externaltools.gnu-tools-for-stm32.7-2018-q2-update.win32_1.0.0.201904181610/tools/bin/../lib/gcc/arm-none-eabi/7.3.1/../../../../arm-none-eabi/lib/thumb/v7e-m/fpv4-sp/hard\libc_nano.a(lib_a-nano-mallocr.o)
                0x000000000800cad0                _malloc_r
 .text.__cvt    0x000000000800cb84       0xc2 c:/st/stm32cubeide_1.2.0/stm32cubeide/plugins/com.st.stm32cube.ide.mcu.externaltools.gnu-tools-for-stm32.7-2018-q2-update.win32_1.0.0.201904181610/tools/bin/../lib/gcc/arm-none-eabi/7.3.1/../../../../arm-none-eabi/lib/thumb/v7e-m/fpv4-sp/hard\libc_nano.a(lib_a-nano-vfprintf_float.o)
                0x000000000800cb84                __cvt
 .text.__exponent
                0x000000000800cc46       0x66 c:/st/stm32cubeide_1.2.0/stm32cubeide/plugins/com.st.stm32cube.ide.mcu.externaltools.gnu-tools-for-stm32.7-2018-q2-update.win32_1.0.0.201904181610/tools/bin/../lib/gcc/arm-none-eabi/7.3.1/../../../../arm-none-eabi/lib/thumb/v7e-m/fpv4-sp/hard\libc_nano.a(lib_a-nano-vfprintf_float.o)
                0x000000000800cc46                __exponent
 .text._printf_float
                0x000000000800ccac      0x480 c:/st/stm32cubeide_1.2.0/stm32cubeide/plugins/com.st.stm32cube.ide.mcu.externaltools.gnu-tools-for-stm32.7-2018-q2-update.win32_1.0.0.201904181610/tools/bin/../lib/gcc/arm-none-eabi/7.3.1/../../../../arm-none-eabi/lib/thumb/v7e-m/fpv4-sp/hard\libc_nano.a(lib_a-nano-vfprintf_float.o)
                0x000000000800ccac                _printf_float
 .text._printf_common
                0x000000000800d12c       0xea c:/st/stm32cubeide_1.2.0/stm32cubeide/plugins/com.st.stm32cube.ide.mcu.externaltools.gnu-tools-for-stm32.7-2018-q2-update.win32_1.0.0.201904181610/tools/bin/../lib/gcc/arm-none-eabi/7.3.1/../../../../arm-none-eabi/lib/thumb/v7e-m/fpv4-sp/hard\libc_nano.a(lib_a-nano-vfprintf_i.o)
                0x000000000800d12c                _printf_common
 *fill*         0x000000000800d216        0x2 
 .text._printf_i
                0x000000000800d218      0x224 c:/st/stm32cubeide_1.2.0/stm32cubeide/plugins/com.st.stm32cube.ide.mcu.externaltools.gnu-tools-for-stm32.7-2018-q2-update.win32_1.0.0.201904181610/tools/bin/../lib/gcc/arm-none-eabi/7.3.1/../../../../arm-none-eabi/lib/thumb/v7e-m/fpv4-sp/hard\libc_nano.a(lib_a-nano-vfprintf_i.o)
                0x000000000800d218                _printf_i
 .text.printf   0x000000000800d43c       0x30 c:/st/stm32cubeide_1.2.0/stm32cubeide/plugins/com.st.stm32cube.ide.mcu.externaltools.gnu-tools-for-stm32.7-2018-q2-update.win32_1.0.0.201904181610/tools/bin/../lib/gcc/arm-none-eabi/7.3.1/../../../../arm-none-eabi/lib/thumb/v7e-m/fpv4-sp/hard\libc_nano.a(lib_a-printf.o)
                0x000000000800d43c                iprintf
                0x000000000800d43c                printf
 .text._puts_r  0x000000000800d46c       0xb8 c:/st/stm32cubeide_1.2.0/stm32cubeide/plugins/com.st.stm32cube.ide.mcu.externaltools.gnu-tools-for-stm32.7-2018-q2-update.win32_1.0.0.201904181610/tools/bin/../lib/gcc/arm-none-eabi/7.3.1/../../../../arm-none-eabi/lib/thumb/v7e-m/fpv4-sp/hard\libc_nano.a(lib_a-puts.o)
                0x000000000800d46c                _puts_r
 .text.puts     0x000000000800d524       0x10 c:/st/stm32cubeide_1.2.0/stm32cubeide/plugins/com.st.stm32cube.ide.mcu.externaltools.gnu-tools-for-stm32.7-2018-q2-update.win32_1.0.0.201904181610/tools/bin/../lib/gcc/arm-none-eabi/7.3.1/../../../../arm-none-eabi/lib/thumb/v7e-m/fpv4-sp/hard\libc_nano.a(lib_a-puts.o)
                0x000000000800d524                puts
 .text._sbrk_r  0x000000000800d534       0x20 c:/st/stm32cubeide_1.2.0/stm32cubeide/plugins/com.st.stm32cube.ide.mcu.externaltools.gnu-tools-for-stm32.7-2018-q2-update.win32_1.0.0.201904181610/tools/bin/../lib/gcc/arm-none-eabi/7.3.1/../../../../arm-none-eabi/lib/thumb/v7e-m/fpv4-sp/hard\libc_nano.a(lib_a-sbrkr.o)
                0x000000000800d534                _sbrk_r
 .text.sprintf  0x000000000800d554       0x40 c:/st/stm32cubeide_1.2.0/stm32cubeide/plugins/com.st.stm32cube.ide.mcu.externaltools.gnu-tools-for-stm32.7-2018-q2-update.win32_1.0.0.201904181610/tools/bin/../lib/gcc/arm-none-eabi/7.3.1/../../../../arm-none-eabi/lib/thumb/v7e-m/fpv4-sp/hard\libc_nano.a(lib_a-sprintf.o)
                0x000000000800d554                siprintf
                0x000000000800d554                sprintf
 .text.strcat   0x000000000800d594       0x1e c:/st/stm32cubeide_1.2.0/stm32cubeide/plugins/com.st.stm32cube.ide.mcu.externaltools.gnu-tools-for-stm32.7-2018-q2-update.win32_1.0.0.201904181610/tools/bin/../lib/gcc/arm-none-eabi/7.3.1/../../../../arm-none-eabi/lib/thumb/v7e-m/fpv4-sp/hard\libc_nano.a(lib_a-strcat.o)
                0x000000000800d594                strcat
 .text.strcpy   0x000000000800d5b2       0x10 c:/st/stm32cubeide_1.2.0/stm32cubeide/plugins/com.st.stm32cube.ide.mcu.externaltools.gnu-tools-for-stm32.7-2018-q2-update.win32_1.0.0.201904181610/tools/bin/../lib/gcc/arm-none-eabi/7.3.1/../../../../arm-none-eabi/lib/thumb/v7e-m/fpv4-sp/hard\libc_nano.a(lib_a-strcpy.o)
                0x000000000800d5b2                strcpy
 *fill*         0x000000000800d5c2        0x2 
 .text.__tzcalc_limits
                0x000000000800d5c4      0x150 c:/st/stm32cubeide_1.2.0/stm32cubeide/plugins/com.st.stm32cube.ide.mcu.externaltools.gnu-tools-for-stm32.7-2018-q2-update.win32_1.0.0.201904181610/tools/bin/../lib/gcc/arm-none-eabi/7.3.1/../../../../arm-none-eabi/lib/thumb/v7e-m/fpv4-sp/hard\libc_nano.a(lib_a-tzcalc_limits.o)
                0x000000000800d5c4                __tzcalc_limits
 .text.__tz_lock
                0x000000000800d714        0x2 c:/st/stm32cubeide_1.2.0/stm32cubeide/plugins/com.st.stm32cube.ide.mcu.externaltools.gnu-tools-for-stm32.7-2018-q2-update.win32_1.0.0.201904181610/tools/bin/../lib/gcc/arm-none-eabi/7.3.1/../../../../arm-none-eabi/lib/thumb/v7e-m/fpv4-sp/hard\libc_nano.a(lib_a-tzlock.o)
                0x000000000800d714                __tz_lock
 .text.__tz_unlock
                0x000000000800d716        0x2 c:/st/stm32cubeide_1.2.0/stm32cubeide/plugins/com.st.stm32cube.ide.mcu.externaltools.gnu-tools-for-stm32.7-2018-q2-update.win32_1.0.0.201904181610/tools/bin/../lib/gcc/arm-none-eabi/7.3.1/../../../../arm-none-eabi/lib/thumb/v7e-m/fpv4-sp/hard\libc_nano.a(lib_a-tzlock.o)
                0x000000000800d716                __tz_unlock
 .text._tzset_unlocked
                0x000000000800d718        0xc c:/st/stm32cubeide_1.2.0/stm32cubeide/plugins/com.st.stm32cube.ide.mcu.externaltools.gnu-tools-for-stm32.7-2018-q2-update.win32_1.0.0.201904181610/tools/bin/../lib/gcc/arm-none-eabi/7.3.1/../../../../arm-none-eabi/lib/thumb/v7e-m/fpv4-sp/hard\libc_nano.a(lib_a-tzset.o)
                0x000000000800d718                _tzset_unlocked
 .text._tzset_unlocked_r
                0x000000000800d724      0x2fc c:/st/stm32cubeide_1.2.0/stm32cubeide/plugins/com.st.stm32cube.ide.mcu.externaltools.gnu-tools-for-stm32.7-2018-q2-update.win32_1.0.0.201904181610/tools/bin/../lib/gcc/arm-none-eabi/7.3.1/../../../../arm-none-eabi/lib/thumb/v7e-m/fpv4-sp/hard\libc_nano.a(lib_a-tzset_r.o)
                0x000000000800d724                _tzset_unlocked_r
 .text.__swbuf_r
                0x000000000800da20       0xa4 c:/st/stm32cubeide_1.2.0/stm32cubeide/plugins/com.st.stm32cube.ide.mcu.externaltools.gnu-tools-for-stm32.7-2018-q2-update.win32_1.0.0.201904181610/tools/bin/../lib/gcc/arm-none-eabi/7.3.1/../../../../arm-none-eabi/lib/thumb/v7e-m/fpv4-sp/hard\libc_nano.a(lib_a-wbuf.o)
                0x000000000800da20                __swbuf_r
 .text.__swsetup_r
                0x000000000800dac4       0xdc c:/st/stm32cubeide_1.2.0/stm32cubeide/plugins/com.st.stm32cube.ide.mcu.externaltools.gnu-tools-for-stm32.7-2018-q2-update.win32_1.0.0.201904181610/tools/bin/../lib/gcc/arm-none-eabi/7.3.1/../../../../arm-none-eabi/lib/thumb/v7e-m/fpv4-sp/hard\libc_nano.a(lib_a-wsetup.o)
                0x000000000800dac4                __swsetup_r
 .text.div      0x000000000800dba0       0x28 c:/st/stm32cubeide_1.2.0/stm32cubeide/plugins/com.st.stm32cube.ide.mcu.externaltools.gnu-tools-for-stm32.7-2018-q2-update.win32_1.0.0.201904181610/tools/bin/../lib/gcc/arm-none-eabi/7.3.1/../../../../arm-none-eabi/lib/thumb/v7e-m/fpv4-sp/hard\libc_nano.a(lib_a-div.o)
                0x000000000800dba0                div
 .text.quorem   0x000000000800dbc8      0x118 c:/st/stm32cubeide_1.2.0/stm32cubeide/plugins/com.st.stm32cube.ide.mcu.externaltools.gnu-tools-for-stm32.7-2018-q2-update.win32_1.0.0.201904181610/tools/bin/../lib/gcc/arm-none-eabi/7.3.1/../../../../arm-none-eabi/lib/thumb/v7e-m/fpv4-sp/hard\libc_nano.a(lib_a-dtoa.o)
 .text._dtoa_r  0x000000000800dce0      0xb70 c:/st/stm32cubeide_1.2.0/stm32cubeide/plugins/com.st.stm32cube.ide.mcu.externaltools.gnu-tools-for-stm32.7-2018-q2-update.win32_1.0.0.201904181610/tools/bin/../lib/gcc/arm-none-eabi/7.3.1/../../../../arm-none-eabi/lib/thumb/v7e-m/fpv4-sp/hard\libc_nano.a(lib_a-dtoa.o)
                0x000000000800dce0                _dtoa_r
 .text.__sflush_r
                0x000000000800e850      0x10c c:/st/stm32cubeide_1.2.0/stm32cubeide/plugins/com.st.stm32cube.ide.mcu.externaltools.gnu-tools-for-stm32.7-2018-q2-update.win32_1.0.0.201904181610/tools/bin/../lib/gcc/arm-none-eabi/7.3.1/../../../../arm-none-eabi/lib/thumb/v7e-m/fpv4-sp/hard\libc_nano.a(lib_a-fflush.o)
                0x000000000800e850                __sflush_r
 .text._fflush_r
                0x000000000800e95c       0x54 c:/st/stm32cubeide_1.2.0/stm32cubeide/plugins/com.st.stm32cube.ide.mcu.externaltools.gnu-tools-for-stm32.7-2018-q2-update.win32_1.0.0.201904181610/tools/bin/../lib/gcc/arm-none-eabi/7.3.1/../../../../arm-none-eabi/lib/thumb/v7e-m/fpv4-sp/hard\libc_nano.a(lib_a-fflush.o)
                0x000000000800e95c                _fflush_r
 .text.std      0x000000000800e9b0       0x48 c:/st/stm32cubeide_1.2.0/stm32cubeide/plugins/com.st.stm32cube.ide.mcu.externaltools.gnu-tools-for-stm32.7-2018-q2-update.win32_1.0.0.201904181610/tools/bin/../lib/gcc/arm-none-eabi/7.3.1/../../../../arm-none-eabi/lib/thumb/v7e-m/fpv4-sp/hard\libc_nano.a(lib_a-findfp.o)
 .text._cleanup_r
                0x000000000800e9f8        0xc c:/st/stm32cubeide_1.2.0/stm32cubeide/plugins/com.st.stm32cube.ide.mcu.externaltools.gnu-tools-for-stm32.7-2018-q2-update.win32_1.0.0.201904181610/tools/bin/../lib/gcc/arm-none-eabi/7.3.1/../../../../arm-none-eabi/lib/thumb/v7e-m/fpv4-sp/hard\libc_nano.a(lib_a-findfp.o)
                0x000000000800e9f8                _cleanup_r
 .text.__sfmoreglue
                0x000000000800ea04       0x2c c:/st/stm32cubeide_1.2.0/stm32cubeide/plugins/com.st.stm32cube.ide.mcu.externaltools.gnu-tools-for-stm32.7-2018-q2-update.win32_1.0.0.201904181610/tools/bin/../lib/gcc/arm-none-eabi/7.3.1/../../../../arm-none-eabi/lib/thumb/v7e-m/fpv4-sp/hard\libc_nano.a(lib_a-findfp.o)
                0x000000000800ea04                __sfmoreglue
 .text.__sinit  0x000000000800ea30       0x60 c:/st/stm32cubeide_1.2.0/stm32cubeide/plugins/com.st.stm32cube.ide.mcu.externaltools.gnu-tools-for-stm32.7-2018-q2-update.win32_1.0.0.201904181610/tools/bin/../lib/gcc/arm-none-eabi/7.3.1/../../../../arm-none-eabi/lib/thumb/v7e-m/fpv4-sp/hard\libc_nano.a(lib_a-findfp.o)
                0x000000000800ea30                __sinit
 .text.__sfp    0x000000000800ea90       0x78 c:/st/stm32cubeide_1.2.0/stm32cubeide/plugins/com.st.stm32cube.ide.mcu.externaltools.gnu-tools-for-stm32.7-2018-q2-update.win32_1.0.0.201904181610/tools/bin/../lib/gcc/arm-none-eabi/7.3.1/../../../../arm-none-eabi/lib/thumb/v7e-m/fpv4-sp/hard\libc_nano.a(lib_a-findfp.o)
                0x000000000800ea90                __sfp
 .text._fwalk_reent
                0x000000000800eb08       0x3c c:/st/stm32cubeide_1.2.0/stm32cubeide/plugins/com.st.stm32cube.ide.mcu.externaltools.gnu-tools-for-stm32.7-2018-q2-update.win32_1.0.0.201904181610/tools/bin/../lib/gcc/arm-none-eabi/7.3.1/../../../../arm-none-eabi/lib/thumb/v7e-m/fpv4-sp/hard\libc_nano.a(lib_a-fwalk.o)
                0x000000000800eb08                _fwalk_reent
 .text._findenv_r
                0x000000000800eb44       0x78 c:/st/stm32cubeide_1.2.0/stm32cubeide/plugins/com.st.stm32cube.ide.mcu.externaltools.gnu-tools-for-stm32.7-2018-q2-update.win32_1.0.0.201904181610/tools/bin/../lib/gcc/arm-none-eabi/7.3.1/../../../../arm-none-eabi/lib/thumb/v7e-m/fpv4-sp/hard\libc_nano.a(lib_a-getenv_r.o)
                0x000000000800eb44                _findenv_r
 .text._getenv_r
                0x000000000800ebbc        0xe c:/st/stm32cubeide_1.2.0/stm32cubeide/plugins/com.st.stm32cube.ide.mcu.externaltools.gnu-tools-for-stm32.7-2018-q2-update.win32_1.0.0.201904181610/tools/bin/../lib/gcc/arm-none-eabi/7.3.1/../../../../arm-none-eabi/lib/thumb/v7e-m/fpv4-sp/hard\libc_nano.a(lib_a-getenv_r.o)
                0x000000000800ebbc                _getenv_r
 *fill*         0x000000000800ebca        0x2 
 .text.__gettzinfo
                0x000000000800ebcc        0x8 c:/st/stm32cubeide_1.2.0/stm32cubeide/plugins/com.st.stm32cube.ide.mcu.externaltools.gnu-tools-for-stm32.7-2018-q2-update.win32_1.0.0.201904181610/tools/bin/../lib/gcc/arm-none-eabi/7.3.1/../../../../arm-none-eabi/lib/thumb/v7e-m/fpv4-sp/hard\libc_nano.a(lib_a-gettzinfo.o)
                0x000000000800ebcc                __gettzinfo
 .text._localeconv_r
                0x000000000800ebd4       0x1c c:/st/stm32cubeide_1.2.0/stm32cubeide/plugins/com.st.stm32cube.ide.mcu.externaltools.gnu-tools-for-stm32.7-2018-q2-update.win32_1.0.0.201904181610/tools/bin/../lib/gcc/arm-none-eabi/7.3.1/../../../../arm-none-eabi/lib/thumb/v7e-m/fpv4-sp/hard\libc_nano.a(lib_a-localeconv.o)
                0x000000000800ebd4                _localeconv_r
 .text.__swhatbuf_r
                0x000000000800ebf0       0x48 c:/st/stm32cubeide_1.2.0/stm32cubeide/plugins/com.st.stm32cube.ide.mcu.externaltools.gnu-tools-for-stm32.7-2018-q2-update.win32_1.0.0.201904181610/tools/bin/../lib/gcc/arm-none-eabi/7.3.1/../../../../arm-none-eabi/lib/thumb/v7e-m/fpv4-sp/hard\libc_nano.a(lib_a-makebuf.o)
                0x000000000800ebf0                __swhatbuf_r
 .text.__smakebuf_r
                0x000000000800ec38       0x80 c:/st/stm32cubeide_1.2.0/stm32cubeide/plugins/com.st.stm32cube.ide.mcu.externaltools.gnu-tools-for-stm32.7-2018-q2-update.win32_1.0.0.201904181610/tools/bin/../lib/gcc/arm-none-eabi/7.3.1/../../../../arm-none-eabi/lib/thumb/v7e-m/fpv4-sp/hard\libc_nano.a(lib_a-makebuf.o)
                0x000000000800ec38                __smakebuf_r
 .text.memcpy   0x000000000800ecb8       0x16 c:/st/stm32cubeide_1.2.0/stm32cubeide/plugins/com.st.stm32cube.ide.mcu.externaltools.gnu-tools-for-stm32.7-2018-q2-update.win32_1.0.0.201904181610/tools/bin/../lib/gcc/arm-none-eabi/7.3.1/../../../../arm-none-eabi/lib/thumb/v7e-m/fpv4-sp/hard\libc_nano.a(lib_a-memcpy-stub.o)
                0x000000000800ecb8                memcpy
 .text.__malloc_lock
                0x000000000800ecce        0x2 c:/st/stm32cubeide_1.2.0/stm32cubeide/plugins/com.st.stm32cube.ide.mcu.externaltools.gnu-tools-for-stm32.7-2018-q2-update.win32_1.0.0.201904181610/tools/bin/../lib/gcc/arm-none-eabi/7.3.1/../../../../arm-none-eabi/lib/thumb/v7e-m/fpv4-sp/hard\libc_nano.a(lib_a-mlock.o)
                0x000000000800ecce                __malloc_lock
 .text.__malloc_unlock
                0x000000000800ecd0        0x2 c:/st/stm32cubeide_1.2.0/stm32cubeide/plugins/com.st.stm32cube.ide.mcu.externaltools.gnu-tools-for-stm32.7-2018-q2-update.win32_1.0.0.201904181610/tools/bin/../lib/gcc/arm-none-eabi/7.3.1/../../../../arm-none-eabi/lib/thumb/v7e-m/fpv4-sp/hard\libc_nano.a(lib_a-mlock.o)
                0x000000000800ecd0                __malloc_unlock
 .text._Balloc  0x000000000800ecd2       0x68 c:/st/stm32cubeide_1.2.0/stm32cubeide/plugins/com.st.stm32cube.ide.mcu.externaltools.gnu-tools-for-stm32.7-2018-q2-update.win32_1.0.0.201904181610/tools/bin/../lib/gcc/arm-none-eabi/7.3.1/../../../../arm-none-eabi/lib/thumb/v7e-m/fpv4-sp/hard\libc_nano.a(lib_a-mprec.o)
                0x000000000800ecd2                _Balloc
 .text._Bfree   0x000000000800ed3a       0x2e c:/st/stm32cubeide_1.2.0/stm32cubeide/plugins/com.st.stm32cube.ide.mcu.externaltools.gnu-tools-for-stm32.7-2018-q2-update.win32_1.0.0.201904181610/tools/bin/../lib/gcc/arm-none-eabi/7.3.1/../../../../arm-none-eabi/lib/thumb/v7e-m/fpv4-sp/hard\libc_nano.a(lib_a-mprec.o)
                0x000000000800ed3a                _Bfree
 .text.__multadd
                0x000000000800ed68       0x76 c:/st/stm32cubeide_1.2.0/stm32cubeide/plugins/com.st.stm32cube.ide.mcu.externaltools.gnu-tools-for-stm32.7-2018-q2-update.win32_1.0.0.201904181610/tools/bin/../lib/gcc/arm-none-eabi/7.3.1/../../../../arm-none-eabi/lib/thumb/v7e-m/fpv4-sp/hard\libc_nano.a(lib_a-mprec.o)
                0x000000000800ed68                __multadd
 .text.__hi0bits
                0x000000000800edde       0x3e c:/st/stm32cubeide_1.2.0/stm32cubeide/plugins/com.st.stm32cube.ide.mcu.externaltools.gnu-tools-for-stm32.7-2018-q2-update.win32_1.0.0.201904181610/tools/bin/../lib/gcc/arm-none-eabi/7.3.1/../../../../arm-none-eabi/lib/thumb/v7e-m/fpv4-sp/hard\libc_nano.a(lib_a-mprec.o)
                0x000000000800edde                __hi0bits
 .text.__lo0bits
                0x000000000800ee1c       0x5e c:/st/stm32cubeide_1.2.0/stm32cubeide/plugins/com.st.stm32cube.ide.mcu.externaltools.gnu-tools-for-stm32.7-2018-q2-update.win32_1.0.0.201904181610/tools/bin/../lib/gcc/arm-none-eabi/7.3.1/../../../../arm-none-eabi/lib/thumb/v7e-m/fpv4-sp/hard\libc_nano.a(lib_a-mprec.o)
                0x000000000800ee1c                __lo0bits
 .text.__i2b    0x000000000800ee7a       0x12 c:/st/stm32cubeide_1.2.0/stm32cubeide/plugins/com.st.stm32cube.ide.mcu.externaltools.gnu-tools-for-stm32.7-2018-q2-update.win32_1.0.0.201904181610/tools/bin/../lib/gcc/arm-none-eabi/7.3.1/../../../../arm-none-eabi/lib/thumb/v7e-m/fpv4-sp/hard\libc_nano.a(lib_a-mprec.o)
                0x000000000800ee7a                __i2b
 .text.__multiply
                0x000000000800ee8c      0x12c c:/st/stm32cubeide_1.2.0/stm32cubeide/plugins/com.st.stm32cube.ide.mcu.externaltools.gnu-tools-for-stm32.7-2018-q2-update.win32_1.0.0.201904181610/tools/bin/../lib/gcc/arm-none-eabi/7.3.1/../../../../arm-none-eabi/lib/thumb/v7e-m/fpv4-sp/hard\libc_nano.a(lib_a-mprec.o)
                0x000000000800ee8c                __multiply
 .text.__pow5mult
                0x000000000800efb8       0x9c c:/st/stm32cubeide_1.2.0/stm32cubeide/plugins/com.st.stm32cube.ide.mcu.externaltools.gnu-tools-for-stm32.7-2018-q2-update.win32_1.0.0.201904181610/tools/bin/../lib/gcc/arm-none-eabi/7.3.1/../../../../arm-none-eabi/lib/thumb/v7e-m/fpv4-sp/hard\libc_nano.a(lib_a-mprec.o)
                0x000000000800efb8                __pow5mult
 .text.__lshift
                0x000000000800f054       0xa8 c:/st/stm32cubeide_1.2.0/stm32cubeide/plugins/com.st.stm32cube.ide.mcu.externaltools.gnu-tools-for-stm32.7-2018-q2-update.win32_1.0.0.201904181610/tools/bin/../lib/gcc/arm-none-eabi/7.3.1/../../../../arm-none-eabi/lib/thumb/v7e-m/fpv4-sp/hard\libc_nano.a(lib_a-mprec.o)
                0x000000000800f054                __lshift
 .text.__mcmp   0x000000000800f0fc       0x34 c:/st/stm32cubeide_1.2.0/stm32cubeide/plugins/com.st.stm32cube.ide.mcu.externaltools.gnu-tools-for-stm32.7-2018-q2-update.win32_1.0.0.201904181610/tools/bin/../lib/gcc/arm-none-eabi/7.3.1/../../../../arm-none-eabi/lib/thumb/v7e-m/fpv4-sp/hard\libc_nano.a(lib_a-mprec.o)
                0x000000000800f0fc                __mcmp
 .text.__mdiff  0x000000000800f130       0xba c:/st/stm32cubeide_1.2.0/stm32cubeide/plugins/com.st.stm32cube.ide.mcu.externaltools.gnu-tools-for-stm32.7-2018-q2-update.win32_1.0.0.201904181610/tools/bin/../lib/gcc/arm-none-eabi/7.3.1/../../../../arm-none-eabi/lib/thumb/v7e-m/fpv4-sp/hard\libc_nano.a(lib_a-mprec.o)
                0x000000000800f130                __mdiff
 .text.__d2b    0x000000000800f1ea       0x9e c:/st/stm32cubeide_1.2.0/stm32cubeide/plugins/com.st.stm32cube.ide.mcu.externaltools.gnu-tools-for-stm32.7-2018-q2-update.win32_1.0.0.201904181610/tools/bin/../lib/gcc/arm-none-eabi/7.3.1/../../../../arm-none-eabi/lib/thumb/v7e-m/fpv4-sp/hard\libc_nano.a(lib_a-mprec.o)
                0x000000000800f1ea                __d2b
 .text._calloc_r
                0x000000000800f288       0x1c c:/st/stm32cubeide_1.2.0/stm32cubeide/plugins/com.st.stm32cube.ide.mcu.externaltools.gnu-tools-for-stm32.7-2018-q2-update.win32_1.0.0.201904181610/tools/bin/../lib/gcc/arm-none-eabi/7.3.1/../../../../arm-none-eabi/lib/thumb/v7e-m/fpv4-sp/hard\libc_nano.a(lib_a-nano-callocr.o)
                0x000000000800f288                _calloc_r
 .text.__ssputs_r
                0x000000000800f2a4       0xb4 c:/st/stm32cubeide_1.2.0/stm32cubeide/plugins/com.st.stm32cube.ide.mcu.externaltools.gnu-tools-for-stm32.7-2018-q2-update.win32_1.0.0.201904181610/tools/bin/../lib/gcc/arm-none-eabi/7.3.1/../../../../arm-none-eabi/lib/thumb/v7e-m/fpv4-sp/hard\libc_nano.a(lib_a-nano-svfprintf.o)
                0x000000000800f2a4                __ssputs_r
 .text._svfprintf_r
                0x000000000800f358      0x1f0 c:/st/stm32cubeide_1.2.0/stm32cubeide/plugins/com.st.stm32cube.ide.mcu.externaltools.gnu-tools-for-stm32.7-2018-q2-update.win32_1.0.0.201904181610/tools/bin/../lib/gcc/arm-none-eabi/7.3.1/../../../../arm-none-eabi/lib/thumb/v7e-m/fpv4-sp/hard\libc_nano.a(lib_a-nano-svfprintf.o)
                0x000000000800f358                _svfiprintf_r
                0x000000000800f358                _svfprintf_r
 .text.__sfputc_r
                0x000000000800f548       0x2e c:/st/stm32cubeide_1.2.0/stm32cubeide/plugins/com.st.stm32cube.ide.mcu.externaltools.gnu-tools-for-stm32.7-2018-q2-update.win32_1.0.0.201904181610/tools/bin/../lib/gcc/arm-none-eabi/7.3.1/../../../../arm-none-eabi/lib/thumb/v7e-m/fpv4-sp/hard\libc_nano.a(lib_a-nano-vfprintf.o)
 .text.__sfputs_r
                0x000000000800f576       0x24 c:/st/stm32cubeide_1.2.0/stm32cubeide/plugins/com.st.stm32cube.ide.mcu.externaltools.gnu-tools-for-stm32.7-2018-q2-update.win32_1.0.0.201904181610/tools/bin/../lib/gcc/arm-none-eabi/7.3.1/../../../../arm-none-eabi/lib/thumb/v7e-m/fpv4-sp/hard\libc_nano.a(lib_a-nano-vfprintf.o)
                0x000000000800f576                __sfputs_r
 *fill*         0x000000000800f59a        0x2 
 .text._vfprintf_r
                0x000000000800f59c      0x22c c:/st/stm32cubeide_1.2.0/stm32cubeide/plugins/com.st.stm32cube.ide.mcu.externaltools.gnu-tools-for-stm32.7-2018-q2-update.win32_1.0.0.201904181610/tools/bin/../lib/gcc/arm-none-eabi/7.3.1/../../../../arm-none-eabi/lib/thumb/v7e-m/fpv4-sp/hard\libc_nano.a(lib_a-nano-vfprintf.o)
                0x000000000800f59c                _vfprintf_r
                0x000000000800f59c                _vfiprintf_r
 .text.sscanf   0x000000000800f7c8       0x54 c:/st/stm32cubeide_1.2.0/stm32cubeide/plugins/com.st.stm32cube.ide.mcu.externaltools.gnu-tools-for-stm32.7-2018-q2-update.win32_1.0.0.201904181610/tools/bin/../lib/gcc/arm-none-eabi/7.3.1/../../../../arm-none-eabi/lib/thumb/v7e-m/fpv4-sp/hard\libc_nano.a(lib_a-sscanf.o)
                0x000000000800f7c8                siscanf
                0x000000000800f7c8                sscanf
 .text.__sread  0x000000000800f81c       0x22 c:/st/stm32cubeide_1.2.0/stm32cubeide/plugins/com.st.stm32cube.ide.mcu.externaltools.gnu-tools-for-stm32.7-2018-q2-update.win32_1.0.0.201904181610/tools/bin/../lib/gcc/arm-none-eabi/7.3.1/../../../../arm-none-eabi/lib/thumb/v7e-m/fpv4-sp/hard\libc_nano.a(lib_a-stdio.o)
                0x000000000800f81c                __sread
 .text.__seofread
                0x000000000800f83e        0x4 c:/st/stm32cubeide_1.2.0/stm32cubeide/plugins/com.st.stm32cube.ide.mcu.externaltools.gnu-tools-for-stm32.7-2018-q2-update.win32_1.0.0.201904181610/tools/bin/../lib/gcc/arm-none-eabi/7.3.1/../../../../arm-none-eabi/lib/thumb/v7e-m/fpv4-sp/hard\libc_nano.a(lib_a-stdio.o)
                0x000000000800f83e                __seofread
 .text.__swrite
                0x000000000800f842       0x38 c:/st/stm32cubeide_1.2.0/stm32cubeide/plugins/com.st.stm32cube.ide.mcu.externaltools.gnu-tools-for-stm32.7-2018-q2-update.win32_1.0.0.201904181610/tools/bin/../lib/gcc/arm-none-eabi/7.3.1/../../../../arm-none-eabi/lib/thumb/v7e-m/fpv4-sp/hard\libc_nano.a(lib_a-stdio.o)
                0x000000000800f842                __swrite
 .text.__sseek  0x000000000800f87a       0x24 c:/st/stm32cubeide_1.2.0/stm32cubeide/plugins/com.st.stm32cube.ide.mcu.externaltools.gnu-tools-for-stm32.7-2018-q2-update.win32_1.0.0.201904181610/tools/bin/../lib/gcc/arm-none-eabi/7.3.1/../../../../arm-none-eabi/lib/thumb/v7e-m/fpv4-sp/hard\libc_nano.a(lib_a-stdio.o)
                0x000000000800f87a                __sseek
 .text.__sclose
                0x000000000800f89e        0x8 c:/st/stm32cubeide_1.2.0/stm32cubeide/plugins/com.st.stm32cube.ide.mcu.externaltools.gnu-tools-for-stm32.7-2018-q2-update.win32_1.0.0.201904181610/tools/bin/../lib/gcc/arm-none-eabi/7.3.1/../../../../arm-none-eabi/lib/thumb/v7e-m/fpv4-sp/hard\libc_nano.a(lib_a-stdio.o)
                0x000000000800f89e                __sclose
 .text.strncmp  0x000000000800f8a6       0x24 c:/st/stm32cubeide_1.2.0/stm32cubeide/plugins/com.st.stm32cube.ide.mcu.externaltools.gnu-tools-for-stm32.7-2018-q2-update.win32_1.0.0.201904181610/tools/bin/../lib/gcc/arm-none-eabi/7.3.1/../../../../arm-none-eabi/lib/thumb/v7e-m/fpv4-sp/hard\libc_nano.a(lib_a-strncmp.o)
                0x000000000800f8a6                strncmp
 .text._strtoul_l.isra.0
                0x000000000800f8ca       0xf4 c:/st/stm32cubeide_1.2.0/stm32cubeide/plugins/com.st.stm32cube.ide.mcu.externaltools.gnu-tools-for-stm32.7-2018-q2-update.win32_1.0.0.201904181610/tools/bin/../lib/gcc/arm-none-eabi/7.3.1/../../../../arm-none-eabi/lib/thumb/v7e-m/fpv4-sp/hard\libc_nano.a(lib_a-strtoul.o)
 *fill*         0x000000000800f9be        0x2 
 .text._strtoul_r
                0x000000000800f9c0       0x24 c:/st/stm32cubeide_1.2.0/stm32cubeide/plugins/com.st.stm32cube.ide.mcu.externaltools.gnu-tools-for-stm32.7-2018-q2-update.win32_1.0.0.201904181610/tools/bin/../lib/gcc/arm-none-eabi/7.3.1/../../../../arm-none-eabi/lib/thumb/v7e-m/fpv4-sp/hard\libc_nano.a(lib_a-strtoul.o)
                0x000000000800f9c0                _strtoul_r
 .text.strtoul  0x000000000800f9e4       0x2c c:/st/stm32cubeide_1.2.0/stm32cubeide/plugins/com.st.stm32cube.ide.mcu.externaltools.gnu-tools-for-stm32.7-2018-q2-update.win32_1.0.0.201904181610/tools/bin/../lib/gcc/arm-none-eabi/7.3.1/../../../../arm-none-eabi/lib/thumb/v7e-m/fpv4-sp/hard\libc_nano.a(lib_a-strtoul.o)
                0x000000000800f9e4                strtoul
 .text._write_r
                0x000000000800fa10       0x24 c:/st/stm32cubeide_1.2.0/stm32cubeide/plugins/com.st.stm32cube.ide.mcu.externaltools.gnu-tools-for-stm32.7-2018-q2-update.win32_1.0.0.201904181610/tools/bin/../lib/gcc/arm-none-eabi/7.3.1/../../../../arm-none-eabi/lib/thumb/v7e-m/fpv4-sp/hard\libc_nano.a(lib_a-writer.o)
                0x000000000800fa10                _write_r
 .text._close_r
                0x000000000800fa34       0x20 c:/st/stm32cubeide_1.2.0/stm32cubeide/plugins/com.st.stm32cube.ide.mcu.externaltools.gnu-tools-for-stm32.7-2018-q2-update.win32_1.0.0.201904181610/tools/bin/../lib/gcc/arm-none-eabi/7.3.1/../../../../arm-none-eabi/lib/thumb/v7e-m/fpv4-sp/hard\libc_nano.a(lib_a-closer.o)
                0x000000000800fa34                _close_r
 .text.__env_lock
                0x000000000800fa54        0x2 c:/st/stm32cubeide_1.2.0/stm32cubeide/plugins/com.st.stm32cube.ide.mcu.externaltools.gnu-tools-for-stm32.7-2018-q2-update.win32_1.0.0.201904181610/tools/bin/../lib/gcc/arm-none-eabi/7.3.1/../../../../arm-none-eabi/lib/thumb/v7e-m/fpv4-sp/hard\libc_nano.a(lib_a-envlock.o)
                0x000000000800fa54                __env_lock
 .text.__env_unlock
                0x000000000800fa56        0x2 c:/st/stm32cubeide_1.2.0/stm32cubeide/plugins/com.st.stm32cube.ide.mcu.externaltools.gnu-tools-for-stm32.7-2018-q2-update.win32_1.0.0.201904181610/tools/bin/../lib/gcc/arm-none-eabi/7.3.1/../../../../arm-none-eabi/lib/thumb/v7e-m/fpv4-sp/hard\libc_nano.a(lib_a-envlock.o)
                0x000000000800fa56                __env_unlock
 .text._fstat_r
                0x000000000800fa58       0x24 c:/st/stm32cubeide_1.2.0/stm32cubeide/plugins/com.st.stm32cube.ide.mcu.externaltools.gnu-tools-for-stm32.7-2018-q2-update.win32_1.0.0.201904181610/tools/bin/../lib/gcc/arm-none-eabi/7.3.1/../../../../arm-none-eabi/lib/thumb/v7e-m/fpv4-sp/hard\libc_nano.a(lib_a-fstatr.o)
                0x000000000800fa58                _fstat_r
 .text._isatty_r
                0x000000000800fa7c       0x20 c:/st/stm32cubeide_1.2.0/stm32cubeide/plugins/com.st.stm32cube.ide.mcu.externaltools.gnu-tools-for-stm32.7-2018-q2-update.win32_1.0.0.201904181610/tools/bin/../lib/gcc/arm-none-eabi/7.3.1/../../../../arm-none-eabi/lib/thumb/v7e-m/fpv4-sp/hard\libc_nano.a(lib_a-isattyr.o)
                0x000000000800fa7c                _isatty_r
 .text.__locale_ctype_ptr_l